../Drivers/CMSIS/Include/core_cm0plus.h:741:22:__NVIC_EnableIRQ	16	static
../Libs/ST7789/st7789v3.c:18:6:Init_BLK_PWM	8	static
../Libs/ST7789/st7789v3.c:50:6:EnableTransmit	16	static
../Libs/ST7789/st7789v3.c:68:6:WriteCmd	16	static
../Libs/ST7789/st7789v3.c:81:6:WriteParameters	16	static
../Libs/ST7789/st7789v3.c:118:6:InitDMA	8	static
../Libs/ST7789/st7789v3.c:158:6:InitST7789V3	32	static
../Libs/ST7789/st7789v3.c:227:6:SetPixel	40	static
../Libs/ST7789/st7789v3.c:271:6:FillScreen	40	static
../Libs/ST7789/st7789v3.c:312:6:SetBrighteness	32	static
../Libs/ST7789/st7789v3.c:327:6:DrawPicture	48	static
../Libs/ST7789/st7789v3.c:364:6:ST7789_SetScrollArea	32	static
../Libs/ST7789/st7789v3.c:375:6:ST7789_SetScrollAddress	24	static
../Libs/ST7789/st7789v3.c:383:6:DrawChar	56	static
../Libs/ST7789/st7789v3.c:402:6:DrawString	40	static
../Libs/ST7789/st7789v3.c:417:6:ST7789_Sleep_In	8	static
../Libs/ST7789/st7789v3.c:426:6:ST7789_Sleep_Out	8	static
../Libs/ST7789/st7789v3.c:435:6:DataAccessControl	16	static
../Libs/ST7789/st7789v3.c:442:6:DMA1_Channel2_3_IRQHandler	8	static
