../Drivers/CMSIS/Include/core_cm0plus.h:741:22:__NVIC_EnableIRQ	16	static
../Libs/ST7789/st7789v3.c:13:6:EnableTransmit	16	static
../Libs/ST7789/st7789v3.c:31:6:WriteCmd	16	static
../Libs/ST7789/st7789v3.c:44:6:WriteParameters	16	static
../Libs/ST7789/st7789v3.c:81:6:InitDMA	8	static
../Libs/ST7789/st7789v3.c:121:6:InitST7789V3	16	static
../Libs/ST7789/st7789v3.c:175:6:SetPixel	48	static
../Libs/ST7789/st7789v3.c:218:6:FillScreen	40	static
../Libs/ST7789/st7789v3.c:263:6:SetBrighteness	32	static
../Libs/ST7789/st7789v3.c:278:6:DrawPicture	48	static
../Libs/ST7789/st7789v3.c:315:6:ST7789_SetScrollArea	32	static
../Libs/ST7789/st7789v3.c:326:6:ST7789_SetScrollAddress	24	static
../Libs/ST7789/st7789v3.c:334:6:DrawChar	56	static
../Libs/ST7789/st7789v3.c:353:6:DrawString	40	static
../Libs/ST7789/st7789v3.c:368:6:DataAccessControl	16	static
../Libs/ST7789/st7789v3.c:375:6:DMA1_Channel2_3_IRQHandler	8	static
