../Drivers/CMSIS/Include/core_cm0plus.h:741:22:__NVIC_EnableIRQ	16	static
../Libs/ST7789/st7789v3.c:20:6:Init_BLK_PWM	8	static
../Libs/ST7789/st7789v3.c:52:6:EnableTransmit	16	static
../Libs/ST7789/st7789v3.c:70:6:WriteCmd	16	static
../Libs/ST7789/st7789v3.c:83:6:WriteParameters	16	static
../Libs/ST7789/st7789v3.c:120:6:InitDMA	8	static
../Libs/ST7789/st7789v3.c:160:6:InitST7789V3	32	static
../Libs/ST7789/st7789v3.c:229:6:SetPixel	40	static
../Libs/ST7789/st7789v3.c:273:6:FillScreen	40	static
../Libs/ST7789/st7789v3.c:350:6:ST7789_FillRectangle	48	static
../Libs/ST7789/st7789v3.c:361:6:SetBrighteness	32	static
../Libs/ST7789/st7789v3.c:376:6:DrawPicture	48	static
../Libs/ST7789/st7789v3.c:413:6:ST7789_SetScrollArea	32	static
../Libs/ST7789/st7789v3.c:424:6:ST7789_SetScrollAddress	24	static
../Libs/ST7789/st7789v3.c:432:6:ST7789_DrawChar	56	static
../Libs/ST7789/st7789v3.c:451:6:ST7789_DrawString	40	static
../Libs/ST7789/st7789v3.c:467:6:ST7789_Sleep_In	8	static
../Libs/ST7789/st7789v3.c:476:6:ST7789_Sleep_Out	8	static
../Libs/ST7789/st7789v3.c:485:6:DataAccessControl	16	static
../Libs/ST7789/st7789v3.c:492:6:DMA1_Channel2_3_IRQHandler	8	static
