../Drivers/CMSIS/Include/core_cm0plus.h:741:22:__NVIC_EnableIRQ	16	static
../Libs/ST7789/st7789v3.c:18:6:Init_BLK_PWM	8	static
../Libs/ST7789/st7789v3.c:47:6:EnableTransmit	16	static
../Libs/ST7789/st7789v3.c:65:6:WriteCmd	16	static
../Libs/ST7789/st7789v3.c:78:6:WriteParameters	16	static
../Libs/ST7789/st7789v3.c:115:6:InitDMA	8	static
../Libs/ST7789/st7789v3.c:155:6:InitST7789V3	32	static
../Libs/ST7789/st7789v3.c:224:6:SetPixel	40	static
../Libs/ST7789/st7789v3.c:268:6:FillScreen	40	static
../Libs/ST7789/st7789v3.c:309:6:SetBrighteness	32	static
../Libs/ST7789/st7789v3.c:324:6:DrawPicture	48	static
../Libs/ST7789/st7789v3.c:361:6:ST7789_SetScrollArea	32	static
../Libs/ST7789/st7789v3.c:372:6:ST7789_SetScrollAddress	24	static
../Libs/ST7789/st7789v3.c:380:6:DrawChar	56	static
../Libs/ST7789/st7789v3.c:399:6:DrawString	40	static
../Libs/ST7789/st7789v3.c:414:6:DataAccessControl	16	static
../Libs/ST7789/st7789v3.c:421:6:DMA1_Channel2_3_IRQHandler	8	static
