../Drivers/CMSIS/Include/core_cm0plus.h:741:22:__NVIC_EnableIRQ	16	static
../Libs/ST7789/st7789v3.c:17:6:EnableTransmit	16	static
../Libs/ST7789/st7789v3.c:35:6:WriteCmd	16	static
../Libs/ST7789/st7789v3.c:48:6:WriteParameters	16	static
../Libs/ST7789/st7789v3.c:85:6:InitDMA	8	static
../Libs/ST7789/st7789v3.c:125:6:InitST7789V3	32	static
../Libs/ST7789/st7789v3.c:192:6:SetPixel	40	static
../Libs/ST7789/st7789v3.c:236:6:FillScreen	40	static
../Libs/ST7789/st7789v3.c:277:6:SetBrighteness	32	static
../Libs/ST7789/st7789v3.c:292:6:DrawPicture	48	static
../Libs/ST7789/st7789v3.c:329:6:ST7789_SetScrollArea	32	static
../Libs/ST7789/st7789v3.c:340:6:ST7789_SetScrollAddress	24	static
../Libs/ST7789/st7789v3.c:348:6:DrawChar	56	static
../Libs/ST7789/st7789v3.c:367:6:DrawString	40	static
../Libs/ST7789/st7789v3.c:382:6:DataAccessControl	16	static
../Libs/ST7789/st7789v3.c:389:6:DMA1_Channel2_3_IRQHandler	8	static
