../Drivers/CMSIS/Include/core_cm0plus.h:741:22:__NVIC_EnableIRQ	16	static
../Libs/ST7789/st7789v3.c:14:6:EnableTransmit	16	static
../Libs/ST7789/st7789v3.c:32:6:WriteCmd	16	static
../Libs/ST7789/st7789v3.c:45:6:WriteParameters	16	static
../Libs/ST7789/st7789v3.c:82:6:InitDMA	8	static
../Libs/ST7789/st7789v3.c:122:6:InitST7789V3	16	static
../Libs/ST7789/st7789v3.c:176:6:SetPixel	48	static
../Libs/ST7789/st7789v3.c:219:6:FillScreen	40	static
../Libs/ST7789/st7789v3.c:264:6:SetBrighteness	32	static
../Libs/ST7789/st7789v3.c:279:6:DrawPicture	48	static
../Libs/ST7789/st7789v3.c:316:6:ST7789_SetScrollArea	32	static
../Libs/ST7789/st7789v3.c:327:6:ST7789_SetScrollAddress	24	static
../Libs/ST7789/st7789v3.c:335:6:DrawChar	56	static
../Libs/ST7789/st7789v3.c:354:6:DrawString	40	static
../Libs/ST7789/st7789v3.c:369:6:DataAccessControl	16	static
../Libs/ST7789/st7789v3.c:376:6:DMA1_Channel2_3_IRQHandler	8	static
