../Drivers/CMSIS/Include/core_cm0plus.h:741:22:__NVIC_EnableIRQ	16	static
../Libs/ST7789/st7789v3.c:14:6:EnableTransmit	16	static
../Libs/ST7789/st7789v3.c:25:6:WriteCmd	16	static
../Libs/ST7789/st7789v3.c:38:6:WriteParameters	16	static
../Libs/ST7789/st7789v3.c:64:6:InitDMA	8	static
../Libs/ST7789/st7789v3.c:104:6:InitST7789V3	16	static
../Libs/ST7789/st7789v3.c:158:6:SetPixel	48	static
../Libs/ST7789/st7789v3.c:201:6:FillScreen	40	static
../Libs/ST7789/st7789v3.c:246:6:SetBrighteness	32	static
../Libs/ST7789/st7789v3.c:261:6:DrawPicture	48	static
../Libs/ST7789/st7789v3.c:298:6:ST7789_SetScrollArea	32	static
../Libs/ST7789/st7789v3.c:309:6:ST7789_SetScrollAddress	24	static
../Libs/ST7789/st7789v3.c:317:6:DrawChar	56	static
../Libs/ST7789/st7789v3.c:336:6:DrawString	40	static
../Libs/ST7789/st7789v3.c:351:6:DataAccessControl	16	static
