../Drivers/CMSIS/Include/core_cm0plus.h:741:22:__NVIC_EnableIRQ	16	static
../Libs/ST7789/st7789v3.c:22:6:Init_BLK_PWM	8	static
../Libs/ST7789/st7789v3.c:54:6:EnableTransmit	16	static
../Libs/ST7789/st7789v3.c:72:6:WriteCmd	16	static
../Libs/ST7789/st7789v3.c:85:6:WriteParameters	16	static
../Libs/ST7789/st7789v3.c:115:6:InitDMA	8	static
../Libs/ST7789/st7789v3.c:155:6:InitST7789V3	32	static
../Libs/ST7789/st7789v3.c:224:6:SetPixel	40	static
../Libs/ST7789/st7789v3.c:268:6:FillScreen	40	static
../Libs/ST7789/st7789v3.c:346:6:ST7789_FillRectangle	48	static
../Libs/ST7789/st7789v3.c:357:6:SetBrighteness	32	static
../Libs/ST7789/st7789v3.c:372:6:DrawPicture	48	static
../Libs/ST7789/st7789v3.c:409:6:ST7789_SetScrollArea	32	static
../Libs/ST7789/st7789v3.c:420:6:ST7789_SetScrollAddress	24	static
../Libs/ST7789/st7789v3.c:427:6:ST7789_DrawChar	56	static
../Libs/ST7789/st7789v3.c:486:6:DrawChar	56	static
../Libs/ST7789/st7789v3.c:505:6:ST7789_DrawString	40	static
../Libs/ST7789/st7789v3.c:522:6:ST7789_Sleep_In	8	static
../Libs/ST7789/st7789v3.c:531:6:ST7789_Sleep_Out	8	static
../Libs/ST7789/st7789v3.c:540:6:DataAccessControl	16	static
../Libs/ST7789/st7789v3.c:547:6:DMA1_Channel2_3_IRQHandler	8	static
