../Drivers/CMSIS/Include/core_cm0plus.h:741:22:__NVIC_EnableIRQ	16	static
../Libs/ST7789/st7789v3.c:17:6:Init_BLK_PWM	8	static
../Libs/ST7789/st7789v3.c:23:6:EnableTransmit	16	static
../Libs/ST7789/st7789v3.c:41:6:WriteCmd	16	static
../Libs/ST7789/st7789v3.c:54:6:WriteParameters	16	static
../Libs/ST7789/st7789v3.c:91:6:InitDMA	8	static
../Libs/ST7789/st7789v3.c:131:6:InitST7789V3	32	static
../Libs/ST7789/st7789v3.c:198:6:SetPixel	40	static
../Libs/ST7789/st7789v3.c:242:6:FillScreen	40	static
../Libs/ST7789/st7789v3.c:283:6:SetBrighteness	32	static
../Libs/ST7789/st7789v3.c:298:6:DrawPicture	48	static
../Libs/ST7789/st7789v3.c:335:6:ST7789_SetScrollArea	32	static
../Libs/ST7789/st7789v3.c:346:6:ST7789_SetScrollAddress	24	static
../Libs/ST7789/st7789v3.c:354:6:DrawChar	56	static
../Libs/ST7789/st7789v3.c:373:6:DrawString	40	static
../Libs/ST7789/st7789v3.c:388:6:DataAccessControl	16	static
../Libs/ST7789/st7789v3.c:395:6:DMA1_Channel2_3_IRQHandler	8	static
