../Drivers/STM32L0xx_HAL_Driver/Src/stm32l0xx_hal_rtc.c:255:19:HAL_RTC_Init	32	static
../Drivers/STM32L0xx_HAL_Driver/Src/stm32l0xx_hal_rtc.c:373:19:HAL_RTC_DeInit	32	static
../Drivers/STM32L0xx_HAL_Driver/Src/stm32l0xx_hal_rtc.c:669:13:HAL_RTC_MspInit	16	static
../Drivers/STM32L0xx_HAL_Driver/Src/stm32l0xx_hal_rtc.c:685:13:HAL_RTC_MspDeInit	16	static
../Drivers/STM32L0xx_HAL_Driver/Src/stm32l0xx_hal_rtc.c:726:19:HAL_RTC_SetTime	40	static
../Drivers/STM32L0xx_HAL_Driver/Src/stm32l0xx_hal_rtc.c:840:19:HAL_RTC_GetTime	32	static
../Drivers/STM32L0xx_HAL_Driver/Src/stm32l0xx_hal_rtc.c:885:19:HAL_RTC_SetDate	40	static
../Drivers/STM32L0xx_HAL_Driver/Src/stm32l0xx_hal_rtc.c:974:19:HAL_RTC_GetDate	32	static
../Drivers/STM32L0xx_HAL_Driver/Src/stm32l0xx_hal_rtc.c:1032:19:HAL_RTC_SetAlarm	48	static
../Drivers/STM32L0xx_HAL_Driver/Src/stm32l0xx_hal_rtc.c:1230:19:HAL_RTC_SetAlarm_IT	48	static
../Drivers/STM32L0xx_HAL_Driver/Src/stm32l0xx_hal_rtc.c:1425:19:HAL_RTC_DeactivateAlarm	24	static
../Drivers/STM32L0xx_HAL_Driver/Src/stm32l0xx_hal_rtc.c:1523:19:HAL_RTC_GetAlarm	32	static
../Drivers/STM32L0xx_HAL_Driver/Src/stm32l0xx_hal_rtc.c:1574:6:HAL_RTC_AlarmIRQHandler	16	static
../Drivers/STM32L0xx_HAL_Driver/Src/stm32l0xx_hal_rtc.c:1625:13:HAL_RTC_AlarmAEventCallback	16	static
../Drivers/STM32L0xx_HAL_Driver/Src/stm32l0xx_hal_rtc.c:1642:19:HAL_RTC_PollForAlarmAEvent	24	static
../Drivers/STM32L0xx_HAL_Driver/Src/stm32l0xx_hal_rtc.c:1706:19:HAL_RTC_WaitForSynchro	24	static
../Drivers/STM32L0xx_HAL_Driver/Src/stm32l0xx_hal_rtc.c:1735:6:HAL_RTC_DST_Add1Hour	16	static
../Drivers/STM32L0xx_HAL_Driver/Src/stm32l0xx_hal_rtc.c:1749:6:HAL_RTC_DST_Sub1Hour	16	static
../Drivers/STM32L0xx_HAL_Driver/Src/stm32l0xx_hal_rtc.c:1763:6:HAL_RTC_DST_SetStoreOperation	16	static
../Drivers/STM32L0xx_HAL_Driver/Src/stm32l0xx_hal_rtc.c:1776:6:HAL_RTC_DST_ClearStoreOperation	16	static
../Drivers/STM32L0xx_HAL_Driver/Src/stm32l0xx_hal_rtc.c:1788:10:HAL_RTC_DST_ReadStoreOperation	16	static
../Drivers/STM32L0xx_HAL_Driver/Src/stm32l0xx_hal_rtc.c:1817:21:HAL_RTC_GetState	16	static
../Drivers/STM32L0xx_HAL_Driver/Src/stm32l0xx_hal_rtc.c:1843:19:RTC_EnterInitMode	24	static
../Drivers/STM32L0xx_HAL_Driver/Src/stm32l0xx_hal_rtc.c:1878:19:RTC_ExitInitMode	32	static
../Drivers/STM32L0xx_HAL_Driver/Src/stm32l0xx_hal_rtc.c:1904:9:RTC_ByteToBcd2	24	static
../Drivers/STM32L0xx_HAL_Driver/Src/stm32l0xx_hal_rtc.c:1922:9:RTC_Bcd2ToByte	24	static
