../Drivers/STM32L0xx_HAL_Driver/Src/stm32l0xx_hal_pwr 2.c:79:6:HAL_PWR_DeInit	8	static
../Drivers/STM32L0xx_HAL_Driver/Src/stm32l0xx_hal_pwr 2.c:326:6:HAL_PWR_EnableBkUpAccess	8	static
../Drivers/STM32L0xx_HAL_Driver/Src/stm32l0xx_hal_pwr 2.c:339:6:HAL_PWR_DisableBkUpAccess	8	static
../Drivers/STM32L0xx_HAL_Driver/Src/stm32l0xx_hal_pwr 2.c:424:6:HAL_PWR_EnableWakeUpPin	16	static
../Drivers/STM32L0xx_HAL_Driver/Src/stm32l0xx_hal_pwr 2.c:441:6:HAL_PWR_DisableWakeUpPin	16	static
../Drivers/STM32L0xx_HAL_Driver/Src/stm32l0xx_hal_pwr 2.c:464:6:HAL_PWR_EnterSLEEPMode	32	static,ignoring_inline_asm
../Drivers/STM32L0xx_HAL_Driver/Src/stm32l0xx_hal_pwr 2.c:545:6:HAL_PWR_EnterSTOPMode	32	static,ignoring_inline_asm
../Drivers/STM32L0xx_HAL_Driver/Src/stm32l0xx_hal_pwr 2.c:614:6:HAL_PWR_EnterSTANDBYMode	8	static,ignoring_inline_asm
../Drivers/STM32L0xx_HAL_Driver/Src/stm32l0xx_hal_pwr 2.c:638:6:HAL_PWR_EnableSleepOnExit	8	static
../Drivers/STM32L0xx_HAL_Driver/Src/stm32l0xx_hal_pwr 2.c:651:6:HAL_PWR_DisableSleepOnExit	8	static
../Drivers/STM32L0xx_HAL_Driver/Src/stm32l0xx_hal_pwr 2.c:664:6:HAL_PWR_EnableSEVOnPend	8	static
../Drivers/STM32L0xx_HAL_Driver/Src/stm32l0xx_hal_pwr 2.c:677:6:HAL_PWR_DisableSEVOnPend	8	static
