16:41:35 **** Incremental Build of configuration Debug for project Bike4u ****
make -j7 all 
arm-none-eabi-gcc "../Libs/ST7789/st7789v3.c" -mcpu=cortex-m0plus -std=gnu11 -g3 -DDEBUG -DUSE_HAL_DRIVER -DSTM32L010x8 -c -I../Core/Inc -I../Drivers/STM32L0xx_HAL_Driver/Inc -I../Drivers/STM32L0xx_HAL_Driver/Inc/Legacy -I../Drivers/CMSIS/Device/ST/STM32L0xx/Include -I../Drivers/CMSIS/Include -I"/Users/admin/Desktop/My Projects/Bike4u/Programing/Bike4u/Libs" -I"/Users/admin/Desktop/My Projects/Bike4u/Programing/Bike4u/Libs/NRF24" -I"/Users/admin/Desktop/My Projects/Bike4u/Programing/Bike4u/Libs/ST7789" -I"/Users/admin/Desktop/My Projects/Bike4u/Programing/Bike4u/Libs/Bike4u_control" -O0 -ffunction-sections -fdata-sections -Wall -fstack-usage -fcyclomatic-complexity -MMD -MP -MF"Libs/ST7789/st7789v3.d" -MT"Libs/ST7789/st7789v3.o" --specs=nano.specs -mfloat-abi=soft -mthumb -o "Libs/ST7789/st7789v3.o"
arm-none-eabi-gcc -o "Bike4u.elf" @"objects.list"   -mcpu=cortex-m0plus -T"/Users/admin/Desktop/My Projects/Bike4u/Programing/Bike4u/STM32L010K8TX_FLASH.ld" --specs=nosys.specs -Wl,-Map="Bike4u.map" -Wl,--gc-sections -static --specs=nano.specs -mfloat-abi=soft -mthumb -Wl,--start-group -lc -lm -Wl,--end-group
Finished building target: Bike4u.elf
 
arm-none-eabi-size  Bike4u.elf 
arm-none-eabi-objdump -h -S Bike4u.elf  > "Bike4u.list"
   text	   data	    bss	    dec	    hex	filename
  34528	    108	   3580	  38216	   9548	Bike4u.elf
Finished building: default.size.stdout
 
Finished building: Bike4u.list
 

16:41:36 Build Finished. 0 errors, 0 warnings. (took 891ms)

