17:27:15 **** Incremental Build of configuration Debug for project Bike4u ****
make -j7 all 
arm-none-eabi-gcc "../Libs/ST7789/st7789v3.c" -mcpu=cortex-m0plus -std=gnu11 -g3 -DDEBUG -DUSE_HAL_DRIVER -DSTM32L010x8 -c -I../Core/Inc -I../Drivers/STM32L0xx_HAL_Driver/Inc -I../Drivers/STM32L0xx_HAL_Driver/Inc/Legacy -I../Drivers/CMSIS/Device/ST/STM32L0xx/Include -I../Drivers/CMSIS/Include -I"/Users/admin/Desktop/My Projects/Bike4u/Programing/Bike4u/Libs" -I"/Users/admin/Desktop/My Projects/Bike4u/Programing/Bike4u/Libs/NRF24" -I"/Users/admin/Desktop/My Projects/Bike4u/Programing/Bike4u/Libs/ST7789" -I"/Users/admin/Desktop/My Projects/Bike4u/Programing/Bike4u/Libs/Bike4u_control" -O0 -ffunction-sections -fdata-sections -Wall -fstack-usage -fcyclomatic-complexity -MMD -MP -MF"Libs/ST7789/st7789v3.d" -MT"Libs/ST7789/st7789v3.o" --specs=nano.specs -mfloat-abi=soft -mthumb -o "Libs/ST7789/st7789v3.o"
arm-none-eabi-gcc "../Libs/NRF24/NRF24.c" -mcpu=cortex-m0plus -std=gnu11 -g3 -DDEBUG -DUSE_HAL_DRIVER -DSTM32L010x8 -c -I../Core/Inc -I../Drivers/STM32L0xx_HAL_Driver/Inc -I../Drivers/STM32L0xx_HAL_Driver/Inc/Legacy -I../Drivers/CMSIS/Device/ST/STM32L0xx/Include -I../Drivers/CMSIS/Include -I"/Users/admin/Desktop/My Projects/Bike4u/Programing/Bike4u/Libs" -I"/Users/admin/Desktop/My Projects/Bike4u/Programing/Bike4u/Libs/NRF24" -I"/Users/admin/Desktop/My Projects/Bike4u/Programing/Bike4u/Libs/ST7789" -I"/Users/admin/Desktop/My Projects/Bike4u/Programing/Bike4u/Libs/Bike4u_control" -O0 -ffunction-sections -fdata-sections -Wall -fstack-usage -fcyclomatic-complexity -MMD -MP -MF"Libs/NRF24/NRF24.d" -MT"Libs/NRF24/NRF24.o" --specs=nano.specs -mfloat-abi=soft -mthumb -o "Libs/NRF24/NRF24.o"
arm-none-eabi-gcc "../Libs/Bike4u_control/control.c" -mcpu=cortex-m0plus -std=gnu11 -g3 -DDEBUG -DUSE_HAL_DRIVER -DSTM32L010x8 -c -I../Core/Inc -I../Drivers/STM32L0xx_HAL_Driver/Inc -I../Drivers/STM32L0xx_HAL_Driver/Inc/Legacy -I../Drivers/CMSIS/Device/ST/STM32L0xx/Include -I../Drivers/CMSIS/Include -I"/Users/admin/Desktop/My Projects/Bike4u/Programing/Bike4u/Libs" -I"/Users/admin/Desktop/My Projects/Bike4u/Programing/Bike4u/Libs/NRF24" -I"/Users/admin/Desktop/My Projects/Bike4u/Programing/Bike4u/Libs/ST7789" -I"/Users/admin/Desktop/My Projects/Bike4u/Programing/Bike4u/Libs/Bike4u_control" -O0 -ffunction-sections -fdata-sections -Wall -fstack-usage -fcyclomatic-complexity -MMD -MP -MF"Libs/Bike4u_control/control.d" -MT"Libs/Bike4u_control/control.o" --specs=nano.specs -mfloat-abi=soft -mthumb -o "Libs/Bike4u_control/control.o"
arm-none-eabi-gcc "../Drivers/STM32L0xx_HAL_Driver/Src/stm32l0xx_hal.c" -mcpu=cortex-m0plus -std=gnu11 -g3 -DDEBUG -DUSE_HAL_DRIVER -DSTM32L010x8 -c -I../Core/Inc -I../Drivers/STM32L0xx_HAL_Driver/Inc -I../Drivers/STM32L0xx_HAL_Driver/Inc/Legacy -I../Drivers/CMSIS/Device/ST/STM32L0xx/Include -I../Drivers/CMSIS/Include -I"/Users/admin/Desktop/My Projects/Bike4u/Programing/Bike4u/Libs" -I"/Users/admin/Desktop/My Projects/Bike4u/Programing/Bike4u/Libs/NRF24" -I"/Users/admin/Desktop/My Projects/Bike4u/Programing/Bike4u/Libs/ST7789" -I"/Users/admin/Desktop/My Projects/Bike4u/Programing/Bike4u/Libs/Bike4u_control" -O0 -ffunction-sections -fdata-sections -Wall -fstack-usage -fcyclomatic-complexity -MMD -MP -MF"Drivers/STM32L0xx_HAL_Driver/Src/stm32l0xx_hal.d" -MT"Drivers/STM32L0xx_HAL_Driver/Src/stm32l0xx_hal.o" --specs=nano.specs -mfloat-abi=soft -mthumb -o "Drivers/STM32L0xx_HAL_Driver/Src/stm32l0xx_hal.o"
arm-none-eabi-gcc "../Drivers/STM32L0xx_HAL_Driver/Src/stm32l0xx_hal_adc.c" -mcpu=cortex-m0plus -std=gnu11 -g3 -DDEBUG -DUSE_HAL_DRIVER -DSTM32L010x8 -c -I../Core/Inc -I../Drivers/STM32L0xx_HAL_Driver/Inc -I../Drivers/STM32L0xx_HAL_Driver/Inc/Legacy -I../Drivers/CMSIS/Device/ST/STM32L0xx/Include -I../Drivers/CMSIS/Include -I"/Users/admin/Desktop/My Projects/Bike4u/Programing/Bike4u/Libs" -I"/Users/admin/Desktop/My Projects/Bike4u/Programing/Bike4u/Libs/NRF24" -I"/Users/admin/Desktop/My Projects/Bike4u/Programing/Bike4u/Libs/ST7789" -I"/Users/admin/Desktop/My Projects/Bike4u/Programing/Bike4u/Libs/Bike4u_control" -O0 -ffunction-sections -fdata-sections -Wall -fstack-usage -fcyclomatic-complexity -MMD -MP -MF"Drivers/STM32L0xx_HAL_Driver/Src/stm32l0xx_hal_adc.d" -MT"Drivers/STM32L0xx_HAL_Driver/Src/stm32l0xx_hal_adc.o" --specs=nano.specs -mfloat-abi=soft -mthumb -o "Drivers/STM32L0xx_HAL_Driver/Src/stm32l0xx_hal_adc.o"
arm-none-eabi-gcc "../Drivers/STM32L0xx_HAL_Driver/Src/stm32l0xx_hal_adc_ex.c" -mcpu=cortex-m0plus -std=gnu11 -g3 -DDEBUG -DUSE_HAL_DRIVER -DSTM32L010x8 -c -I../Core/Inc -I../Drivers/STM32L0xx_HAL_Driver/Inc -I../Drivers/STM32L0xx_HAL_Driver/Inc/Legacy -I../Drivers/CMSIS/Device/ST/STM32L0xx/Include -I../Drivers/CMSIS/Include -I"/Users/admin/Desktop/My Projects/Bike4u/Programing/Bike4u/Libs" -I"/Users/admin/Desktop/My Projects/Bike4u/Programing/Bike4u/Libs/NRF24" -I"/Users/admin/Desktop/My Projects/Bike4u/Programing/Bike4u/Libs/ST7789" -I"/Users/admin/Desktop/My Projects/Bike4u/Programing/Bike4u/Libs/Bike4u_control" -O0 -ffunction-sections -fdata-sections -Wall -fstack-usage -fcyclomatic-complexity -MMD -MP -MF"Drivers/STM32L0xx_HAL_Driver/Src/stm32l0xx_hal_adc_ex.d" -MT"Drivers/STM32L0xx_HAL_Driver/Src/stm32l0xx_hal_adc_ex.o" --specs=nano.specs -mfloat-abi=soft -mthumb -o "Drivers/STM32L0xx_HAL_Driver/Src/stm32l0xx_hal_adc_ex.o"
arm-none-eabi-gcc "../Drivers/STM32L0xx_HAL_Driver/Src/stm32l0xx_hal_cortex.c" -mcpu=cortex-m0plus -std=gnu11 -g3 -DDEBUG -DUSE_HAL_DRIVER -DSTM32L010x8 -c -I../Core/Inc -I../Drivers/STM32L0xx_HAL_Driver/Inc -I../Drivers/STM32L0xx_HAL_Driver/Inc/Legacy -I../Drivers/CMSIS/Device/ST/STM32L0xx/Include -I../Drivers/CMSIS/Include -I"/Users/admin/Desktop/My Projects/Bike4u/Programing/Bike4u/Libs" -I"/Users/admin/Desktop/My Projects/Bike4u/Programing/Bike4u/Libs/NRF24" -I"/Users/admin/Desktop/My Projects/Bike4u/Programing/Bike4u/Libs/ST7789" -I"/Users/admin/Desktop/My Projects/Bike4u/Programing/Bike4u/Libs/Bike4u_control" -O0 -ffunction-sections -fdata-sections -Wall -fstack-usage -fcyclomatic-complexity -MMD -MP -MF"Drivers/STM32L0xx_HAL_Driver/Src/stm32l0xx_hal_cortex.d" -MT"Drivers/STM32L0xx_HAL_Driver/Src/stm32l0xx_hal_cortex.o" --specs=nano.specs -mfloat-abi=soft -mthumb -o "Drivers/STM32L0xx_HAL_Driver/Src/stm32l0xx_hal_cortex.o"
../Libs/NRF24/NRF24.c: In function 'NRF24L01_Receive':
../Libs/NRF24/NRF24.c:272:12: warning: variable 'dt' set but not used [-Wunused-but-set-variable]
  272 |   uint16_t dt=0;
      |            ^~
../Libs/ST7789/st7789v3.c: In function 'ST7789_DrawChar':
../Libs/ST7789/st7789v3.c:432:9: warning: this 'while' clause does not guard... [-Wmisleading-indentation]
  432 |         while(DMA1_Channel3->CCR & DMA_CCR_EN);
      |         ^~~~~
../Libs/ST7789/st7789v3.c:434:13: note: ...this statement, but the latter is misleadingly indented as if it were guarded by the 'while'
  434 |             WriteCmd(CASET);
      |             ^~~~~~~~
arm-none-eabi-gcc "../Drivers/STM32L0xx_HAL_Driver/Src/stm32l0xx_hal_dma.c" -mcpu=cortex-m0plus -std=gnu11 -g3 -DDEBUG -DUSE_HAL_DRIVER -DSTM32L010x8 -c -I../Core/Inc -I../Drivers/STM32L0xx_HAL_Driver/Inc -I../Drivers/STM32L0xx_HAL_Driver/Inc/Legacy -I../Drivers/CMSIS/Device/ST/STM32L0xx/Include -I../Drivers/CMSIS/Include -I"/Users/admin/Desktop/My Projects/Bike4u/Programing/Bike4u/Libs" -I"/Users/admin/Desktop/My Projects/Bike4u/Programing/Bike4u/Libs/NRF24" -I"/Users/admin/Desktop/My Projects/Bike4u/Programing/Bike4u/Libs/ST7789" -I"/Users/admin/Desktop/My Projects/Bike4u/Programing/Bike4u/Libs/Bike4u_control" -O0 -ffunction-sections -fdata-sections -Wall -fstack-usage -fcyclomatic-complexity -MMD -MP -MF"Drivers/STM32L0xx_HAL_Driver/Src/stm32l0xx_hal_dma.d" -MT"Drivers/STM32L0xx_HAL_Driver/Src/stm32l0xx_hal_dma.o" --specs=nano.specs -mfloat-abi=soft -mthumb -o "Drivers/STM32L0xx_HAL_Driver/Src/stm32l0xx_hal_dma.o"
arm-none-eabi-gcc "../Drivers/STM32L0xx_HAL_Driver/Src/stm32l0xx_hal_exti.c" -mcpu=cortex-m0plus -std=gnu11 -g3 -DDEBUG -DUSE_HAL_DRIVER -DSTM32L010x8 -c -I../Core/Inc -I../Drivers/STM32L0xx_HAL_Driver/Inc -I../Drivers/STM32L0xx_HAL_Driver/Inc/Legacy -I../Drivers/CMSIS/Device/ST/STM32L0xx/Include -I../Drivers/CMSIS/Include -I"/Users/admin/Desktop/My Projects/Bike4u/Programing/Bike4u/Libs" -I"/Users/admin/Desktop/My Projects/Bike4u/Programing/Bike4u/Libs/NRF24" -I"/Users/admin/Desktop/My Projects/Bike4u/Programing/Bike4u/Libs/ST7789" -I"/Users/admin/Desktop/My Projects/Bike4u/Programing/Bike4u/Libs/Bike4u_control" -O0 -ffunction-sections -fdata-sections -Wall -fstack-usage -fcyclomatic-complexity -MMD -MP -MF"Drivers/STM32L0xx_HAL_Driver/Src/stm32l0xx_hal_exti.d" -MT"Drivers/STM32L0xx_HAL_Driver/Src/stm32l0xx_hal_exti.o" --specs=nano.specs -mfloat-abi=soft -mthumb -o "Drivers/STM32L0xx_HAL_Driver/Src/stm32l0xx_hal_exti.o"
arm-none-eabi-gcc "../Drivers/STM32L0xx_HAL_Driver/Src/stm32l0xx_hal_flash.c" -mcpu=cortex-m0plus -std=gnu11 -g3 -DDEBUG -DUSE_HAL_DRIVER -DSTM32L010x8 -c -I../Core/Inc -I../Drivers/STM32L0xx_HAL_Driver/Inc -I../Drivers/STM32L0xx_HAL_Driver/Inc/Legacy -I../Drivers/CMSIS/Device/ST/STM32L0xx/Include -I../Drivers/CMSIS/Include -I"/Users/admin/Desktop/My Projects/Bike4u/Programing/Bike4u/Libs" -I"/Users/admin/Desktop/My Projects/Bike4u/Programing/Bike4u/Libs/NRF24" -I"/Users/admin/Desktop/My Projects/Bike4u/Programing/Bike4u/Libs/ST7789" -I"/Users/admin/Desktop/My Projects/Bike4u/Programing/Bike4u/Libs/Bike4u_control" -O0 -ffunction-sections -fdata-sections -Wall -fstack-usage -fcyclomatic-complexity -MMD -MP -MF"Drivers/STM32L0xx_HAL_Driver/Src/stm32l0xx_hal_flash.d" -MT"Drivers/STM32L0xx_HAL_Driver/Src/stm32l0xx_hal_flash.o" --specs=nano.specs -mfloat-abi=soft -mthumb -o "Drivers/STM32L0xx_HAL_Driver/Src/stm32l0xx_hal_flash.o"
arm-none-eabi-gcc "../Drivers/STM32L0xx_HAL_Driver/Src/stm32l0xx_hal_flash_ex.c" -mcpu=cortex-m0plus -std=gnu11 -g3 -DDEBUG -DUSE_HAL_DRIVER -DSTM32L010x8 -c -I../Core/Inc -I../Drivers/STM32L0xx_HAL_Driver/Inc -I../Drivers/STM32L0xx_HAL_Driver/Inc/Legacy -I../Drivers/CMSIS/Device/ST/STM32L0xx/Include -I../Drivers/CMSIS/Include -I"/Users/admin/Desktop/My Projects/Bike4u/Programing/Bike4u/Libs" -I"/Users/admin/Desktop/My Projects/Bike4u/Programing/Bike4u/Libs/NRF24" -I"/Users/admin/Desktop/My Projects/Bike4u/Programing/Bike4u/Libs/ST7789" -I"/Users/admin/Desktop/My Projects/Bike4u/Programing/Bike4u/Libs/Bike4u_control" -O0 -ffunction-sections -fdata-sections -Wall -fstack-usage -fcyclomatic-complexity -MMD -MP -MF"Drivers/STM32L0xx_HAL_Driver/Src/stm32l0xx_hal_flash_ex.d" -MT"Drivers/STM32L0xx_HAL_Driver/Src/stm32l0xx_hal_flash_ex.o" --specs=nano.specs -mfloat-abi=soft -mthumb -o "Drivers/STM32L0xx_HAL_Driver/Src/stm32l0xx_hal_flash_ex.o"
arm-none-eabi-gcc "../Drivers/STM32L0xx_HAL_Driver/Src/stm32l0xx_hal_flash_ramfunc.c" -mcpu=cortex-m0plus -std=gnu11 -g3 -DDEBUG -DUSE_HAL_DRIVER -DSTM32L010x8 -c -I../Core/Inc -I../Drivers/STM32L0xx_HAL_Driver/Inc -I../Drivers/STM32L0xx_HAL_Driver/Inc/Legacy -I../Drivers/CMSIS/Device/ST/STM32L0xx/Include -I../Drivers/CMSIS/Include -I"/Users/admin/Desktop/My Projects/Bike4u/Programing/Bike4u/Libs" -I"/Users/admin/Desktop/My Projects/Bike4u/Programing/Bike4u/Libs/NRF24" -I"/Users/admin/Desktop/My Projects/Bike4u/Programing/Bike4u/Libs/ST7789" -I"/Users/admin/Desktop/My Projects/Bike4u/Programing/Bike4u/Libs/Bike4u_control" -O0 -ffunction-sections -fdata-sections -Wall -fstack-usage -fcyclomatic-complexity -MMD -MP -MF"Drivers/STM32L0xx_HAL_Driver/Src/stm32l0xx_hal_flash_ramfunc.d" -MT"Drivers/STM32L0xx_HAL_Driver/Src/stm32l0xx_hal_flash_ramfunc.o" --specs=nano.specs -mfloat-abi=soft -mthumb -o "Drivers/STM32L0xx_HAL_Driver/Src/stm32l0xx_hal_flash_ramfunc.o"
arm-none-eabi-gcc "../Drivers/STM32L0xx_HAL_Driver/Src/stm32l0xx_hal_gpio.c" -mcpu=cortex-m0plus -std=gnu11 -g3 -DDEBUG -DUSE_HAL_DRIVER -DSTM32L010x8 -c -I../Core/Inc -I../Drivers/STM32L0xx_HAL_Driver/Inc -I../Drivers/STM32L0xx_HAL_Driver/Inc/Legacy -I../Drivers/CMSIS/Device/ST/STM32L0xx/Include -I../Drivers/CMSIS/Include -I"/Users/admin/Desktop/My Projects/Bike4u/Programing/Bike4u/Libs" -I"/Users/admin/Desktop/My Projects/Bike4u/Programing/Bike4u/Libs/NRF24" -I"/Users/admin/Desktop/My Projects/Bike4u/Programing/Bike4u/Libs/ST7789" -I"/Users/admin/Desktop/My Projects/Bike4u/Programing/Bike4u/Libs/Bike4u_control" -O0 -ffunction-sections -fdata-sections -Wall -fstack-usage -fcyclomatic-complexity -MMD -MP -MF"Drivers/STM32L0xx_HAL_Driver/Src/stm32l0xx_hal_gpio.d" -MT"Drivers/STM32L0xx_HAL_Driver/Src/stm32l0xx_hal_gpio.o" --specs=nano.specs -mfloat-abi=soft -mthumb -o "Drivers/STM32L0xx_HAL_Driver/Src/stm32l0xx_hal_gpio.o"
arm-none-eabi-gcc "../Drivers/STM32L0xx_HAL_Driver/Src/stm32l0xx_hal_i2c.c" -mcpu=cortex-m0plus -std=gnu11 -g3 -DDEBUG -DUSE_HAL_DRIVER -DSTM32L010x8 -c -I../Core/Inc -I../Drivers/STM32L0xx_HAL_Driver/Inc -I../Drivers/STM32L0xx_HAL_Driver/Inc/Legacy -I../Drivers/CMSIS/Device/ST/STM32L0xx/Include -I../Drivers/CMSIS/Include -I"/Users/admin/Desktop/My Projects/Bike4u/Programing/Bike4u/Libs" -I"/Users/admin/Desktop/My Projects/Bike4u/Programing/Bike4u/Libs/NRF24" -I"/Users/admin/Desktop/My Projects/Bike4u/Programing/Bike4u/Libs/ST7789" -I"/Users/admin/Desktop/My Projects/Bike4u/Programing/Bike4u/Libs/Bike4u_control" -O0 -ffunction-sections -fdata-sections -Wall -fstack-usage -fcyclomatic-complexity -MMD -MP -MF"Drivers/STM32L0xx_HAL_Driver/Src/stm32l0xx_hal_i2c.d" -MT"Drivers/STM32L0xx_HAL_Driver/Src/stm32l0xx_hal_i2c.o" --specs=nano.specs -mfloat-abi=soft -mthumb -o "Drivers/STM32L0xx_HAL_Driver/Src/stm32l0xx_hal_i2c.o"
arm-none-eabi-gcc "../Drivers/STM32L0xx_HAL_Driver/Src/stm32l0xx_hal_i2c_ex.c" -mcpu=cortex-m0plus -std=gnu11 -g3 -DDEBUG -DUSE_HAL_DRIVER -DSTM32L010x8 -c -I../Core/Inc -I../Drivers/STM32L0xx_HAL_Driver/Inc -I../Drivers/STM32L0xx_HAL_Driver/Inc/Legacy -I../Drivers/CMSIS/Device/ST/STM32L0xx/Include -I../Drivers/CMSIS/Include -I"/Users/admin/Desktop/My Projects/Bike4u/Programing/Bike4u/Libs" -I"/Users/admin/Desktop/My Projects/Bike4u/Programing/Bike4u/Libs/NRF24" -I"/Users/admin/Desktop/My Projects/Bike4u/Programing/Bike4u/Libs/ST7789" -I"/Users/admin/Desktop/My Projects/Bike4u/Programing/Bike4u/Libs/Bike4u_control" -O0 -ffunction-sections -fdata-sections -Wall -fstack-usage -fcyclomatic-complexity -MMD -MP -MF"Drivers/STM32L0xx_HAL_Driver/Src/stm32l0xx_hal_i2c_ex.d" -MT"Drivers/STM32L0xx_HAL_Driver/Src/stm32l0xx_hal_i2c_ex.o" --specs=nano.specs -mfloat-abi=soft -mthumb -o "Drivers/STM32L0xx_HAL_Driver/Src/stm32l0xx_hal_i2c_ex.o"
arm-none-eabi-gcc "../Drivers/STM32L0xx_HAL_Driver/Src/stm32l0xx_hal_pwr.c" -mcpu=cortex-m0plus -std=gnu11 -g3 -DDEBUG -DUSE_HAL_DRIVER -DSTM32L010x8 -c -I../Core/Inc -I../Drivers/STM32L0xx_HAL_Driver/Inc -I../Drivers/STM32L0xx_HAL_Driver/Inc/Legacy -I../Drivers/CMSIS/Device/ST/STM32L0xx/Include -I../Drivers/CMSIS/Include -I"/Users/admin/Desktop/My Projects/Bike4u/Programing/Bike4u/Libs" -I"/Users/admin/Desktop/My Projects/Bike4u/Programing/Bike4u/Libs/NRF24" -I"/Users/admin/Desktop/My Projects/Bike4u/Programing/Bike4u/Libs/ST7789" -I"/Users/admin/Desktop/My Projects/Bike4u/Programing/Bike4u/Libs/Bike4u_control" -O0 -ffunction-sections -fdata-sections -Wall -fstack-usage -fcyclomatic-complexity -MMD -MP -MF"Drivers/STM32L0xx_HAL_Driver/Src/stm32l0xx_hal_pwr.d" -MT"Drivers/STM32L0xx_HAL_Driver/Src/stm32l0xx_hal_pwr.o" --specs=nano.specs -mfloat-abi=soft -mthumb -o "Drivers/STM32L0xx_HAL_Driver/Src/stm32l0xx_hal_pwr.o"
arm-none-eabi-gcc "../Drivers/STM32L0xx_HAL_Driver/Src/stm32l0xx_hal_pwr_ex.c" -mcpu=cortex-m0plus -std=gnu11 -g3 -DDEBUG -DUSE_HAL_DRIVER -DSTM32L010x8 -c -I../Core/Inc -I../Drivers/STM32L0xx_HAL_Driver/Inc -I../Drivers/STM32L0xx_HAL_Driver/Inc/Legacy -I../Drivers/CMSIS/Device/ST/STM32L0xx/Include -I../Drivers/CMSIS/Include -I"/Users/admin/Desktop/My Projects/Bike4u/Programing/Bike4u/Libs" -I"/Users/admin/Desktop/My Projects/Bike4u/Programing/Bike4u/Libs/NRF24" -I"/Users/admin/Desktop/My Projects/Bike4u/Programing/Bike4u/Libs/ST7789" -I"/Users/admin/Desktop/My Projects/Bike4u/Programing/Bike4u/Libs/Bike4u_control" -O0 -ffunction-sections -fdata-sections -Wall -fstack-usage -fcyclomatic-complexity -MMD -MP -MF"Drivers/STM32L0xx_HAL_Driver/Src/stm32l0xx_hal_pwr_ex.d" -MT"Drivers/STM32L0xx_HAL_Driver/Src/stm32l0xx_hal_pwr_ex.o" --specs=nano.specs -mfloat-abi=soft -mthumb -o "Drivers/STM32L0xx_HAL_Driver/Src/stm32l0xx_hal_pwr_ex.o"
arm-none-eabi-gcc "../Drivers/STM32L0xx_HAL_Driver/Src/stm32l0xx_hal_rcc.c" -mcpu=cortex-m0plus -std=gnu11 -g3 -DDEBUG -DUSE_HAL_DRIVER -DSTM32L010x8 -c -I../Core/Inc -I../Drivers/STM32L0xx_HAL_Driver/Inc -I../Drivers/STM32L0xx_HAL_Driver/Inc/Legacy -I../Drivers/CMSIS/Device/ST/STM32L0xx/Include -I../Drivers/CMSIS/Include -I"/Users/admin/Desktop/My Projects/Bike4u/Programing/Bike4u/Libs" -I"/Users/admin/Desktop/My Projects/Bike4u/Programing/Bike4u/Libs/NRF24" -I"/Users/admin/Desktop/My Projects/Bike4u/Programing/Bike4u/Libs/ST7789" -I"/Users/admin/Desktop/My Projects/Bike4u/Programing/Bike4u/Libs/Bike4u_control" -O0 -ffunction-sections -fdata-sections -Wall -fstack-usage -fcyclomatic-complexity -MMD -MP -MF"Drivers/STM32L0xx_HAL_Driver/Src/stm32l0xx_hal_rcc.d" -MT"Drivers/STM32L0xx_HAL_Driver/Src/stm32l0xx_hal_rcc.o" --specs=nano.specs -mfloat-abi=soft -mthumb -o "Drivers/STM32L0xx_HAL_Driver/Src/stm32l0xx_hal_rcc.o"
arm-none-eabi-gcc "../Drivers/STM32L0xx_HAL_Driver/Src/stm32l0xx_hal_rcc_ex.c" -mcpu=cortex-m0plus -std=gnu11 -g3 -DDEBUG -DUSE_HAL_DRIVER -DSTM32L010x8 -c -I../Core/Inc -I../Drivers/STM32L0xx_HAL_Driver/Inc -I../Drivers/STM32L0xx_HAL_Driver/Inc/Legacy -I../Drivers/CMSIS/Device/ST/STM32L0xx/Include -I../Drivers/CMSIS/Include -I"/Users/admin/Desktop/My Projects/Bike4u/Programing/Bike4u/Libs" -I"/Users/admin/Desktop/My Projects/Bike4u/Programing/Bike4u/Libs/NRF24" -I"/Users/admin/Desktop/My Projects/Bike4u/Programing/Bike4u/Libs/ST7789" -I"/Users/admin/Desktop/My Projects/Bike4u/Programing/Bike4u/Libs/Bike4u_control" -O0 -ffunction-sections -fdata-sections -Wall -fstack-usage -fcyclomatic-complexity -MMD -MP -MF"Drivers/STM32L0xx_HAL_Driver/Src/stm32l0xx_hal_rcc_ex.d" -MT"Drivers/STM32L0xx_HAL_Driver/Src/stm32l0xx_hal_rcc_ex.o" --specs=nano.specs -mfloat-abi=soft -mthumb -o "Drivers/STM32L0xx_HAL_Driver/Src/stm32l0xx_hal_rcc_ex.o"
arm-none-eabi-gcc "../Drivers/STM32L0xx_HAL_Driver/Src/stm32l0xx_hal_rtc.c" -mcpu=cortex-m0plus -std=gnu11 -g3 -DDEBUG -DUSE_HAL_DRIVER -DSTM32L010x8 -c -I../Core/Inc -I../Drivers/STM32L0xx_HAL_Driver/Inc -I../Drivers/STM32L0xx_HAL_Driver/Inc/Legacy -I../Drivers/CMSIS/Device/ST/STM32L0xx/Include -I../Drivers/CMSIS/Include -I"/Users/admin/Desktop/My Projects/Bike4u/Programing/Bike4u/Libs" -I"/Users/admin/Desktop/My Projects/Bike4u/Programing/Bike4u/Libs/NRF24" -I"/Users/admin/Desktop/My Projects/Bike4u/Programing/Bike4u/Libs/ST7789" -I"/Users/admin/Desktop/My Projects/Bike4u/Programing/Bike4u/Libs/Bike4u_control" -O0 -ffunction-sections -fdata-sections -Wall -fstack-usage -fcyclomatic-complexity -MMD -MP -MF"Drivers/STM32L0xx_HAL_Driver/Src/stm32l0xx_hal_rtc.d" -MT"Drivers/STM32L0xx_HAL_Driver/Src/stm32l0xx_hal_rtc.o" --specs=nano.specs -mfloat-abi=soft -mthumb -o "Drivers/STM32L0xx_HAL_Driver/Src/stm32l0xx_hal_rtc.o"
arm-none-eabi-gcc "../Drivers/STM32L0xx_HAL_Driver/Src/stm32l0xx_hal_rtc_ex.c" -mcpu=cortex-m0plus -std=gnu11 -g3 -DDEBUG -DUSE_HAL_DRIVER -DSTM32L010x8 -c -I../Core/Inc -I../Drivers/STM32L0xx_HAL_Driver/Inc -I../Drivers/STM32L0xx_HAL_Driver/Inc/Legacy -I../Drivers/CMSIS/Device/ST/STM32L0xx/Include -I../Drivers/CMSIS/Include -I"/Users/admin/Desktop/My Projects/Bike4u/Programing/Bike4u/Libs" -I"/Users/admin/Desktop/My Projects/Bike4u/Programing/Bike4u/Libs/NRF24" -I"/Users/admin/Desktop/My Projects/Bike4u/Programing/Bike4u/Libs/ST7789" -I"/Users/admin/Desktop/My Projects/Bike4u/Programing/Bike4u/Libs/Bike4u_control" -O0 -ffunction-sections -fdata-sections -Wall -fstack-usage -fcyclomatic-complexity -MMD -MP -MF"Drivers/STM32L0xx_HAL_Driver/Src/stm32l0xx_hal_rtc_ex.d" -MT"Drivers/STM32L0xx_HAL_Driver/Src/stm32l0xx_hal_rtc_ex.o" --specs=nano.specs -mfloat-abi=soft -mthumb -o "Drivers/STM32L0xx_HAL_Driver/Src/stm32l0xx_hal_rtc_ex.o"
arm-none-eabi-gcc "../Drivers/STM32L0xx_HAL_Driver/Src/stm32l0xx_hal_spi.c" -mcpu=cortex-m0plus -std=gnu11 -g3 -DDEBUG -DUSE_HAL_DRIVER -DSTM32L010x8 -c -I../Core/Inc -I../Drivers/STM32L0xx_HAL_Driver/Inc -I../Drivers/STM32L0xx_HAL_Driver/Inc/Legacy -I../Drivers/CMSIS/Device/ST/STM32L0xx/Include -I../Drivers/CMSIS/Include -I"/Users/admin/Desktop/My Projects/Bike4u/Programing/Bike4u/Libs" -I"/Users/admin/Desktop/My Projects/Bike4u/Programing/Bike4u/Libs/NRF24" -I"/Users/admin/Desktop/My Projects/Bike4u/Programing/Bike4u/Libs/ST7789" -I"/Users/admin/Desktop/My Projects/Bike4u/Programing/Bike4u/Libs/Bike4u_control" -O0 -ffunction-sections -fdata-sections -Wall -fstack-usage -fcyclomatic-complexity -MMD -MP -MF"Drivers/STM32L0xx_HAL_Driver/Src/stm32l0xx_hal_spi.d" -MT"Drivers/STM32L0xx_HAL_Driver/Src/stm32l0xx_hal_spi.o" --specs=nano.specs -mfloat-abi=soft -mthumb -o "Drivers/STM32L0xx_HAL_Driver/Src/stm32l0xx_hal_spi.o"
arm-none-eabi-gcc "../Drivers/STM32L0xx_HAL_Driver/Src/stm32l0xx_hal_tim.c" -mcpu=cortex-m0plus -std=gnu11 -g3 -DDEBUG -DUSE_HAL_DRIVER -DSTM32L010x8 -c -I../Core/Inc -I../Drivers/STM32L0xx_HAL_Driver/Inc -I../Drivers/STM32L0xx_HAL_Driver/Inc/Legacy -I../Drivers/CMSIS/Device/ST/STM32L0xx/Include -I../Drivers/CMSIS/Include -I"/Users/admin/Desktop/My Projects/Bike4u/Programing/Bike4u/Libs" -I"/Users/admin/Desktop/My Projects/Bike4u/Programing/Bike4u/Libs/NRF24" -I"/Users/admin/Desktop/My Projects/Bike4u/Programing/Bike4u/Libs/ST7789" -I"/Users/admin/Desktop/My Projects/Bike4u/Programing/Bike4u/Libs/Bike4u_control" -O0 -ffunction-sections -fdata-sections -Wall -fstack-usage -fcyclomatic-complexity -MMD -MP -MF"Drivers/STM32L0xx_HAL_Driver/Src/stm32l0xx_hal_tim.d" -MT"Drivers/STM32L0xx_HAL_Driver/Src/stm32l0xx_hal_tim.o" --specs=nano.specs -mfloat-abi=soft -mthumb -o "Drivers/STM32L0xx_HAL_Driver/Src/stm32l0xx_hal_tim.o"
arm-none-eabi-gcc "../Drivers/STM32L0xx_HAL_Driver/Src/stm32l0xx_hal_tim_ex.c" -mcpu=cortex-m0plus -std=gnu11 -g3 -DDEBUG -DUSE_HAL_DRIVER -DSTM32L010x8 -c -I../Core/Inc -I../Drivers/STM32L0xx_HAL_Driver/Inc -I../Drivers/STM32L0xx_HAL_Driver/Inc/Legacy -I../Drivers/CMSIS/Device/ST/STM32L0xx/Include -I../Drivers/CMSIS/Include -I"/Users/admin/Desktop/My Projects/Bike4u/Programing/Bike4u/Libs" -I"/Users/admin/Desktop/My Projects/Bike4u/Programing/Bike4u/Libs/NRF24" -I"/Users/admin/Desktop/My Projects/Bike4u/Programing/Bike4u/Libs/ST7789" -I"/Users/admin/Desktop/My Projects/Bike4u/Programing/Bike4u/Libs/Bike4u_control" -O0 -ffunction-sections -fdata-sections -Wall -fstack-usage -fcyclomatic-complexity -MMD -MP -MF"Drivers/STM32L0xx_HAL_Driver/Src/stm32l0xx_hal_tim_ex.d" -MT"Drivers/STM32L0xx_HAL_Driver/Src/stm32l0xx_hal_tim_ex.o" --specs=nano.specs -mfloat-abi=soft -mthumb -o "Drivers/STM32L0xx_HAL_Driver/Src/stm32l0xx_hal_tim_ex.o"
arm-none-eabi-gcc "../Drivers/STM32L0xx_HAL_Driver/Src/stm32l0xx_hal_uart.c" -mcpu=cortex-m0plus -std=gnu11 -g3 -DDEBUG -DUSE_HAL_DRIVER -DSTM32L010x8 -c -I../Core/Inc -I../Drivers/STM32L0xx_HAL_Driver/Inc -I../Drivers/STM32L0xx_HAL_Driver/Inc/Legacy -I../Drivers/CMSIS/Device/ST/STM32L0xx/Include -I../Drivers/CMSIS/Include -I"/Users/admin/Desktop/My Projects/Bike4u/Programing/Bike4u/Libs" -I"/Users/admin/Desktop/My Projects/Bike4u/Programing/Bike4u/Libs/NRF24" -I"/Users/admin/Desktop/My Projects/Bike4u/Programing/Bike4u/Libs/ST7789" -I"/Users/admin/Desktop/My Projects/Bike4u/Programing/Bike4u/Libs/Bike4u_control" -O0 -ffunction-sections -fdata-sections -Wall -fstack-usage -fcyclomatic-complexity -MMD -MP -MF"Drivers/STM32L0xx_HAL_Driver/Src/stm32l0xx_hal_uart.d" -MT"Drivers/STM32L0xx_HAL_Driver/Src/stm32l0xx_hal_uart.o" --specs=nano.specs -mfloat-abi=soft -mthumb -o "Drivers/STM32L0xx_HAL_Driver/Src/stm32l0xx_hal_uart.o"
arm-none-eabi-gcc "../Drivers/STM32L0xx_HAL_Driver/Src/stm32l0xx_hal_uart_ex.c" -mcpu=cortex-m0plus -std=gnu11 -g3 -DDEBUG -DUSE_HAL_DRIVER -DSTM32L010x8 -c -I../Core/Inc -I../Drivers/STM32L0xx_HAL_Driver/Inc -I../Drivers/STM32L0xx_HAL_Driver/Inc/Legacy -I../Drivers/CMSIS/Device/ST/STM32L0xx/Include -I../Drivers/CMSIS/Include -I"/Users/admin/Desktop/My Projects/Bike4u/Programing/Bike4u/Libs" -I"/Users/admin/Desktop/My Projects/Bike4u/Programing/Bike4u/Libs/NRF24" -I"/Users/admin/Desktop/My Projects/Bike4u/Programing/Bike4u/Libs/ST7789" -I"/Users/admin/Desktop/My Projects/Bike4u/Programing/Bike4u/Libs/Bike4u_control" -O0 -ffunction-sections -fdata-sections -Wall -fstack-usage -fcyclomatic-complexity -MMD -MP -MF"Drivers/STM32L0xx_HAL_Driver/Src/stm32l0xx_hal_uart_ex.d" -MT"Drivers/STM32L0xx_HAL_Driver/Src/stm32l0xx_hal_uart_ex.o" --specs=nano.specs -mfloat-abi=soft -mthumb -o "Drivers/STM32L0xx_HAL_Driver/Src/stm32l0xx_hal_uart_ex.o"
arm-none-eabi-gcc "../Core/Src/main.c" -mcpu=cortex-m0plus -std=gnu11 -g3 -DDEBUG -DUSE_HAL_DRIVER -DSTM32L010x8 -c -I../Core/Inc -I../Drivers/STM32L0xx_HAL_Driver/Inc -I../Drivers/STM32L0xx_HAL_Driver/Inc/Legacy -I../Drivers/CMSIS/Device/ST/STM32L0xx/Include -I../Drivers/CMSIS/Include -I"/Users/admin/Desktop/My Projects/Bike4u/Programing/Bike4u/Libs" -I"/Users/admin/Desktop/My Projects/Bike4u/Programing/Bike4u/Libs/NRF24" -I"/Users/admin/Desktop/My Projects/Bike4u/Programing/Bike4u/Libs/ST7789" -I"/Users/admin/Desktop/My Projects/Bike4u/Programing/Bike4u/Libs/Bike4u_control" -O0 -ffunction-sections -fdata-sections -Wall -fstack-usage -fcyclomatic-complexity -MMD -MP -MF"Core/Src/main.d" -MT"Core/Src/main.o" --specs=nano.specs -mfloat-abi=soft -mthumb -o "Core/Src/main.o"
arm-none-eabi-gcc "../Core/Src/stm32l0xx_hal_msp.c" -mcpu=cortex-m0plus -std=gnu11 -g3 -DDEBUG -DUSE_HAL_DRIVER -DSTM32L010x8 -c -I../Core/Inc -I../Drivers/STM32L0xx_HAL_Driver/Inc -I../Drivers/STM32L0xx_HAL_Driver/Inc/Legacy -I../Drivers/CMSIS/Device/ST/STM32L0xx/Include -I../Drivers/CMSIS/Include -I"/Users/admin/Desktop/My Projects/Bike4u/Programing/Bike4u/Libs" -I"/Users/admin/Desktop/My Projects/Bike4u/Programing/Bike4u/Libs/NRF24" -I"/Users/admin/Desktop/My Projects/Bike4u/Programing/Bike4u/Libs/ST7789" -I"/Users/admin/Desktop/My Projects/Bike4u/Programing/Bike4u/Libs/Bike4u_control" -O0 -ffunction-sections -fdata-sections -Wall -fstack-usage -fcyclomatic-complexity -MMD -MP -MF"Core/Src/stm32l0xx_hal_msp.d" -MT"Core/Src/stm32l0xx_hal_msp.o" --specs=nano.specs -mfloat-abi=soft -mthumb -o "Core/Src/stm32l0xx_hal_msp.o"
arm-none-eabi-gcc "../Core/Src/stm32l0xx_it.c" -mcpu=cortex-m0plus -std=gnu11 -g3 -DDEBUG -DUSE_HAL_DRIVER -DSTM32L010x8 -c -I../Core/Inc -I../Drivers/STM32L0xx_HAL_Driver/Inc -I../Drivers/STM32L0xx_HAL_Driver/Inc/Legacy -I../Drivers/CMSIS/Device/ST/STM32L0xx/Include -I../Drivers/CMSIS/Include -I"/Users/admin/Desktop/My Projects/Bike4u/Programing/Bike4u/Libs" -I"/Users/admin/Desktop/My Projects/Bike4u/Programing/Bike4u/Libs/NRF24" -I"/Users/admin/Desktop/My Projects/Bike4u/Programing/Bike4u/Libs/ST7789" -I"/Users/admin/Desktop/My Projects/Bike4u/Programing/Bike4u/Libs/Bike4u_control" -O0 -ffunction-sections -fdata-sections -Wall -fstack-usage -fcyclomatic-complexity -MMD -MP -MF"Core/Src/stm32l0xx_it.d" -MT"Core/Src/stm32l0xx_it.o" --specs=nano.specs -mfloat-abi=soft -mthumb -o "Core/Src/stm32l0xx_it.o"
../Core/Src/main.c: In function 'main':
../Core/Src/main.c:202:27: warning: pointer targets in passing argument 1 of 'sprintf' differ in signedness [-Wpointer-sign]
  202 |                   sprintf(buf_ble_t, "AT+BLEDISCON\r\n");
      |                           ^~~~~~~~~
      |                           |
      |                           uint8_t * {aka unsigned char *}
In file included from /Users/admin/Desktop/My Projects/Bike4u/Programing/Bike4u/Libs/NRF24/NRF24.h:8,
                 from ../Core/Src/main.c:26:
/Applications/STM32CubeIDE.app/Contents/Eclipse/plugins/com.st.stm32cube.ide.mcu.externaltools.gnu-tools-for-stm32.13.3.rel1.macos64_1.0.0.202411102158/tools/arm-none-eabi/include/stdio.h:250:18: note: expected 'char * restrict' but argument is of type 'uint8_t *' {aka 'unsigned char *'}
  250 | int     sprintf (char *__restrict, const char *__restrict, ...)
      |                  ^
arm-none-eabi-gcc "../Core/Src/system_stm32l0xx.c" -mcpu=cortex-m0plus -std=gnu11 -g3 -DDEBUG -DUSE_HAL_DRIVER -DSTM32L010x8 -c -I../Core/Inc -I../Drivers/STM32L0xx_HAL_Driver/Inc -I../Drivers/STM32L0xx_HAL_Driver/Inc/Legacy -I../Drivers/CMSIS/Device/ST/STM32L0xx/Include -I../Drivers/CMSIS/Include -I"/Users/admin/Desktop/My Projects/Bike4u/Programing/Bike4u/Libs" -I"/Users/admin/Desktop/My Projects/Bike4u/Programing/Bike4u/Libs/NRF24" -I"/Users/admin/Desktop/My Projects/Bike4u/Programing/Bike4u/Libs/ST7789" -I"/Users/admin/Desktop/My Projects/Bike4u/Programing/Bike4u/Libs/Bike4u_control" -O0 -ffunction-sections -fdata-sections -Wall -fstack-usage -fcyclomatic-complexity -MMD -MP -MF"Core/Src/system_stm32l0xx.d" -MT"Core/Src/system_stm32l0xx.o" --specs=nano.specs -mfloat-abi=soft -mthumb -o "Core/Src/system_stm32l0xx.o"
arm-none-eabi-gcc -o "Bike4u.elf" @"objects.list"   -mcpu=cortex-m0plus -T"/Users/admin/Desktop/My Projects/Bike4u/Programing/Bike4u/STM32L010K8TX_FLASH.ld" --specs=nosys.specs -Wl,-Map="Bike4u.map" -Wl,--gc-sections -static --specs=nano.specs -mfloat-abi=soft -mthumb -Wl,--start-group -lc -lm -Wl,--end-group
Finished building target: Bike4u.elf
 
arm-none-eabi-size  Bike4u.elf 
arm-none-eabi-objdump -h -S Bike4u.elf  > "Bike4u.list"
   text	   data	    bss	    dec	    hex	filename
  30120	    112	   3648	  33880	   8458	Bike4u.elf
Finished building: default.size.stdout
 
Finished building: Bike4u.list
 

17:27:20 Build Finished. 0 errors, 3 warnings. (took 5s.471ms)

