21:07:47 **** Build of configuration Debug for project Motor ****
make -j7 all 
arm-none-eabi-gcc -o "Motor.elf" @"objects.list"   -mcpu=cortex-m3 -T"/Users/admin/Desktop/PlaneFPV/Motor/STM32F103C6TX_FLASH.ld" --specs=nosys.specs -Wl,-Map="Motor.map" -Wl,--gc-sections -static --specs=nano.specs -mfloat-abi=soft -mthumb -Wl,--start-group -lc -lm -Wl,--end-group
/Applications/STM32CubeIDE.app/Contents/Eclipse/plugins/com.st.stm32cube.ide.mcu.externaltools.gnu-tools-for-stm32.13.3.rel1.macos64_1.0.0.202411102158/tools/bin/../lib/gcc/arm-none-eabi/13.3.1/../../../../arm-none-eabi/bin/ld: ./Core/Src/motor_driver.o:/Users/admin/Desktop/PlaneFPV/Motor/Debug/../Core/Src/motor_driver.c:8: multiple definition of `sConfig'; ./Core/Src/motor_driver 2.o:/Users/admin/Desktop/PlaneFPV/Motor/Debug/../Core/Src/motor_driver 2.c:6: first defined here
/Applications/STM32CubeIDE.app/Contents/Eclipse/plugins/com.st.stm32cube.ide.mcu.externaltools.gnu-tools-for-stm32.13.3.rel1.macos64_1.0.0.202411102158/tools/bin/../lib/gcc/arm-none-eabi/13.3.1/../../../../arm-none-eabi/bin/ld: ./Core/Src/motor_driver.o: in function `Inductor1_plus':
/Users/admin/Desktop/PlaneFPV/Motor/Debug/../Core/Src/motor_driver.c:10: multiple definition of `Inductor1_plus'; ./Core/Src/motor_driver 2.o:/Users/admin/Desktop/PlaneFPV/Motor/Debug/../Core/Src/motor_driver 2.c:8: first defined here
/Applications/STM32CubeIDE.app/Contents/Eclipse/plugins/com.st.stm32cube.ide.mcu.externaltools.gnu-tools-for-stm32.13.3.rel1.macos64_1.0.0.202411102158/tools/bin/../lib/gcc/arm-none-eabi/13.3.1/../../../../arm-none-eabi/bin/ld: ./Core/Src/motor_driver.o: in function `Inductor1_minus':
/Users/admin/Desktop/PlaneFPV/Motor/Debug/../Core/Src/motor_driver.c:17: multiple definition of `Inductor1_minus'; ./Core/Src/motor_driver 2.o:/Users/admin/Desktop/PlaneFPV/Motor/Debug/../Core/Src/motor_driver 2.c:15: first defined here
/Applications/STM32CubeIDE.app/Contents/Eclipse/plugins/com.st.stm32cube.ide.mcu.externaltools.gnu-tools-for-stm32.13.3.rel1.macos64_1.0.0.202411102158/tools/bin/../lib/gcc/arm-none-eabi/13.3.1/../../../../arm-none-eabi/bin/ld: ./Core/Src/motor_driver.o: in function `Inductor1_non':
/Users/admin/Desktop/PlaneFPV/Motor/Debug/../Core/Src/motor_driver.c:23: multiple definition of `Inductor1_non'; ./Core/Src/motor_driver 2.o:/Users/admin/Desktop/PlaneFPV/Motor/Debug/../Core/Src/motor_driver 2.c:21: first defined here
/Applications/STM32CubeIDE.app/Contents/Eclipse/plugins/com.st.stm32cube.ide.mcu.externaltools.gnu-tools-for-stm32.13.3.rel1.macos64_1.0.0.202411102158/tools/bin/../lib/gcc/arm-none-eabi/13.3.1/../../../../arm-none-eabi/bin/ld: ./Core/Src/motor_driver.o: in function `Inductor2_plus':
/Users/admin/Desktop/PlaneFPV/Motor/Debug/../Core/Src/motor_driver.c:29: multiple definition of `Inductor2_plus'; ./Core/Src/motor_driver 2.o:/Users/admin/Desktop/PlaneFPV/Motor/Debug/../Core/Src/motor_driver 2.c:27: first defined here
/Applications/STM32CubeIDE.app/Contents/Eclipse/plugins/com.st.stm32cube.ide.mcu.externaltools.gnu-tools-for-stm32.13.3.rel1.macos64_1.0.0.202411102158/tools/bin/../lib/gcc/arm-none-eabi/13.3.1/../../../../arm-none-eabi/bin/ld: ./Core/Src/motor_driver.o: in function `Inductor2_minus':
/Users/admin/Desktop/PlaneFPV/Motor/Debug/../Core/Src/motor_driver.c:35: multiple definition of `Inductor2_minus'; ./Core/Src/motor_driver 2.o:/Users/admin/Desktop/PlaneFPV/Motor/Debug/../Core/Src/motor_driver 2.c:33: first defined here
/Applications/STM32CubeIDE.app/Contents/Eclipse/plugins/com.st.stm32cube.ide.mcu.externaltools.gnu-tools-for-stm32.13.3.rel1.macos64_1.0.0.202411102158/tools/bin/../lib/gcc/arm-none-eabi/13.3.1/../../../../arm-none-eabi/bin/ld: ./Core/Src/motor_driver.o: in function `Inductor2_non':
/Users/admin/Desktop/PlaneFPV/Motor/Debug/../Core/Src/motor_driver.c:41: multiple definition of `Inductor2_non'; ./Core/Src/motor_driver 2.o:/Users/admin/Desktop/PlaneFPV/Motor/Debug/../Core/Src/motor_driver 2.c:39: first defined here
/Applications/STM32CubeIDE.app/Contents/Eclipse/plugins/com.st.stm32cube.ide.mcu.externaltools.gnu-tools-for-stm32.13.3.rel1.macos64_1.0.0.202411102158/tools/bin/../lib/gcc/arm-none-eabi/13.3.1/../../../../arm-none-eabi/bin/ld: ./Core/Src/motor_driver.o: in function `Inductor3_plus':
/Users/admin/Desktop/PlaneFPV/Motor/Debug/../Core/Src/motor_driver.c:48: multiple definition of `Inductor3_plus'; ./Core/Src/motor_driver 2.o:/Users/admin/Desktop/PlaneFPV/Motor/Debug/../Core/Src/motor_driver 2.c:46: first defined here
/Applications/STM32CubeIDE.app/Contents/Eclipse/plugins/com.st.stm32cube.ide.mcu.externaltools.gnu-tools-for-stm32.13.3.rel1.macos64_1.0.0.202411102158/tools/bin/../lib/gcc/arm-none-eabi/13.3.1/../../../../arm-none-eabi/bin/ld: ./Core/Src/motor_driver.o: in function `Inductor3_minus':
/Users/admin/Desktop/PlaneFPV/Motor/Debug/../Core/Src/motor_driver.c:55: multiple definition of `Inductor3_minus'; ./Core/Src/motor_driver 2.o:/Users/admin/Desktop/PlaneFPV/Motor/Debug/../Core/Src/motor_driver 2.c:53: first defined here
/Applications/STM32CubeIDE.app/Contents/Eclipse/plugins/com.st.stm32cube.ide.mcu.externaltools.gnu-tools-for-stm32.13.3.rel1.macos64_1.0.0.202411102158/tools/bin/../lib/gcc/arm-none-eabi/13.3.1/../../../../arm-none-eabi/bin/ld: ./Core/Src/motor_driver.o: in function `Inductor3_non':
/Users/admin/Desktop/PlaneFPV/Motor/Debug/../Core/Src/motor_driver.c:62: multiple definition of `Inductor3_non'; ./Core/Src/motor_driver 2.o:/Users/admin/Desktop/PlaneFPV/Motor/Debug/../Core/Src/motor_driver 2.c:60: first defined here
/Applications/STM32CubeIDE.app/Contents/Eclipse/plugins/com.st.stm32cube.ide.mcu.externaltools.gnu-tools-for-stm32.13.3.rel1.macos64_1.0.0.202411102158/tools/bin/../lib/gcc/arm-none-eabi/13.3.1/../../../../arm-none-eabi/bin/ld: ./Core/Src/motor_driver.o: in function `SetDutyCycle':
/Users/admin/Desktop/PlaneFPV/Motor/Debug/../Core/Src/motor_driver.c:69: multiple definition of `SetDutyCycle'; ./Core/Src/motor_driver 2.o:/Users/admin/Desktop/PlaneFPV/Motor/Debug/../Core/Src/motor_driver 2.c:67: first defined here
/Applications/STM32CubeIDE.app/Contents/Eclipse/plugins/com.st.stm32cube.ide.mcu.externaltools.gnu-tools-for-stm32.13.3.rel1.macos64_1.0.0.202411102158/tools/bin/../lib/gcc/arm-none-eabi/13.3.1/../../../../arm-none-eabi/bin/ld: ./Core/Src/motor_driver.o: in function `ADC_Select_CH1':
/Users/admin/Desktop/PlaneFPV/Motor/Debug/../Core/Src/motor_driver.c:82: multiple definition of `ADC_Select_CH1'; ./Core/Src/motor_driver 2.o:/Users/admin/Desktop/PlaneFPV/Motor/Debug/../Core/Src/motor_driver 2.c:80: first defined here
/Applications/STM32CubeIDE.app/Contents/Eclipse/plugins/com.st.stm32cube.ide.mcu.externaltools.gnu-tools-for-stm32.13.3.rel1.macos64_1.0.0.202411102158/tools/bin/../lib/gcc/arm-none-eabi/13.3.1/../../../../arm-none-eabi/bin/ld: ./Core/Src/motor_driver.o: in function `ADC_Select_CH2':
/Users/admin/Desktop/PlaneFPV/Motor/Debug/../Core/Src/motor_driver.c:92: multiple definition of `ADC_Select_CH2'; ./Core/Src/motor_driver 2.o:/Users/admin/Desktop/PlaneFPV/Motor/Debug/../Core/Src/motor_driver 2.c:90: first defined here
/Applications/STM32CubeIDE.app/Contents/Eclipse/plugins/com.st.stm32cube.ide.mcu.externaltools.gnu-tools-for-stm32.13.3.rel1.macos64_1.0.0.202411102158/tools/bin/../lib/gcc/arm-none-eabi/13.3.1/../../../../arm-none-eabi/bin/ld: ./Core/Src/motor_driver.o: in function `ADC_Select_CH3':
/Users/admin/Desktop/PlaneFPV/Motor/Debug/../Core/Src/motor_driver.c:102: multiple definition of `ADC_Select_CH3'; ./Core/Src/motor_driver 2.o:/Users/admin/Desktop/PlaneFPV/Motor/Debug/../Core/Src/motor_driver 2.c:100: first defined here
/Applications/STM32CubeIDE.app/Contents/Eclipse/plugins/com.st.stm32cube.ide.mcu.externaltools.gnu-tools-for-stm32.13.3.rel1.macos64_1.0.0.202411102158/tools/bin/../lib/gcc/arm-none-eabi/13.3.1/../../../../arm-none-eabi/bin/ld: ./Core/Src/motor_driver.o: in function `turn':
/Users/admin/Desktop/PlaneFPV/Motor/Debug/../Core/Src/motor_driver.c:113: multiple definition of `turn'; ./Core/Src/motor_driver 2.o:/Users/admin/Desktop/PlaneFPV/Motor/Debug/../Core/Src/motor_driver 2.c:111: first defined here
collect2: error: ld returned 1 exit status
make: *** [makefile:67: Motor.elf] Error 1
"make -j7 all" terminated with exit code 2. Build might be incomplete.

21:07:48 Build Failed. 16 errors, 0 warnings. (took 609ms)

