2026-05-23 23:26:39,606 [INFO] WebApp:191 - Connection restablished
2026-05-23 23:27:19,355 [INFO] UtilMem:75 - End SaveConfig() Used Memory: 1014057896 Bytes (1073741824)
2026-05-23 23:27:24,300 [INFO] UtilMem:75 - End SaveConfig() Used Memory: 706550752 Bytes (1073741824)
2026-05-23 23:27:26,749 [INFO] UtilMem:75 - End SaveConfig() Used Memory: 775234528 Bytes (1073741824)
2026-05-23 23:27:27,912 [INFO] BlockDiagram:2775 - set Specific Code input for plugin: ADC
2026-05-23 23:27:27,912 [INFO] BlockDiagram:2775 - set Specific Code input for plugin: RTC
2026-05-23 23:27:27,913 [INFO] BlockDiagram:2775 - set Specific Code input for plugin: SPI
2026-05-23 23:27:27,913 [INFO] BlockDiagram:2775 - set Specific Code input for plugin: NVIC
2026-05-23 23:27:27,913 [INFO] BlockDiagram:2775 - set Specific Code input for plugin: SYS
2026-05-23 23:27:27,913 [INFO] BlockDiagram:2775 - set Specific Code input for plugin: GPIO
2026-05-23 23:27:27,914 [INFO] BlockDiagram:2775 - set Specific Code input for plugin: USART
2026-05-23 23:27:27,914 [INFO] BlockDiagram:2775 - set Specific Code input for plugin: RCC
2026-05-23 23:27:27,914 [INFO] BlockDiagram:2775 - set Specific Code input for plugin: DMA
2026-05-23 23:27:27,916 [INFO] CodeGenerator:892 - code generatio: config db path: /Applications/STM32CubeIDE.app/Contents/Eclipse/plugins/com.st.stm32cube.common.mx_6.15.0.202507011659//db/
2026-05-23 23:27:28,375 [INFO] CodeEngine:265 - oldGeneratedFile, /Users/admin/Desktop/My Projects/Bike4u/Programing/Bike4u/MXTmpFiles/license.tmp_save
2026-05-23 23:27:29,026 [INFO] CodeEngine:289 - Generated code: /Users/admin/Desktop/My Projects/Bike4u/Programing/Bike4u/MXTmpFiles/license.tmp
2026-05-23 23:27:29,305 [INFO] CodeEngine:265 - oldGeneratedFile, /Users/admin/Desktop/My Projects/Bike4u/Programing/Bike4u/MXTmpFiles/gpio.tmp_save
2026-05-23 23:27:29,507 [INFO] CodeEngine:289 - Generated code: /Users/admin/Desktop/My Projects/Bike4u/Programing/Bike4u/MXTmpFiles/gpio.tmp
2026-05-23 23:27:30,407 [INFO] CodeEngine:265 - oldGeneratedFile, /Users/admin/Desktop/My Projects/Bike4u/Programing/Bike4u/MXTmpFiles/dma.tmp_save
2026-05-23 23:27:30,507 [INFO] CodeEngine:289 - Generated code: /Users/admin/Desktop/My Projects/Bike4u/Programing/Bike4u/MXTmpFiles/dma.tmp
2026-05-23 23:27:30,511 [INFO] CodeEngine:265 - oldGeneratedFile, /Users/admin/Desktop/My Projects/Bike4u/Programing/Bike4u/MXTmpFiles/dma_GV.tmp_save
2026-05-23 23:27:30,596 [INFO] CodeEngine:289 - Generated code: /Users/admin/Desktop/My Projects/Bike4u/Programing/Bike4u/MXTmpFiles/dma_GV.tmp
2026-05-23 23:27:30,607 [INFO] CodeEngine:265 - oldGeneratedFile, /Users/admin/Desktop/My Projects/Bike4u/Programing/Bike4u/Core/Src/stm32l0xx_it.c_save
2026-05-23 23:27:30,764 [INFO] CodeEngine:289 - Generated code: /Users/admin/Desktop/My Projects/Bike4u/Programing/Bike4u/Core/Src/stm32l0xx_it.c
2026-05-23 23:27:30,768 [INFO] CodeEngine:265 - oldGeneratedFile, /Users/admin/Desktop/My Projects/Bike4u/Programing/Bike4u/Core/Inc/stm32l0xx_it.h_save
2026-05-23 23:27:30,847 [INFO] CodeEngine:289 - Generated code: /Users/admin/Desktop/My Projects/Bike4u/Programing/Bike4u/Core/Inc/stm32l0xx_it.h
2026-05-23 23:27:30,861 [INFO] CodeEngine:265 - oldGeneratedFile, /Users/admin/Desktop/My Projects/Bike4u/Programing/Bike4u/Core/Src/stm32l0xx_hal_msp.c_save
2026-05-23 23:27:31,077 [INFO] CodeEngine:289 - Generated code: /Users/admin/Desktop/My Projects/Bike4u/Programing/Bike4u/Core/Src/stm32l0xx_hal_msp.c
2026-05-23 23:27:31,082 [INFO] CodeEngine:265 - oldGeneratedFile, /Users/admin/Desktop/My Projects/Bike4u/Programing/Bike4u/MXTmpFiles/system.tmp_save
2026-05-23 23:27:31,172 [INFO] CodeEngine:289 - Generated code: /Users/admin/Desktop/My Projects/Bike4u/Programing/Bike4u/MXTmpFiles/system.tmp
2026-05-23 23:27:31,185 [INFO] CodeEngine:321 - oldGeneratedFile, /Users/admin/Desktop/My Projects/Bike4u/Programing/Bike4u/Core/Inc/stm32l0xx_hal_conf.h_save
2026-05-23 23:27:31,267 [INFO] CodeEngine:345 - Generated code: /Users/admin/Desktop/My Projects/Bike4u/Programing/Bike4u/Core/Inc/stm32l0xx_hal_conf.h
2026-05-23 23:27:31,304 [INFO] ApiDbMcu:532 - Load IP Config File for ADC
2026-05-23 23:27:31,309 [INFO] ApiDbMcu:532 - Load IP Config File for RTC
2026-05-23 23:27:31,313 [INFO] ApiDbMcu:532 - Load IP Config File for SPI1
2026-05-23 23:27:31,319 [INFO] ApiDbMcu:532 - Load IP Config File for USART2
2026-05-23 23:27:31,322 [INFO] ApiDbMcu:532 - Load IP Config File for RCC
2026-05-23 23:27:31,330 [INFO] CodeEngine:265 - oldGeneratedFile, /Users/admin/Desktop/My Projects/Bike4u/Programing/Bike4u/Core/Inc/main.h_save
2026-05-23 23:27:31,442 [INFO] CodeEngine:289 - Generated code: /Users/admin/Desktop/My Projects/Bike4u/Programing/Bike4u/Core/Inc/main.h
2026-05-23 23:27:31,447 [INFO] CodeEngine:265 - oldGeneratedFile, /Users/admin/Desktop/My Projects/Bike4u/Programing/Bike4u/Core/Src/main.c_save
2026-05-23 23:27:31,757 [INFO] CodeEngine:289 - Generated code: /Users/admin/Desktop/My Projects/Bike4u/Programing/Bike4u/Core/Src/main.c
2026-05-23 23:27:32,269 [INFO] ProjectBuilder:3606 - Time for Copy HAL[1] : 164mS.
2026-05-23 23:27:32,275 [INFO] ProjectBuilder:5216 - Project Generator version: 4.7.0-B52
2026-05-23 23:27:32,445 [INFO] ConfigFileManager:1595 - The Die is : DIE417
2026-05-23 23:27:32,452 [INFO] ApiDbMcu:532 - Load IP Config File for FATFS
2026-05-23 23:27:32,460 [INFO] ApiDbMcu:532 - Load IP Config File for FREERTOS
2026-05-23 23:27:35,373 [INFO] ProjectBuilder:5496 - Time for Generating toolchain IDE Files: 3096mS.
2026-05-23 23:27:35,374 [INFO] ProjectBuilder:3463 - Time for Copy CMSIS : 0mS.
2026-05-23 23:27:35,380 [INFO] ProjectBuilder:3463 - Time for Copy CMSIS : 4mS.
