2026-05-30 11:38:42,413 [INFO] Activator:176 - 


2026-05-30 11:38:42,420 [INFO] Activator:177 - !SESSION log4j initialized
2026-05-30 11:38:46,331 [INFO] LogOutputStream:77 - [STDOUT_REDIRECT] 
2026-05-30 11:38:52,219 [INFO] LogOutputStream:77 - [STDOUT_REDIRECT] 
2026-05-30 11:38:53,004 [ERROR] LogOutputStream:75 - [STDERR_REDIRECT] 
2026-05-30 11:38:53,221 [ERROR] LogOutputStream:75 - [STDERR_REDIRECT] java.net.URISyntaxException: Illegal character in path at index 28: file:/Users/admin/Desktop/My Projects/Bike4u/Programing/.metadata/.log4j2.xml
2026-05-30 11:38:53,221 [ERROR] LogOutputStream:75 - [STDERR_REDIRECT] 	at java.base/java.net.URI$Parser.fail(URI.java:2995)
2026-05-30 11:38:53,221 [ERROR] LogOutputStream:75 - [STDERR_REDIRECT] 	at java.base/java.net.URI$Parser.checkChars(URI.java:3166)
2026-05-30 11:38:53,221 [ERROR] LogOutputStream:75 - [STDERR_REDIRECT] 	at java.base/java.net.URI$Parser.parseHierarchical(URI.java:3248)
2026-05-30 11:38:53,222 [ERROR] LogOutputStream:75 - [STDERR_REDIRECT] 	at java.base/java.net.URI$Parser.parse(URI.java:3196)
2026-05-30 11:38:53,222 [ERROR] LogOutputStream:75 - [STDERR_REDIRECT] 	at java.base/java.net.URI.<init>(URI.java:645)
2026-05-30 11:38:53,222 [ERROR] LogOutputStream:75 - [STDERR_REDIRECT] 	at java.base/java.net.URL.toURI(URL.java:1220)
2026-05-30 11:38:53,223 [ERROR] LogOutputStream:75 - [STDERR_REDIRECT] 	at com.st.stm32cube.common.mx.core.CubeMxInstance.getInstance(CubeMxInstance.java:81)
2026-05-30 11:38:53,223 [ERROR] LogOutputStream:75 - [STDERR_REDIRECT] 	at com.st.stm32cube.common.mx.userauth.UserAuthAdapter.<init>(UserAuthAdapter.java:25)
2026-05-30 11:38:53,223 [ERROR] LogOutputStream:75 - [STDERR_REDIRECT] 	at com.st.stm32cube.common.mx.userauth.UserAuthProvider.getUserAuthAdapter(UserAuthProvider.java:16)
2026-05-30 11:38:53,223 [ERROR] LogOutputStream:75 - [STDERR_REDIRECT] 	at com.st.stm32cube.common.ecosystemintegration.ui.core.MCUEcoSystemIntegrationUiHelper.getUserAuth(MCUEcoSystemIntegrationUiHelper.java:100)
2026-05-30 11:38:53,224 [ERROR] LogOutputStream:75 - [STDERR_REDIRECT] 	at com.st.stm32cube.ide.mcu.userauth.UserAuthStartup.earlyStartup(UserAuthStartup.java:32)
2026-05-30 11:38:53,224 [ERROR] LogOutputStream:75 - [STDERR_REDIRECT] 	at org.eclipse.ui.internal.EarlyStartupRunnable.runEarlyStartup(EarlyStartupRunnable.java:79)
2026-05-30 11:38:53,224 [ERROR] LogOutputStream:75 - [STDERR_REDIRECT] 	at org.eclipse.ui.internal.EarlyStartupRunnable.run(EarlyStartupRunnable.java:55)
2026-05-30 11:38:53,224 [ERROR] LogOutputStream:75 - [STDERR_REDIRECT] 	at org.eclipse.core.runtime.SafeRunner.run(SafeRunner.java:47)
2026-05-30 11:38:53,224 [ERROR] LogOutputStream:75 - [STDERR_REDIRECT] 	at org.eclipse.ui.internal.Workbench$39.run(Workbench.java:2733)
2026-05-30 11:38:53,224 [ERROR] LogOutputStream:75 - [STDERR_REDIRECT] 	at org.eclipse.core.internal.jobs.Worker.run(Worker.java:63)
2026-05-30 11:38:53,452 [INFO] ApplicationProperties:184 - Using Application install path: /Applications/STM32CubeIDE.app/Contents/Eclipse/plugins/com.st.stm32cube.common.mx_6.15.0.202507011659
2026-05-30 11:38:53,472 [INFO] DbMcusXml:78 - Set database path to: /Applications/STM32CubeIDE.app/Contents/Eclipse/plugins/com.st.stm32cube.common.mx_6.15.0.202507011659//db//mcu/
2026-05-30 11:38:53,473 [INFO] ApiDb:274 - Set plugin database path to: /Applications/STM32CubeIDE.app/Contents/Eclipse/plugins/com.st.stm32cube.common.mx_6.15.0.202507011659//db//plugins/boardmanager/
2026-05-30 11:38:53,473 [WARN] ApiDb:259 - Overriding images path with different value:  => /Applications/STM32CubeIDE.app/Contents/Eclipse/plugins/com.st.stm32cube.common.mx_6.15.0.202507011659//db//plugins/mcufinder/images/
2026-05-30 11:38:53,479 [INFO] ApiDb:250 - Set database path to: /Users/admin/.stmcufinder/plugins/mcufinder//mcu/
2026-05-30 11:38:53,482 [INFO] DbMcusAds:125 - Set database path to: /Users/admin/.stmcufinder/plugins/mcufinder//mcu/
2026-05-30 11:38:53,485 [INFO] CrossReferenceDbSqlite:203 - Set database path to: /Users/admin/.stmcufinder/plugins/mcufinder//mcu/cs/
2026-05-30 11:38:53,615 [INFO] RulesReader:64 - Compatibility file has been processed (317 Rules)
2026-05-30 11:38:53,684 [INFO] DbMcusXml:78 - Set database path to: /Applications/STM32CubeIDE.app/Contents/Eclipse/plugins/com.st.stm32cube.common.mx_6.15.0.202507011659//db//mcu/
2026-05-30 11:38:53,684 [INFO] ApiDb:274 - Set plugin database path to: /Applications/STM32CubeIDE.app/Contents/Eclipse/plugins/com.st.stm32cube.common.mx_6.15.0.202507011659//db//plugins/boardmanager/
2026-05-30 11:38:53,684 [INFO] ApiDb:261 - Set plugin images path to: /Applications/STM32CubeIDE.app/Contents/Eclipse/plugins/com.st.stm32cube.common.mx_6.15.0.202507011659//db//plugins/mcufinder/images/
2026-05-30 11:38:53,685 [WARN] DbFile:41 - Overriding database path with different value: /Users/admin/.stmcufinder/plugins/mcufinder/ => /Users/admin/.stmcufinder/plugins/mcufinder
2026-05-30 11:38:53,685 [INFO] ApiDb:250 - Set database path to: /Users/admin/.stmcufinder/plugins/mcufinder//mcu/
2026-05-30 11:38:53,685 [WARN] DbFile:41 - Overriding database path with different value: /Users/admin/.stmcufinder/plugins/mcufinder/ => /Users/admin/.stmcufinder/plugins/mcufinder
2026-05-30 11:38:53,685 [INFO] DbMcusAds:125 - Set database path to: /Users/admin/.stmcufinder/plugins/mcufinder//mcu/
2026-05-30 11:38:53,685 [WARN] DbFile:41 - Overriding database path with different value: /Users/admin/.stmcufinder/plugins/mcufinder/ => /Users/admin/.stmcufinder/plugins/mcufinder
2026-05-30 11:38:53,685 [WARN] DbFile:41 - Overriding database path with different value: /Users/admin/.stmcufinder/plugins/mcufinder/ => /Users/admin/.stmcufinder/plugins/mcufinder
2026-05-30 11:38:53,685 [INFO] CrossReferenceDbSqlite:203 - Set database path to: /Users/admin/.stmcufinder/plugins/mcufinder//mcu/cs/
2026-05-30 11:38:53,762 [INFO] MainPanel:274 - HeapMemory: 268435456
2026-05-30 11:38:54,422 [INFO] DbMcusXml:78 - Set database path to: /Applications/STM32CubeIDE.app/Contents/Eclipse/plugins/com.st.stm32cube.common.mx_6.15.0.202507011659//db//mcu/
2026-05-30 11:38:54,422 [INFO] ApiDb:274 - Set plugin database path to: /Applications/STM32CubeIDE.app/Contents/Eclipse/plugins/com.st.stm32cube.common.mx_6.15.0.202507011659//db//plugins/boardmanager/
2026-05-30 11:38:54,422 [INFO] ApiDb:261 - Set plugin images path to: /Applications/STM32CubeIDE.app/Contents/Eclipse/plugins/com.st.stm32cube.common.mx_6.15.0.202507011659//db//plugins/mcufinder/images/
2026-05-30 11:38:54,422 [WARN] DbFile:41 - Overriding database path with different value: /Users/admin/.stmcufinder/plugins/mcufinder/ => /Users/admin/.stmcufinder/plugins/mcufinder
2026-05-30 11:38:54,423 [INFO] ApiDb:250 - Set database path to: /Users/admin/.stmcufinder/plugins/mcufinder//mcu/
2026-05-30 11:38:54,423 [WARN] DbFile:41 - Overriding database path with different value: /Users/admin/.stmcufinder/plugins/mcufinder/ => /Users/admin/.stmcufinder/plugins/mcufinder
2026-05-30 11:38:54,423 [INFO] DbMcusAds:125 - Set database path to: /Users/admin/.stmcufinder/plugins/mcufinder//mcu/
2026-05-30 11:38:54,423 [WARN] DbFile:41 - Overriding database path with different value: /Users/admin/.stmcufinder/plugins/mcufinder/ => /Users/admin/.stmcufinder/plugins/mcufinder
2026-05-30 11:38:54,423 [WARN] DbFile:41 - Overriding database path with different value: /Users/admin/.stmcufinder/plugins/mcufinder/ => /Users/admin/.stmcufinder/plugins/mcufinder
2026-05-30 11:38:54,423 [INFO] CrossReferenceDbSqlite:203 - Set database path to: /Users/admin/.stmcufinder/plugins/mcufinder//mcu/cs/
2026-05-30 11:38:54,445 [INFO] ApplicationProperties:184 - Using Application install path: /Applications/STM32CubeIDE.app/Contents/Eclipse/plugins/com.st.stm32cube.common.mx_6.15.0.202507011659
2026-05-30 11:38:54,447 [INFO] PluginManage:196 - Search for loadable plugins [exclusion list=, ]
2026-05-30 11:38:54,448 [INFO] PluginManage:310 - Check plugin analytics
2026-05-30 11:38:54,654 [INFO] AnalyticsPlugin:253 - Accepted Software Licenses: 
2026-05-30 11:38:54,654 [INFO] AnalyticsPlugin:255 - Accepted CMSIS Pack Licenses: Infineon.AIROC-Wi-Fi-Bluetooth-STM32.1.6.0,STMicroelectronics.X-CUBE-BLE1.7.0.0
2026-05-30 11:38:54,655 [INFO] AnalyticsPlugin:257 - Accepted Firmware Licenses: FW.G0.1.6.0,FW.WB.1.19.0,FW.WB.1.21.0
2026-05-30 11:38:54,658 [INFO] PluginManage:359 - Loaded plugin analytics (category:tool,tabindex:-1)
2026-05-30 11:38:54,658 [INFO] PluginManage:310 - Check plugin cadmodel
2026-05-30 11:38:54,664 [INFO] CADModel:105 - Init CAD model plugin
2026-05-30 11:38:54,664 [INFO] PluginManage:359 - Loaded plugin cadmodel (category:power,tabindex:5)
2026-05-30 11:38:54,664 [INFO] PluginManage:310 - Check plugin clock
2026-05-30 11:38:54,674 [INFO] PluginManage:359 - Loaded plugin clock (category:base,tabindex:2)
2026-05-30 11:38:54,674 [INFO] PluginManage:310 - Check plugin ddr
2026-05-30 11:38:54,677 [INFO] PluginManage:359 - Loaded plugin ddr (category:tool,tabindex:6)
2026-05-30 11:38:54,677 [INFO] PluginManage:310 - Check plugin filemanager
2026-05-30 11:38:54,872 [INFO] PluginManage:359 - Loaded plugin filemanager (category:base,tabindex:10)
2026-05-30 11:38:54,872 [INFO] PluginManage:310 - Check plugin ipmanager
2026-05-30 11:38:54,878 [INFO] PluginManage:359 - Loaded plugin ipmanager (category:base,tabindex:5)
2026-05-30 11:38:54,878 [INFO] PluginManage:310 - Check plugin lpbam
2026-05-30 11:38:54,889 [INFO] PluginManage:359 - Loaded plugin lpbam (category:base,tabindex:0)
2026-05-30 11:38:54,889 [INFO] PluginManage:310 - Check plugin memorymap
2026-05-30 11:38:54,905 [INFO] PluginManage:359 - Loaded plugin memorymap (category:base,tabindex:4)
2026-05-30 11:38:54,905 [INFO] PluginManage:310 - Check plugin pinoutandconfiguration
2026-05-30 11:38:54,913 [INFO] PluginManage:359 - Loaded plugin pinoutandconfiguration (category:base,tabindex:1)
2026-05-30 11:38:54,914 [INFO] PluginManage:310 - Check plugin pinoutconfig
2026-05-30 11:38:55,023 [WARN] SupportedApi:132 - Cannot load RTOS API schema: s4s-elt-must-match.1: The content of 'definitions' must match (annotation?, (simpleType | complexType)?, (unique | key | keyref)*)). A problem was found starting at: attribute.
2026-05-30 11:38:55,182 [INFO] PluginManage:359 - Loaded plugin pinoutconfig (category:base,tabindex:0)
2026-05-30 11:38:55,182 [INFO] PluginManage:310 - Check plugin power
2026-05-30 11:38:55,193 [INFO] PluginManage:359 - Loaded plugin power (category:power,tabindex:4)
2026-05-30 11:38:55,193 [INFO] PluginManage:310 - Check plugin projectmanager
2026-05-30 11:38:55,213 [INFO] PluginManage:359 - Loaded plugin projectmanager (category:projectmanager,tabindex:4)
2026-05-30 11:38:55,213 [INFO] PluginManage:310 - Check plugin rif
2026-05-30 11:38:55,225 [INFO] PluginManage:359 - Loaded plugin rif (category:base,tabindex:3)
2026-05-30 11:38:55,225 [INFO] PluginManage:310 - Check plugin thirdparty
2026-05-30 11:38:55,372 [WARN] IntegrityCheckThread:84 - waiting for thirdparty lock release [integrity check]
2026-05-30 11:38:55,373 [INFO] PluginManage:359 - Loaded plugin thirdparty (category:base,tabindex:-1)
2026-05-30 11:38:55,373 [INFO] IntegrityCheckThread:86 - entering critical section [integrity check]
2026-05-30 11:38:55,373 [INFO] PluginManage:310 - Check plugin tools
2026-05-30 11:38:55,373 [INFO] ThirdPartyUpdaterWithRetryManager:70 - Updater plugin not ready yet. [1/15]
2026-05-30 11:38:55,376 [INFO] PluginManage:359 - Loaded plugin tools (category:base,tabindex:7)
2026-05-30 11:38:55,376 [INFO] PluginManage:310 - Check plugin tutovideos
2026-05-30 11:38:55,658 [INFO] PluginManage:359 - Loaded plugin tutovideos (category:base,tabindex:-1)
2026-05-30 11:38:55,658 [INFO] PluginManage:310 - Check plugin updater
2026-05-30 11:38:55,681 [INFO] PluginManage:359 - Loaded plugin updater (category:base,tabindex:12)
2026-05-30 11:38:55,682 [INFO] PluginManage:310 - Check plugin userauth
2026-05-30 11:38:55,686 [INFO] UserAuth:118 - Init User Auth plugin
2026-05-30 11:38:55,686 [INFO] PluginManage:359 - Loaded plugin userauth (category:base,tabindex:14)
2026-05-30 11:38:55,687 [INFO] PluginManage:283 - PluginManage : Loaded plugins [18]
2026-05-30 11:38:55,900 [INFO] PinOutPanel:1589 - setPackage(No Configuration,No Configuration)
2026-05-30 11:38:55,996 [INFO] CADModel:165 - CPN selected for project level
2026-05-30 11:38:55,997 [INFO] CADModel:114 - Register for checkConnection events
2026-05-30 11:38:56,009 [INFO] IPUIPlugin:80 - create IPUIPlugin
2026-05-30 11:38:56,010 [INFO] PluginManager:220 - loadIPPluginJar : add mdma
2026-05-30 11:38:56,017 [INFO] IPUIPlugin:80 - create IPUIPlugin
2026-05-30 11:38:56,017 [INFO] PluginManager:220 - loadIPPluginJar : add freertos
2026-05-30 11:38:56,026 [INFO] IPUIPlugin:80 - create IPUIPlugin
2026-05-30 11:38:56,026 [INFO] PluginManager:220 - loadIPPluginJar : add gic
2026-05-30 11:38:56,042 [INFO] IPUIPlugin:80 - create IPUIPlugin
2026-05-30 11:38:56,042 [INFO] PluginManager:220 - loadIPPluginJar : add adc
2026-05-30 11:38:56,046 [INFO] IPUIPlugin:80 - create IPUIPlugin
2026-05-30 11:38:56,047 [INFO] PluginManager:220 - loadIPPluginJar : add gtzc
2026-05-30 11:38:56,048 [INFO] IPUIPlugin:80 - create IPUIPlugin
2026-05-30 11:38:56,048 [INFO] PluginManager:220 - loadIPPluginJar : add quadspi
2026-05-30 11:38:56,051 [INFO] IPUIPlugin:80 - create IPUIPlugin
2026-05-30 11:38:56,051 [INFO] PluginManager:220 - loadIPPluginJar : add aes
2026-05-30 11:38:56,053 [INFO] IPUIPlugin:80 - create IPUIPlugin
2026-05-30 11:38:56,053 [INFO] PluginManager:220 - loadIPPluginJar : add pdm2pcm
2026-05-30 11:38:56,055 [INFO] IPUIPlugin:80 - create IPUIPlugin
2026-05-30 11:38:56,055 [INFO] PluginManager:220 - loadIPPluginJar : add hash
2026-05-30 11:38:56,057 [INFO] IPUIPlugin:80 - create IPUIPlugin
2026-05-30 11:38:56,057 [INFO] PluginManager:220 - loadIPPluginJar : add tim
2026-05-30 11:38:56,058 [INFO] IPUIPlugin:80 - create IPUIPlugin
2026-05-30 11:38:56,058 [INFO] PluginManager:220 - loadIPPluginJar : add tsc
2026-05-30 11:38:56,061 [INFO] IPUIPlugin:80 - create IPUIPlugin
2026-05-30 11:38:56,061 [INFO] PluginManager:220 - loadIPPluginJar : add extmemmanager
2026-05-30 11:38:56,063 [INFO] IPUIPlugin:80 - create IPUIPlugin
2026-05-30 11:38:56,063 [INFO] PluginManager:220 - loadIPPluginJar : add ts
2026-05-30 11:38:56,064 [INFO] IPUIPlugin:80 - create IPUIPlugin
2026-05-30 11:38:56,065 [INFO] PluginManager:220 - loadIPPluginJar : add radio
2026-05-30 11:38:56,067 [INFO] IPUIPlugin:80 - create IPUIPlugin
2026-05-30 11:38:56,067 [INFO] PluginManager:220 - loadIPPluginJar : add can
2026-05-30 11:38:56,070 [INFO] IPUIPlugin:80 - create IPUIPlugin
2026-05-30 11:38:56,070 [INFO] PluginManager:220 - loadIPPluginJar : add dma3
2026-05-30 11:38:56,072 [INFO] IPUIPlugin:80 - create IPUIPlugin
2026-05-30 11:38:56,072 [INFO] PluginManager:220 - loadIPPluginJar : add dfsdm
2026-05-30 11:38:56,076 [INFO] IPUIPlugin:80 - create IPUIPlugin
2026-05-30 11:38:56,076 [INFO] PluginManager:220 - loadIPPluginJar : add spi
2026-05-30 11:38:56,079 [INFO] IPUIPlugin:80 - create IPUIPlugin
2026-05-30 11:38:56,080 [INFO] PluginManager:220 - loadIPPluginJar : add gfxmmu
2026-05-30 11:38:56,081 [INFO] IPUIPlugin:80 - create IPUIPlugin
2026-05-30 11:38:56,081 [INFO] PluginManager:220 - loadIPPluginJar : add genericplugin
2026-05-30 11:38:56,084 [INFO] IPUIPlugin:80 - create IPUIPlugin
2026-05-30 11:38:56,084 [INFO] PluginManager:220 - loadIPPluginJar : add cryp
2026-05-30 11:38:56,088 [INFO] IPUIPlugin:80 - create IPUIPlugin
2026-05-30 11:38:56,088 [INFO] PluginManager:220 - loadIPPluginJar : add gpio
2026-05-30 11:38:56,091 [INFO] IPUIPlugin:80 - create IPUIPlugin
2026-05-30 11:38:56,091 [INFO] PluginManager:220 - loadIPPluginJar : add ddr_ctrl_phy
2026-05-30 11:38:56,093 [INFO] IPUIPlugin:80 - create IPUIPlugin
2026-05-30 11:38:56,093 [INFO] PluginManager:220 - loadIPPluginJar : add comp
2026-05-30 11:38:56,095 [INFO] IPUIPlugin:80 - create IPUIPlugin
2026-05-30 11:38:56,095 [INFO] PluginManager:220 - loadIPPluginJar : add tracer_emb
2026-05-30 11:38:56,098 [INFO] IPUIPlugin:80 - create IPUIPlugin
2026-05-30 11:38:56,099 [INFO] PluginManager:220 - loadIPPluginJar : add openamp
2026-05-30 11:38:56,105 [INFO] IPUIPlugin:80 - create IPUIPlugin
2026-05-30 11:38:56,105 [INFO] PluginManager:220 - loadIPPluginJar : add stm32_wpan
2026-05-30 11:38:56,112 [INFO] IPUIPlugin:80 - create IPUIPlugin
2026-05-30 11:38:56,115 [INFO] PluginManager:220 - loadIPPluginJar : add plateformsettings
2026-05-30 11:38:56,118 [INFO] IPUIPlugin:80 - create IPUIPlugin
2026-05-30 11:38:56,118 [INFO] PluginManager:220 - loadIPPluginJar : add ipddr
2026-05-30 11:38:56,121 [INFO] IPUIPlugin:80 - create IPUIPlugin
2026-05-30 11:38:56,121 [INFO] PluginManager:220 - loadIPPluginJar : add usart
2026-05-30 11:38:56,123 [INFO] IPUIPlugin:80 - create IPUIPlugin
2026-05-30 11:38:56,124 [INFO] PluginManager:220 - loadIPPluginJar : add ltdc
2026-05-30 11:38:56,130 [INFO] IPUIPlugin:80 - create IPUIPlugin
2026-05-30 11:38:56,131 [INFO] PluginManager:220 - loadIPPluginJar : add nvic
2026-05-30 11:38:56,132 [INFO] IPUIPlugin:80 - create IPUIPlugin
2026-05-30 11:38:56,132 [INFO] PluginManager:220 - loadIPPluginJar : add fatfs
2026-05-30 11:38:56,143 [INFO] IPUIPlugin:80 - create IPUIPlugin
2026-05-30 11:38:56,144 [INFO] PluginManager:220 - loadIPPluginJar : add linkedlist
2026-05-30 11:38:56,151 [INFO] IPUIPlugin:80 - create IPUIPlugin
2026-05-30 11:38:56,151 [INFO] PluginManager:220 - loadIPPluginJar : add dma
2026-05-30 11:38:56,155 [INFO] IPUIPlugin:80 - create IPUIPlugin
2026-05-30 11:38:56,155 [INFO] PluginManager:220 - loadIPPluginJar : add fmc
2026-05-30 11:38:56,157 [INFO] IPUIPlugin:80 - create IPUIPlugin
2026-05-30 11:38:56,158 [INFO] PluginManager:220 - loadIPPluginJar : add i2s
2026-05-30 11:38:56,159 [INFO] IPUIPlugin:80 - create IPUIPlugin
2026-05-30 11:38:56,159 [INFO] PluginManager:220 - loadIPPluginJar : add ucpd
2026-05-30 11:38:56,161 [INFO] IPUIPlugin:80 - create IPUIPlugin
2026-05-30 11:38:56,161 [INFO] PluginManager:220 - loadIPPluginJar : add lorawan
2026-05-30 11:38:56,164 [INFO] IPUIPlugin:80 - create IPUIPlugin
2026-05-30 11:38:56,164 [INFO] PluginManager:220 - loadIPPluginJar : add opamp
2026-05-30 11:38:56,167 [INFO] IPUIPlugin:80 - create IPUIPlugin
2026-05-30 11:38:56,167 [INFO] PluginManager:220 - loadIPPluginJar : add i3c
2026-05-30 11:38:56,173 [INFO] IPUIPlugin:80 - create IPUIPlugin
2026-05-30 11:38:56,173 [INFO] PluginManager:220 - loadIPPluginJar : add touchsensing
2026-05-30 11:38:56,176 [INFO] IPUIPlugin:80 - create IPUIPlugin
2026-05-30 11:38:56,176 [INFO] PluginManager:220 - loadIPPluginJar : add i2c
2026-05-30 11:38:56,181 [INFO] IPUIPlugin:80 - create IPUIPlugin
2026-05-30 11:38:56,181 [INFO] PluginManager:220 - loadIPPluginJar : add resmgrutility
2026-05-30 11:38:56,186 [INFO] IPUIPlugin:80 - create IPUIPlugin
2026-05-30 11:38:56,186 [INFO] PluginManager:220 - loadIPPluginJar : add sai
2026-05-30 11:38:56,191 [INFO] IPUIPlugin:80 - create IPUIPlugin
2026-05-30 11:38:56,191 [INFO] PluginManager:220 - loadIPPluginJar : add usbx
2026-05-30 11:38:56,296 [FATAL] Updater:351 - Updater called before beeing initialized
2026-05-30 11:38:56,324 [INFO] RulesReader:64 - Compatibility file has been processed (317 Rules)
2026-05-30 11:38:56,334 [INFO] RulesReader:64 - Compatibility file has been processed (317 Rules)
2026-05-30 11:38:56,341 [INFO] CADModel:165 - CPN selected for project level
2026-05-30 11:38:56,341 [INFO] CADModel:114 - Register for checkConnection events
2026-05-30 11:38:56,341 [FATAL] Updater:351 - Updater called before beeing initialized
2026-05-30 11:38:56,341 [ERROR] CADModel:125 - Updater not yet initialized, retry later 
2026-05-30 11:38:56,543 [FATAL] Updater:351 - Updater called before beeing initialized
2026-05-30 11:38:56,546 [INFO] CADModel:165 - CPN selected for project level
2026-05-30 11:38:56,546 [INFO] CADModel:114 - Register for checkConnection events
2026-05-30 11:38:56,546 [FATAL] Updater:351 - Updater called before beeing initialized
2026-05-30 11:38:56,546 [ERROR] CADModel:125 - Updater not yet initialized, retry later 
2026-05-30 11:38:56,553 [FATAL] Updater:351 - Updater called before beeing initialized
2026-05-30 11:38:56,650 [FATAL] Updater:351 - Updater called before beeing initialized
2026-05-30 11:38:56,657 [INFO] DbMcusAds:53 - JSON generation date=Mon Apr 27 11:14:29 EEST 2026 (1777277669683)
2026-05-30 11:38:56,657 [FATAL] Updater:351 - Updater called before beeing initialized
2026-05-30 11:38:56,726 [WARN] DetailPanel:346 - Failed to get advertising image, set to default
2026-05-30 11:38:56,814 [FATAL] Updater:351 - Updater called before beeing initialized
2026-05-30 11:38:56,815 [FATAL] Updater:351 - Updater called before beeing initialized
2026-05-30 11:38:56,815 [FATAL] Updater:351 - Updater called before beeing initialized
2026-05-30 11:38:56,816 [WARN] DetailPanel:346 - Failed to get advertising image, set to default
2026-05-30 11:38:56,816 [FATAL] Updater:351 - Updater called before beeing initialized
2026-05-30 11:38:56,845 [ERROR] Updater:1198 - MainUpdater not yet initialized. External WinMGr cannot be set.
2026-05-30 11:38:56,847 [INFO] Updater:1134 - Updater Version found : 6.15.0
2026-05-30 11:38:56,867 [INFO] ApplicationProperties:184 - Using Application install path: /Applications/STM32CubeIDE.app/Contents/Eclipse/plugins/com.st.stm32cube.common.mx_6.15.0.202507011659
2026-05-30 11:38:57,256 [INFO] MainUpdater:2872 - connection check result : 10
2026-05-30 11:38:57,257 [INFO] MainUpdater:3604 - Updater definition file requires update
2026-05-30 11:38:57,258 [INFO] MainUpdater:289 - Updater Check For Update Now.
2026-05-30 11:38:57,258 [INFO] MicroXplorer:498 - Change Database Version : DB.6.0.150
2026-05-30 11:38:57,267 [INFO] McuFinderGlobals:63 - Set McuFinder mode to 2 (CubeIDE integrated)
2026-05-30 11:38:57,269 [INFO] UserAuth:487 - Internet connection configuration mode: 1
2026-05-30 11:38:57,295 [INFO] JxBrowserEngine:152 - Initiate JxBrowser Engine with user profile folder
2026-05-30 11:38:57,360 [INFO] ServerAccessManage:452 - Complete download http(s) 200
2026-05-30 11:38:57,361 [INFO] ServerAccessManage:509 - Download File updaters.zip
2026-05-30 11:38:57,437 [INFO] FileExtend:248 - Unzip File : updaters.zip
2026-05-30 11:38:57,437 [INFO] FileExtend:263 - Standard Zip Deflate
2026-05-30 11:38:57,782 [INFO] ServerAccessManage:452 - Complete download http(s) 200
2026-05-30 11:38:57,782 [INFO] ServerAccessManage:509 - Download File PacksControlFlags.xml
2026-05-30 11:38:57,866 [INFO] ServerAccessManage:452 - Complete download http(s) 200
2026-05-30 11:38:57,866 [INFO] ServerAccessManage:509 - Download File cubemx.pidx
2026-05-30 11:38:58,013 [INFO] LoadServerUpdatesThread:375 - End of LoadServerUpdate Thread
2026-05-30 11:38:58,217 [INFO] CheckServerUpdateThread:120 - End of CheckServer Thread
2026-05-30 11:38:58,791 [WARN] PackLoader:240 - Cannot read IP mode file for STMicroelectronics.X-CUBE-AZRTOS-H7.3.5.0
2026-05-30 11:38:58,832 [WARN] PackLoader:240 - Cannot read IP mode file for STMicroelectronics.FP-SNS-MOTENVWB1.1.4.0
2026-05-30 11:38:58,840 [WARN] PackLoader:240 - Cannot read IP mode file for STMicroelectronics.FP-ATR-ASTRA1.2.0.2
2026-05-30 11:38:58,846 [WARN] PackLoader:240 - Cannot read IP mode file for STMicroelectronics.FP-ATR-ASTRA1.2.0.1
2026-05-30 11:38:58,865 [WARN] PackLoader:240 - Cannot read IP mode file for STMicroelectronics.X-CUBE-SMBUS.2.1.0
2026-05-30 11:38:58,881 [WARN] PackLoader:240 - Cannot read IP mode file for STMicroelectronics.X-CUBE-WB05N.1.1.0
2026-05-30 11:38:58,888 [WARN] PackLoader:240 - Cannot read IP mode file for STMicroelectronics.X-CUBE-ST60.1.0.0
2026-05-30 11:38:58,895 [WARN] PackLoader:240 - Cannot read IP mode file for STMicroelectronics.X-CUBE-TOUCHGFX.4.23.2
2026-05-30 11:38:58,937 [WARN] PackLoader:240 - Cannot read IP mode file for STMicroelectronics.X-CUBE-AZRTOS-F7.1.1.0
2026-05-30 11:38:58,952 [WARN] PackLoader:240 - Cannot read IP mode file for STMicroelectronics.FP-SNS-MOTENV1.4.3.2
2026-05-30 11:38:59,063 [WARN] PackLoader:240 - Cannot read IP mode file for STMicroelectronics.X-CUBE-MEMS1.11.0.0
2026-05-30 11:38:59,293 [WARN] PackLoader:240 - Cannot read IP mode file for STMicroelectronics.FP-SNS-MOTENV1.5.1.0
2026-05-30 11:38:59,300 [WARN] PackLoader:240 - Cannot read IP mode file for STMicroelectronics.FP-SNS-FLIGHT1.5.0.2
2026-05-30 11:38:59,321 [INFO] WebApp:169 - Instantiating new browser for Auth
2026-05-30 11:38:59,332 [WARN] PackLoader:240 - Cannot read IP mode file for STMicroelectronics.X-CUBE-AZRTOS-H7.3.4.0
2026-05-30 11:38:59,365 [WARN] PackLoader:240 - Cannot read IP mode file for STMicroelectronics.X-CUBE-DISPLAY.3.0.0
2026-05-30 11:38:59,396 [WARN] PackLoader:240 - Cannot read IP mode file for STMicroelectronics.X-CUBE-GNSS1.7.1.1
2026-05-30 11:38:59,414 [WARN] PackLoader:240 - Cannot read IP mode file for STMicroelectronics.FP-SNS-MOTENVWB1.1.5.0
2026-05-30 11:38:59,437 [WARN] PackLoader:240 - Cannot read IP mode file for STMicroelectronics.X-CUBE-BLE1.7.0.0
2026-05-30 11:38:59,572 [WARN] PackLoader:240 - Cannot read IP mode file for STMicroelectronics.X-CUBE-NFC10.1.0.0
2026-05-30 11:38:59,597 [WARN] PackLoader:240 - Cannot read IP mode file for STMicroelectronics.X-CUBE-BLEMGR.4.0.0
2026-05-30 11:38:59,607 [WARN] PackLoader:240 - Cannot read IP mode file for STMicroelectronics.X-CUBE-ST60.1.1.0
2026-05-30 11:38:59,615 [WARN] PackLoader:240 - Cannot read IP mode file for emotas.I-CUBE-CANOPEN.1.3.0
2026-05-30 11:38:59,622 [WARN] PackLoader:240 - Cannot read IP mode file for STMicroelectronics.X-CUBE-GNSS1.7.1.0
2026-05-30 11:38:59,633 [WARN] PackLoader:240 - Cannot read IP mode file for STMicroelectronics.X-CUBE-BLEMGR.3.1.0
2026-05-30 11:38:59,640 [WARN] PackLoader:240 - Cannot read IP mode file for STMicroelectronics.X-CUBE-AI.10.0.0
2026-05-30 11:38:59,649 [WARN] PackLoader:240 - Cannot read IP mode file for STMicroelectronics.FP-SNS-STBOX1.2.1.0
2026-05-30 11:38:59,659 [WARN] PackLoader:240 - Cannot read IP mode file for STMicroelectronics.FP-SNS-SMARTAG2.1.2.0
2026-05-30 11:38:59,665 [WARN] PackLoader:240 - Cannot read IP mode file for STMicroelectronics.FP-SNS-FLIGHT1.5.1.0
2026-05-30 11:38:59,753 [WARN] PackLoader:240 - Cannot read IP mode file for STMicroelectronics.X-CUBE-MEMS1.11.1.0
2026-05-30 11:38:59,948 [INFO] LogOutputStream:77 - [STDOUT_REDIRECT] 1 : Invalid condition id : UX_CORESTACK_Condition cause : null
2026-05-30 11:38:59,949 [INFO] LogOutputStream:77 - [STDOUT_REDIRECT] 1 : Invalid condition id : UX_CORESTACK_Condition cause : null
2026-05-30 11:38:59,949 [INFO] LogOutputStream:77 - [STDOUT_REDIRECT] 1 : Invalid condition id : UX_CORESTACK_Condition cause : null
2026-05-30 11:38:59,949 [INFO] LogOutputStream:77 - [STDOUT_REDIRECT] 1 : Invalid condition id : UX_CORESTACK_Condition cause : null
2026-05-30 11:38:59,949 [INFO] LogOutputStream:77 - [STDOUT_REDIRECT] 1 : Invalid condition id : UX_CORESTACK_Condition cause : null
2026-05-30 11:38:59,953 [WARN] PackLoader:240 - Cannot read IP mode file for STMicroelectronics.X-CUBE-AZRTOS-WL.2.0.0
2026-05-30 11:38:59,974 [WARN] PackLoader:240 - Cannot read IP mode file for STMicroelectronics.FP-SNS-MOTENV1.5.0.0
2026-05-30 11:38:59,996 [WARN] PackLoader:240 - Cannot read IP mode file for STMicroelectronics.X-CUBE-AZRTOS-H7RS.1.2.0
2026-05-30 11:39:00,005 [WARN] PackLoader:240 - Cannot read IP mode file for wolfSSL.I-CUBE-wolfMQTT.1.19.0
2026-05-30 11:39:00,013 [WARN] PackLoader:240 - Cannot read IP mode file for WES.I-CUBE-Cesium.1.3.0
2026-05-30 11:39:00,017 [WARN] PackLoader:240 - Cannot read IP mode file for STMicroelectronics.X-CUBE-BLE2.3.3.0
2026-05-30 11:39:00,036 [WARN] PackLoader:240 - Cannot read IP mode file for STMicroelectronics.X-CUBE-NFC9.1.0.0
2026-05-30 11:39:00,042 [WARN] PackLoader:240 - Cannot read IP mode file for STMicroelectronics.X-CUBE-BLE1.7.1.0
2026-05-30 11:39:00,049 [WARN] PackLoader:240 - Cannot read IP mode file for STMicroelectronics.X-CUBE-TCPP.4.1.0
2026-05-30 11:39:00,058 [WARN] PackLoader:240 - Cannot read IP mode file for STMicroelectronics.X-CUBE-FREERTOS.1.4.0
2026-05-30 11:39:00,066 [WARN] PackLoader:240 - Cannot read IP mode file for STMicroelectronics.X-CUBE-EEPRMA1.5.2.0
2026-05-30 11:39:00,074 [WARN] PackLoader:240 - Cannot read IP mode file for STMicroelectronics.X-CUBE-ST67W61.1.1.0
2026-05-30 11:39:00,079 [WARN] PackLoader:240 - Cannot read IP mode file for STMicroelectronics.X-CUBE-AI.10.1.0
2026-05-30 11:39:00,086 [WARN] PackLoader:240 - Cannot read IP mode file for STMicroelectronics.FP-SNS-STAIOTCFT.1.1.0
2026-05-30 11:39:00,141 [WARN] PackLoader:240 - Cannot read IP mode file for STMicroelectronics.X-CUBE-MEMS1.12.0.0
2026-05-30 11:39:00,275 [WARN] PackLoader:240 - Cannot read IP mode file for STMicroelectronics.X-CUBE-ALGOBUILD.1.3.0
2026-05-30 11:39:00,347 [WARN] PackLoader:240 - Cannot read IP mode file for STMicroelectronics.X-CUBE-MEMS1.11.2.0
2026-05-30 11:39:00,484 [WARN] PackLoader:240 - Cannot read IP mode file for STMicroelectronics.X-CUBE-AZRTOS-G0.1.1.0
2026-05-30 11:39:00,492 [WARN] PackLoader:240 - Cannot read IP mode file for STMicroelectronics.X-CUBE-SAFEA1.1.2.2
2026-05-30 11:39:00,499 [WARN] PackLoader:240 - Cannot read IP mode file for STMicroelectronics.X-CUBE-NFC4.3.0.0
2026-05-30 11:39:00,510 [WARN] PackLoader:240 - Cannot read IP mode file for EmbeddedOffice.I-CUBE-FS-RTOS.1.0.1
2026-05-30 11:39:00,516 [WARN] PackLoader:240 - Cannot read IP mode file for STMicroelectronics.X-CUBE-WB05N.2.0.0
2026-05-30 11:39:00,522 [WARN] PackLoader:240 - Cannot read IP mode file for STMicroelectronics.X-CUBE-TCPP.4.2.0
2026-05-30 11:39:00,528 [WARN] PackLoader:240 - Cannot read IP mode file for RealThread.X-CUBE-RT-Thread_Nano.4.1.1
2026-05-30 11:39:00,531 [WARN] PackLoader:240 - Cannot read IP mode file for wolfSSL.I-CUBE-wolfSSL.5.7.0
2026-05-30 11:39:00,535 [WARN] PackLoader:240 - Cannot read IP mode file for STMicroelectronics.FP-ATR-SIGFOX1.3.2.0
2026-05-30 11:39:00,538 [WARN] ConditionMgr:438 - getConditionDescription Invalid condition id : Cortex-A Device cause : null
2026-05-30 11:39:00,546 [WARN] ConditionMgr:1044 - genDependencies : Invalid condition id : Cortex-A Device cause : null
2026-05-30 11:39:00,547 [WARN] ConditionMgr:1044 - genDependencies : Invalid condition id : Cortex-A Device cause : null
2026-05-30 11:39:00,547 [WARN] ConditionMgr:1044 - genDependencies : Invalid condition id : Cortex-A Device cause : null
2026-05-30 11:39:00,555 [WARN] PackLoader:240 - Cannot read IP mode file for STMicroelectronics.X-CUBE-EEPRMA1.5.1.0
2026-05-30 11:39:00,562 [WARN] PackLoader:240 - Cannot read IP mode file for STMicroelectronics.X-CUBE-FREERTOS.1.5.0
2026-05-30 11:39:00,585 [WARN] PackLoader:240 - Cannot read IP mode file for ITTIA_DB.I-CUBE-ITTIADB.8.9.0
2026-05-30 11:39:00,612 [WARN] PackLoader:240 - Cannot read IP mode file for STMicroelectronics.X-CUBE-NFC6.3.2.0
2026-05-30 11:39:00,645 [WARN] PackLoader:240 - Cannot read IP mode file for STMicroelectronics.X-CUBE-ST67W61.1.0.0
2026-05-30 11:39:00,657 [WARN] PackLoader:240 - Cannot read IP mode file for STMicroelectronics.X-CUBE-AI.10.2.0
2026-05-30 11:39:00,739 [WARN] PackLoader:240 - Cannot read IP mode file for STMicroelectronics.X-CUBE-MEMS1.12.1.0
2026-05-30 11:39:00,781 [INFO] WebApp:463 - Apply proxy settings
2026-05-30 11:39:00,788 [INFO] WebApp:508 - Chromium authenticates against Manually configured proxy
2026-05-30 11:39:00,811 [INFO] WebApp:516 - Username used for proxy authentication: 
2026-05-30 11:39:00,887 [INFO] WebApp:900 - Register for checkConnection events
2026-05-30 11:39:00,887 [INFO] WebApp:463 - Apply proxy settings
2026-05-30 11:39:00,891 [INFO] WebApp:508 - Chromium authenticates against Manually configured proxy
2026-05-30 11:39:00,892 [INFO] WebApp:516 - Username used for proxy authentication: 
2026-05-30 11:39:00,960 [WARN] PackLoader:240 - Cannot read IP mode file for SEGGER.I-CUBE-embOS.1.3.1
2026-05-30 11:39:01,009 [WARN] PackLoader:240 - Cannot read IP mode file for STMicroelectronics.X-CUBE-ALGOBUILD.1.4.0
2026-05-30 11:39:01,070 [WARN] PackLoader:240 - Cannot read IP mode file for STMicroelectronics.X-CUBE-MEMS1.11.3.0
2026-05-30 11:39:01,098 [INFO] WebApp:191 - Connection restablished
2026-05-30 11:39:01,363 [WARN] PackLoader:240 - Cannot read IP mode file for STMicroelectronics.X-CUBE-AI.9.1.0
2026-05-30 11:39:01,372 [WARN] PackLoader:240 - Cannot read IP mode file for STMicroelectronics.X-CUBE-PM33A1.1.0.0
2026-05-30 11:39:01,406 [WARN] PackLoader:240 - Cannot read IP mode file for STMicroelectronics.X-CUBE-GNSS1.6.0.0
2026-05-30 11:39:01,434 [WARN] PackLoader:240 - Cannot read IP mode file for STMicroelectronics.X-CUBE-AZRTOS-F4.1.1.0
2026-05-30 11:39:01,440 [WARN] PackLoader:240 - Cannot read IP mode file for Avnet-IotConnect.X-CUBE-IoTC-DA16k-PMOD.1.0.0
2026-05-30 11:39:01,445 [WARN] PackLoader:240 - Cannot read IP mode file for STMicroelectronics.X-CUBE-ISPU.2.1.0
2026-05-30 11:39:01,457 [WARN] PackLoader:240 - Cannot read IP mode file for STMicroelectronics.X-CUBE-IPS.3.2.0
2026-05-30 11:39:01,471 [WARN] PackLoader:240 - Cannot read IP mode file for STMicroelectronics.eDS-WB_DPC_TT-BIDIR.2.1.1
2026-05-30 11:39:01,477 [WARN] PackLoader:240 - Cannot read IP mode file for STMicroelectronics.X-CUBE-FREERTOS.1.2.0
2026-05-30 11:39:01,486 [WARN] PackLoader:240 - Cannot read IP mode file for STMicroelectronics.X-CUBE-NFC12.1.0.0
2026-05-30 11:39:01,497 [INFO] WebApp:225 - Starting web application
2026-05-30 11:39:01,497 [INFO] WebApp:593 - Web application path used /Applications/STM32CubeIDE.app/Contents/Eclipse/plugins/com.st.stm32cube.common.mx_6.15.0.202507011659/db/plugins/mcufinder/reactClient1/index.html
2026-05-30 11:39:01,510 [WARN] PackLoader:240 - Cannot read IP mode file for STMicroelectronics.X-CUBE-AZRTOS-L5.2.0.0
2026-05-30 11:39:01,522 [WARN] PackLoader:240 - Cannot read IP mode file for STMicroelectronics.X-CUBE-NFC6.3.1.0
2026-05-30 11:39:01,532 [WARN] PackLoader:240 - Cannot read IP mode file for STMicroelectronics.X-CUBE-ALGOBUILD.1.5.0
2026-05-30 11:39:01,539 [WARN] PackLoader:240 - Cannot read IP mode file for STMicroelectronics.X-CUBE-DPower.1.2.0
2026-05-30 11:39:01,542 [WARN] PackLoader:240 - Cannot read IP mode file for STMicroelectronics.eDS-WB_DPC_VIENNA.1.2.0
2026-05-30 11:39:01,545 [WARN] PackLoader:240 - Cannot read IP mode file for STMicroelectronics.eDS-WB_DPC_3PH2L-BIDIR.1.1.1
2026-05-30 11:39:01,549 [WARN] PackLoader:240 - Cannot read IP mode file for STMicroelectronics.X-CUBE-AI.9.0.0
2026-05-30 11:39:01,556 [ERROR] Engine:466 - /Users/admin/.stm32cubemx/thirdparties/pdsc/STMicroelectronics.X-CUBE-ST67W61.1.3.0.pdsc: PDSC version is not supported
2026-05-30 11:39:01,574 [WARN] PackLoader:240 - Cannot read IP mode file for STMicroelectronics.X-CUBE-FREERTOS.1.3.1
2026-05-30 11:39:01,580 [WARN] PackLoader:240 - Cannot read IP mode file for STMicroelectronics.X-CUBE-FREERTOS.1.3.0
2026-05-30 11:39:01,588 [WARN] PackLoader:240 - Cannot read IP mode file for STMicroelectronics.X-CUBE-NFC7.1.0.1
2026-05-30 11:39:01,596 [WARN] PackLoader:240 - Cannot read IP mode file for wolfSSL.I-CUBE-wolfTPM.3.2.0
2026-05-30 11:39:01,607 [WARN] PackLoader:240 - Cannot read IP mode file for STMicroelectronics.X-CUBE-TOUCHGFX.4.26.0
2026-05-30 11:39:01,616 [WARN] PackLoader:240 - Cannot read IP mode file for STMicroelectronics.X-CUBE-TOUCHGFX.4.26.1
2026-05-30 11:39:01,621 [WARN] PackLoader:240 - Cannot read IP mode file for STMicroelectronics.FP-SNS-STAIOTCFT.1.0.0
2026-05-30 11:39:01,629 [WARN] PackLoader:240 - Cannot read IP mode file for STMicroelectronics.X-CUBE-DPower.1.3.0
2026-05-30 11:39:01,641 [WARN] PackLoader:240 - Cannot read IP mode file for STMicroelectronics.X-CUBE-AI.8.1.0
2026-05-30 11:39:01,687 [INFO] UserAuth:487 - Internet connection configuration mode: 1
2026-05-30 11:39:01,689 [WARN] ConditionMgr:438 - getConditionDescription Invalid condition id : LAN8742 Phy interface Condition cause : null
2026-05-30 11:39:01,693 [WARN] PackLoader:240 - Cannot read IP mode file for STMicroelectronics.X-CUBE-AZRTOS-L4.2.0.0
2026-05-30 11:39:01,695 [WARN] ConditionMgr:1044 - genDependencies : Invalid condition id : LAN8742 Phy interface Condition cause : null
2026-05-30 11:39:01,695 [WARN] ConditionMgr:1044 - genDependencies : Invalid condition id : LAN8742 Phy interface Condition cause : null
2026-05-30 11:39:01,696 [WARN] ConditionMgr:1044 - genDependencies : Invalid condition id : LAN8742 Phy interface Condition cause : null
2026-05-30 11:39:01,707 [WARN] PackLoader:240 - Cannot read IP mode file for STMicroelectronics.X-CUBE-SFXS2LP1.4.0.0
2026-05-30 11:39:01,714 [WARN] PackLoader:240 - Cannot read IP mode file for STMicroelectronics.X-CUBE-WB05N.2.1.0
2026-05-30 11:39:01,748 [WARN] PackLoader:240 - Cannot read IP mode file for STMicroelectronics.X-CUBE-ST67W61.1.2.0
2026-05-30 11:39:01,770 [WARN] PackLoader:240 - Cannot read IP mode file for STMicroelectronics.X-CUBE-AZRTOS-H7.3.3.0
2026-05-30 11:39:01,780 [WARN] PackLoader:240 - Cannot read IP mode file for STMicroelectronics.X-CUBE-BLEMGR.4.1.0
2026-05-30 11:39:01,790 [WARN] PackLoader:240 - Cannot read IP mode file for STMicroelectronics.X-CUBE-IPS.3.0.0
2026-05-30 11:39:01,810 [WARN] ConditionMgr:438 - getConditionDescription Invalid condition id : UX DEVICE CLASS RTOS Condition cause : null
2026-05-30 11:39:01,811 [WARN] ConditionMgr:438 - getConditionDescription Invalid condition id : UX DEVICE CLASS RTOS Condition cause : null
2026-05-30 11:39:01,813 [WARN] PackLoader:240 - Cannot read IP mode file for STMicroelectronics.X-CUBE-AZRTOS-WB.2.0.0
2026-05-30 11:39:01,813 [WARN] ConditionMgr:1044 - genDependencies : Invalid condition id : UX DEVICE CLASS RTOS Condition cause : null
2026-05-30 11:39:01,813 [WARN] ConditionMgr:1044 - genDependencies : Invalid condition id : UX DEVICE CLASS RTOS Condition cause : null
2026-05-30 11:39:01,814 [WARN] ConditionMgr:1044 - genDependencies : Invalid condition id : UX DEVICE CLASS RTOS Condition cause : null
2026-05-30 11:39:01,814 [WARN] ConditionMgr:1044 - genDependencies : Invalid condition id : UX DEVICE CLASS RTOS Condition cause : null
2026-05-30 11:39:01,814 [WARN] ConditionMgr:1044 - genDependencies : Invalid condition id : UX DEVICE CLASS RTOS Condition cause : null
2026-05-30 11:39:01,819 [WARN] PackLoader:240 - Cannot read IP mode file for STMicroelectronics.X-CUBE-GNSS1.7.0.0
2026-05-30 11:39:01,825 [WARN] PackLoader:240 - Cannot read IP mode file for STMicroelectronics.X-CUBE-GNSS1.7.0.1
2026-05-30 11:39:01,828 [WARN] PackLoader:240 - Cannot read IP mode file for STMicroelectronics.X-CUBE-TOUCHGFX.4.25.0
2026-05-30 11:39:01,834 [WARN] PackLoader:240 - Cannot read IP mode file for STMicroelectronics.FP-SNS-STBOX1.2.0.0
2026-05-30 11:39:01,843 [WARN] PackLoader:240 - Cannot read IP mode file for STMicroelectronics.X-CUBE-STSE01.2.0.0
2026-05-30 11:39:01,855 [WARN] PackLoader:240 - Cannot read IP mode file for STMicroelectronics.X-CUBE-SUBG2.5.0.0
2026-05-30 11:39:01,877 [WARN] PackLoader:240 - Cannot read IP mode file for STMicroelectronics.X-CUBE-AZRTOS-H7RS.1.1.0
2026-05-30 11:39:01,882 [WARN] PackLoader:240 - Cannot read IP mode file for Cesanta.I-CUBE-Mongoose.7.13.0
2026-05-30 11:39:01,893 [WARN] PackLoader:240 - Cannot read IP mode file for STMicroelectronics.X-CUBE-AZRTOS-G4.2.0.0
2026-05-30 11:39:01,900 [WARN] PackLoader:240 - Cannot read IP mode file for STMicroelectronics.X-CUBE-NFC7.2.0.0
2026-05-30 11:39:01,904 [WARN] PackLoader:240 - Cannot read IP mode file for STMicroelectronics.FP-SNS-MOTENVWB1.1.3.1
2026-05-30 11:39:01,909 [WARN] PackLoader:240 - Cannot read IP mode file for STMicroelectronics.X-CUBE-ISPU.2.0.0
2026-05-30 11:39:01,918 [WARN] PackLoader:240 - Cannot read IP mode file for STMicroelectronics.X-CUBE-IPS.3.1.0
2026-05-30 11:39:01,925 [WARN] PackLoader:240 - Cannot read IP mode file for STMicroelectronics.X-CUBE-ALS.1.0.2
2026-05-30 11:39:01,963 [WARN] PackLoader:240 - Cannot read IP mode file for STMicroelectronics.X-CUBE-MEMS1.10.0.0
2026-05-30 11:39:02,047 [WARN] PackLoader:240 - Cannot read IP mode file for STMicroelectronics.X-CUBE-FREERTOS.1.1.0
2026-05-30 11:39:02,052 [WARN] PackLoader:240 - Cannot read IP mode file for STMicroelectronics.X-CUBE-TOUCHGFX.4.24.0
2026-05-30 11:39:02,055 [WARN] PackLoader:240 - Cannot read IP mode file for STMicroelectronics.X-CUBE-TOUCHGFX.4.24.2
2026-05-30 11:39:02,058 [WARN] PackLoader:240 - Cannot read IP mode file for STMicroelectronics.X-CUBE-TOUCHGFX.4.24.1
2026-05-30 11:39:02,064 [WARN] PackLoader:240 - Cannot read IP mode file for STMicroelectronics.X-CUBE-STSE01.1.0.0
2026-05-30 11:39:02,070 [WARN] PackLoader:240 - Cannot read IP mode file for portGmbH.I-Cube-SoM-uGOAL.1.1.0
2026-05-30 11:39:02,074 [WARN] PackLoader:240 - Cannot read IP mode file for STMicroelectronics.X-CUBE-ALS.1.0.1
2026-05-30 11:39:02,089 [WARN] PackLoader:240 - Cannot read IP mode file for STMicroelectronics.X-CUBE-AZRTOS-H7RS.1.0.0
2026-05-30 11:39:02,093 [WARN] PackLoader:240 - Cannot read IP mode file for STMicroelectronics.FP-ATR-ASTRA1.2.0.0
2026-05-30 11:39:02,103 [WARN] PackLoader:240 - Cannot read IP mode file for STMicroelectronics.X-CUBE-TOF1.3.4.2
2026-05-30 11:39:02,120 [WARN] PackLoader:240 - Cannot read IP mode file for STMicroelectronics.X-CUBE-TOF1.3.4.3
2026-05-30 11:39:02,142 [WARN] PackLoader:240 - Cannot read IP mode file for STMicroelectronics.X-CUBE-TOF1.3.4.1
2026-05-30 11:39:02,173 [WARN] PackLoader:240 - Cannot read IP mode file for STMicroelectronics.X-CUBE-AZRTOS-H7.3.2.0
2026-05-30 11:39:02,193 [WARN] PackLoader:240 - Cannot read IP mode file for Infineon.AIROC-Wi-Fi-Bluetooth-STM32.1.6.0
2026-05-30 11:39:02,274 [WARN] PackLoader:240 - Cannot read IP mode file for wolfSSL.I-CUBE-wolfSSH.1.4.17
2026-05-30 11:39:02,274 [INFO] ThirdParty:978 - Integrity check success = true
2026-05-30 11:39:02,275 [INFO] IntegrityCheckThread:100 - exiting critical section [integrity check]
2026-05-30 11:39:02,275 [INFO] IntegrityCheckThread:103 - End integrity checks thread
2026-05-30 11:44:09,961 [ERROR] LogOutputStream:75 - [STDERR_REDIRECT] 
