2026-05-18 00:19:45,951 [ERROR] LogOutputStream:75 - [STDERR_REDIRECT] 
2026-05-18 23:05:23,784 [INFO] Activator:176 - 


2026-05-18 23:05:23,787 [INFO] Activator:177 - !SESSION log4j initialized
2026-05-18 23:05:27,380 [INFO] LogOutputStream:77 - [STDOUT_REDIRECT] 
2026-05-18 23:05:31,480 [INFO] LogOutputStream:77 - [STDOUT_REDIRECT] 
2026-05-18 23:05:32,575 [ERROR] LogOutputStream:75 - [STDERR_REDIRECT] 
2026-05-18 23:05:33,036 [ERROR] LogOutputStream:75 - [STDERR_REDIRECT] java.net.URISyntaxException: Illegal character in path at index 28: file:/Users/admin/Desktop/My Projects/Bike4u/Programing/.metadata/.log4j2.xml
2026-05-18 23:05:33,037 [ERROR] LogOutputStream:75 - [STDERR_REDIRECT] 	at java.base/java.net.URI$Parser.fail(URI.java:2995)
2026-05-18 23:05:33,038 [ERROR] LogOutputStream:75 - [STDERR_REDIRECT] 	at java.base/java.net.URI$Parser.checkChars(URI.java:3166)
2026-05-18 23:05:33,038 [ERROR] LogOutputStream:75 - [STDERR_REDIRECT] 	at java.base/java.net.URI$Parser.parseHierarchical(URI.java:3248)
2026-05-18 23:05:33,038 [ERROR] LogOutputStream:75 - [STDERR_REDIRECT] 	at java.base/java.net.URI$Parser.parse(URI.java:3196)
2026-05-18 23:05:33,039 [ERROR] LogOutputStream:75 - [STDERR_REDIRECT] 	at java.base/java.net.URI.<init>(URI.java:645)
2026-05-18 23:05:33,039 [ERROR] LogOutputStream:75 - [STDERR_REDIRECT] 	at java.base/java.net.URL.toURI(URL.java:1220)
2026-05-18 23:05:33,039 [ERROR] LogOutputStream:75 - [STDERR_REDIRECT] 	at com.st.stm32cube.common.mx.core.CubeMxInstance.getInstance(CubeMxInstance.java:81)
2026-05-18 23:05:33,040 [ERROR] LogOutputStream:75 - [STDERR_REDIRECT] 	at com.st.stm32cube.common.mx.userauth.UserAuthAdapter.<init>(UserAuthAdapter.java:25)
2026-05-18 23:05:33,040 [ERROR] LogOutputStream:75 - [STDERR_REDIRECT] 	at com.st.stm32cube.common.mx.userauth.UserAuthProvider.getUserAuthAdapter(UserAuthProvider.java:16)
2026-05-18 23:05:33,040 [ERROR] LogOutputStream:75 - [STDERR_REDIRECT] 	at com.st.stm32cube.common.ecosystemintegration.ui.core.MCUEcoSystemIntegrationUiHelper.getUserAuth(MCUEcoSystemIntegrationUiHelper.java:100)
2026-05-18 23:05:33,041 [ERROR] LogOutputStream:75 - [STDERR_REDIRECT] 	at com.st.stm32cube.ide.mcu.userauth.UserAuthStartup.earlyStartup(UserAuthStartup.java:32)
2026-05-18 23:05:33,041 [ERROR] LogOutputStream:75 - [STDERR_REDIRECT] 	at org.eclipse.ui.internal.EarlyStartupRunnable.runEarlyStartup(EarlyStartupRunnable.java:79)
2026-05-18 23:05:33,041 [ERROR] LogOutputStream:75 - [STDERR_REDIRECT] 	at org.eclipse.ui.internal.EarlyStartupRunnable.run(EarlyStartupRunnable.java:55)
2026-05-18 23:05:33,042 [ERROR] LogOutputStream:75 - [STDERR_REDIRECT] 	at org.eclipse.core.runtime.SafeRunner.run(SafeRunner.java:47)
2026-05-18 23:05:33,042 [ERROR] LogOutputStream:75 - [STDERR_REDIRECT] 	at org.eclipse.ui.internal.Workbench$39.run(Workbench.java:2733)
2026-05-18 23:05:33,042 [ERROR] LogOutputStream:75 - [STDERR_REDIRECT] 	at org.eclipse.core.internal.jobs.Worker.run(Worker.java:63)
2026-05-18 23:05:33,353 [INFO] ApplicationProperties:184 - Using Application install path: /Applications/STM32CubeIDE.app/Contents/Eclipse/plugins/com.st.stm32cube.common.mx_6.15.0.202507011659
2026-05-18 23:05:33,376 [INFO] DbMcusXml:78 - Set database path to: /Applications/STM32CubeIDE.app/Contents/Eclipse/plugins/com.st.stm32cube.common.mx_6.15.0.202507011659//db//mcu/
2026-05-18 23:05:33,377 [INFO] ApiDb:274 - Set plugin database path to: /Applications/STM32CubeIDE.app/Contents/Eclipse/plugins/com.st.stm32cube.common.mx_6.15.0.202507011659//db//plugins/boardmanager/
2026-05-18 23:05:33,377 [WARN] ApiDb:259 - Overriding images path with different value:  => /Applications/STM32CubeIDE.app/Contents/Eclipse/plugins/com.st.stm32cube.common.mx_6.15.0.202507011659//db//plugins/mcufinder/images/
2026-05-18 23:05:33,387 [INFO] ApiDb:250 - Set database path to: /Users/admin/.stmcufinder/plugins/mcufinder//mcu/
2026-05-18 23:05:33,390 [INFO] DbMcusAds:125 - Set database path to: /Users/admin/.stmcufinder/plugins/mcufinder//mcu/
2026-05-18 23:05:33,394 [INFO] CrossReferenceDbSqlite:203 - Set database path to: /Users/admin/.stmcufinder/plugins/mcufinder//mcu/cs/
2026-05-18 23:05:33,568 [INFO] RulesReader:64 - Compatibility file has been processed (317 Rules)
2026-05-18 23:05:33,652 [INFO] DbMcusXml:78 - Set database path to: /Applications/STM32CubeIDE.app/Contents/Eclipse/plugins/com.st.stm32cube.common.mx_6.15.0.202507011659//db//mcu/
2026-05-18 23:05:33,652 [INFO] ApiDb:274 - Set plugin database path to: /Applications/STM32CubeIDE.app/Contents/Eclipse/plugins/com.st.stm32cube.common.mx_6.15.0.202507011659//db//plugins/boardmanager/
2026-05-18 23:05:33,652 [INFO] ApiDb:261 - Set plugin images path to: /Applications/STM32CubeIDE.app/Contents/Eclipse/plugins/com.st.stm32cube.common.mx_6.15.0.202507011659//db//plugins/mcufinder/images/
2026-05-18 23:05:33,653 [WARN] DbFile:41 - Overriding database path with different value: /Users/admin/.stmcufinder/plugins/mcufinder/ => /Users/admin/.stmcufinder/plugins/mcufinder
2026-05-18 23:05:33,653 [INFO] ApiDb:250 - Set database path to: /Users/admin/.stmcufinder/plugins/mcufinder//mcu/
2026-05-18 23:05:33,653 [WARN] DbFile:41 - Overriding database path with different value: /Users/admin/.stmcufinder/plugins/mcufinder/ => /Users/admin/.stmcufinder/plugins/mcufinder
2026-05-18 23:05:33,653 [INFO] DbMcusAds:125 - Set database path to: /Users/admin/.stmcufinder/plugins/mcufinder//mcu/
2026-05-18 23:05:33,653 [WARN] DbFile:41 - Overriding database path with different value: /Users/admin/.stmcufinder/plugins/mcufinder/ => /Users/admin/.stmcufinder/plugins/mcufinder
2026-05-18 23:05:33,653 [WARN] DbFile:41 - Overriding database path with different value: /Users/admin/.stmcufinder/plugins/mcufinder/ => /Users/admin/.stmcufinder/plugins/mcufinder
2026-05-18 23:05:33,653 [INFO] CrossReferenceDbSqlite:203 - Set database path to: /Users/admin/.stmcufinder/plugins/mcufinder//mcu/cs/
2026-05-18 23:05:33,744 [INFO] MainPanel:274 - HeapMemory: 268435456
2026-05-18 23:05:34,511 [INFO] DbMcusXml:78 - Set database path to: /Applications/STM32CubeIDE.app/Contents/Eclipse/plugins/com.st.stm32cube.common.mx_6.15.0.202507011659//db//mcu/
2026-05-18 23:05:34,512 [INFO] ApiDb:274 - Set plugin database path to: /Applications/STM32CubeIDE.app/Contents/Eclipse/plugins/com.st.stm32cube.common.mx_6.15.0.202507011659//db//plugins/boardmanager/
2026-05-18 23:05:34,512 [INFO] ApiDb:261 - Set plugin images path to: /Applications/STM32CubeIDE.app/Contents/Eclipse/plugins/com.st.stm32cube.common.mx_6.15.0.202507011659//db//plugins/mcufinder/images/
2026-05-18 23:05:34,512 [WARN] DbFile:41 - Overriding database path with different value: /Users/admin/.stmcufinder/plugins/mcufinder/ => /Users/admin/.stmcufinder/plugins/mcufinder
2026-05-18 23:05:34,513 [INFO] ApiDb:250 - Set database path to: /Users/admin/.stmcufinder/plugins/mcufinder//mcu/
2026-05-18 23:05:34,513 [WARN] DbFile:41 - Overriding database path with different value: /Users/admin/.stmcufinder/plugins/mcufinder/ => /Users/admin/.stmcufinder/plugins/mcufinder
2026-05-18 23:05:34,513 [INFO] DbMcusAds:125 - Set database path to: /Users/admin/.stmcufinder/plugins/mcufinder//mcu/
2026-05-18 23:05:34,513 [WARN] DbFile:41 - Overriding database path with different value: /Users/admin/.stmcufinder/plugins/mcufinder/ => /Users/admin/.stmcufinder/plugins/mcufinder
2026-05-18 23:05:34,513 [WARN] DbFile:41 - Overriding database path with different value: /Users/admin/.stmcufinder/plugins/mcufinder/ => /Users/admin/.stmcufinder/plugins/mcufinder
2026-05-18 23:05:34,513 [INFO] CrossReferenceDbSqlite:203 - Set database path to: /Users/admin/.stmcufinder/plugins/mcufinder//mcu/cs/
2026-05-18 23:05:34,544 [INFO] ApplicationProperties:184 - Using Application install path: /Applications/STM32CubeIDE.app/Contents/Eclipse/plugins/com.st.stm32cube.common.mx_6.15.0.202507011659
2026-05-18 23:05:34,548 [INFO] PluginManage:196 - Search for loadable plugins [exclusion list=, ]
2026-05-18 23:05:34,551 [INFO] PluginManage:310 - Check plugin analytics
2026-05-18 23:05:34,872 [INFO] AnalyticsPlugin:253 - Accepted Software Licenses: 
2026-05-18 23:05:34,873 [INFO] AnalyticsPlugin:255 - Accepted CMSIS Pack Licenses: Infineon.AIROC-Wi-Fi-Bluetooth-STM32.1.6.0,STMicroelectronics.X-CUBE-BLE1.7.0.0
2026-05-18 23:05:34,873 [INFO] AnalyticsPlugin:257 - Accepted Firmware Licenses: FW.G0.1.6.0,FW.WB.1.19.0,FW.WB.1.21.0
2026-05-18 23:05:34,876 [INFO] PluginManage:359 - Loaded plugin analytics (category:tool,tabindex:-1)
2026-05-18 23:05:34,877 [INFO] PluginManage:310 - Check plugin cadmodel
2026-05-18 23:05:34,884 [INFO] CADModel:105 - Init CAD model plugin
2026-05-18 23:05:34,884 [INFO] PluginManage:359 - Loaded plugin cadmodel (category:power,tabindex:5)
2026-05-18 23:05:34,885 [INFO] PluginManage:310 - Check plugin clock
2026-05-18 23:05:34,904 [INFO] PluginManage:359 - Loaded plugin clock (category:base,tabindex:2)
2026-05-18 23:05:34,904 [INFO] PluginManage:310 - Check plugin ddr
2026-05-18 23:05:34,907 [INFO] PluginManage:359 - Loaded plugin ddr (category:tool,tabindex:6)
2026-05-18 23:05:34,907 [INFO] PluginManage:310 - Check plugin filemanager
2026-05-18 23:05:35,128 [INFO] PluginManage:359 - Loaded plugin filemanager (category:base,tabindex:10)
2026-05-18 23:05:35,128 [INFO] PluginManage:310 - Check plugin ipmanager
2026-05-18 23:05:35,137 [INFO] PluginManage:359 - Loaded plugin ipmanager (category:base,tabindex:5)
2026-05-18 23:05:35,137 [INFO] PluginManage:310 - Check plugin lpbam
2026-05-18 23:05:35,149 [INFO] PluginManage:359 - Loaded plugin lpbam (category:base,tabindex:0)
2026-05-18 23:05:35,149 [INFO] PluginManage:310 - Check plugin memorymap
2026-05-18 23:05:35,166 [INFO] PluginManage:359 - Loaded plugin memorymap (category:base,tabindex:4)
2026-05-18 23:05:35,166 [INFO] PluginManage:310 - Check plugin pinoutandconfiguration
2026-05-18 23:05:35,175 [INFO] PluginManage:359 - Loaded plugin pinoutandconfiguration (category:base,tabindex:1)
2026-05-18 23:05:35,176 [INFO] PluginManage:310 - Check plugin pinoutconfig
2026-05-18 23:05:35,276 [WARN] SupportedApi:132 - Cannot load RTOS API schema: s4s-elt-must-match.1: The content of 'definitions' must match (annotation?, (simpleType | complexType)?, (unique | key | keyref)*)). A problem was found starting at: attribute.
2026-05-18 23:05:35,453 [INFO] PluginManage:359 - Loaded plugin pinoutconfig (category:base,tabindex:0)
2026-05-18 23:05:35,454 [INFO] PluginManage:310 - Check plugin power
2026-05-18 23:05:35,470 [INFO] PluginManage:359 - Loaded plugin power (category:power,tabindex:4)
2026-05-18 23:05:35,470 [INFO] PluginManage:310 - Check plugin projectmanager
2026-05-18 23:05:35,486 [INFO] PluginManage:359 - Loaded plugin projectmanager (category:projectmanager,tabindex:4)
2026-05-18 23:05:35,487 [INFO] PluginManage:310 - Check plugin rif
2026-05-18 23:05:35,502 [INFO] PluginManage:359 - Loaded plugin rif (category:base,tabindex:3)
2026-05-18 23:05:35,502 [INFO] PluginManage:310 - Check plugin thirdparty
2026-05-18 23:05:35,647 [INFO] PluginManage:359 - Loaded plugin thirdparty (category:base,tabindex:-1)
2026-05-18 23:05:35,647 [WARN] IntegrityCheckThread:84 - waiting for thirdparty lock release [integrity check]
2026-05-18 23:05:35,648 [INFO] IntegrityCheckThread:86 - entering critical section [integrity check]
2026-05-18 23:05:35,648 [INFO] PluginManage:310 - Check plugin tools
2026-05-18 23:05:35,648 [INFO] ThirdPartyUpdaterWithRetryManager:70 - Updater plugin not ready yet. [1/15]
2026-05-18 23:05:35,650 [INFO] PluginManage:359 - Loaded plugin tools (category:base,tabindex:7)
2026-05-18 23:05:35,650 [INFO] PluginManage:310 - Check plugin tutovideos
2026-05-18 23:05:35,963 [INFO] PluginManage:359 - Loaded plugin tutovideos (category:base,tabindex:-1)
2026-05-18 23:05:35,963 [INFO] PluginManage:310 - Check plugin updater
2026-05-18 23:05:35,985 [INFO] PluginManage:359 - Loaded plugin updater (category:base,tabindex:12)
2026-05-18 23:05:35,985 [INFO] PluginManage:310 - Check plugin userauth
2026-05-18 23:05:35,989 [INFO] UserAuth:118 - Init User Auth plugin
2026-05-18 23:05:35,990 [INFO] PluginManage:359 - Loaded plugin userauth (category:base,tabindex:14)
2026-05-18 23:05:35,991 [INFO] PluginManage:283 - PluginManage : Loaded plugins [18]
2026-05-18 23:05:36,195 [INFO] PinOutPanel:1589 - setPackage(No Configuration,No Configuration)
2026-05-18 23:05:36,278 [INFO] CADModel:165 - CPN selected for project level
2026-05-18 23:05:36,278 [INFO] CADModel:114 - Register for checkConnection events
2026-05-18 23:05:36,292 [INFO] IPUIPlugin:80 - create IPUIPlugin
2026-05-18 23:05:36,292 [INFO] PluginManager:220 - loadIPPluginJar : add mdma
2026-05-18 23:05:36,300 [INFO] IPUIPlugin:80 - create IPUIPlugin
2026-05-18 23:05:36,300 [INFO] PluginManager:220 - loadIPPluginJar : add freertos
2026-05-18 23:05:36,306 [INFO] IPUIPlugin:80 - create IPUIPlugin
2026-05-18 23:05:36,306 [INFO] PluginManager:220 - loadIPPluginJar : add gic
2026-05-18 23:05:36,317 [INFO] IPUIPlugin:80 - create IPUIPlugin
2026-05-18 23:05:36,317 [INFO] PluginManager:220 - loadIPPluginJar : add adc
2026-05-18 23:05:36,320 [INFO] IPUIPlugin:80 - create IPUIPlugin
2026-05-18 23:05:36,320 [INFO] PluginManager:220 - loadIPPluginJar : add gtzc
2026-05-18 23:05:36,322 [INFO] IPUIPlugin:80 - create IPUIPlugin
2026-05-18 23:05:36,322 [INFO] PluginManager:220 - loadIPPluginJar : add quadspi
2026-05-18 23:05:36,324 [INFO] IPUIPlugin:80 - create IPUIPlugin
2026-05-18 23:05:36,325 [INFO] PluginManager:220 - loadIPPluginJar : add aes
2026-05-18 23:05:36,327 [INFO] IPUIPlugin:80 - create IPUIPlugin
2026-05-18 23:05:36,327 [INFO] PluginManager:220 - loadIPPluginJar : add pdm2pcm
2026-05-18 23:05:36,330 [INFO] IPUIPlugin:80 - create IPUIPlugin
2026-05-18 23:05:36,330 [INFO] PluginManager:220 - loadIPPluginJar : add hash
2026-05-18 23:05:36,332 [INFO] IPUIPlugin:80 - create IPUIPlugin
2026-05-18 23:05:36,332 [INFO] PluginManager:220 - loadIPPluginJar : add tim
2026-05-18 23:05:36,334 [INFO] IPUIPlugin:80 - create IPUIPlugin
2026-05-18 23:05:36,334 [INFO] PluginManager:220 - loadIPPluginJar : add tsc
2026-05-18 23:05:36,337 [INFO] IPUIPlugin:80 - create IPUIPlugin
2026-05-18 23:05:36,338 [INFO] PluginManager:220 - loadIPPluginJar : add extmemmanager
2026-05-18 23:05:36,340 [INFO] IPUIPlugin:80 - create IPUIPlugin
2026-05-18 23:05:36,340 [INFO] PluginManager:220 - loadIPPluginJar : add ts
2026-05-18 23:05:36,342 [INFO] IPUIPlugin:80 - create IPUIPlugin
2026-05-18 23:05:36,342 [INFO] PluginManager:220 - loadIPPluginJar : add radio
2026-05-18 23:05:36,345 [INFO] IPUIPlugin:80 - create IPUIPlugin
2026-05-18 23:05:36,345 [INFO] PluginManager:220 - loadIPPluginJar : add can
2026-05-18 23:05:36,347 [INFO] IPUIPlugin:80 - create IPUIPlugin
2026-05-18 23:05:36,347 [INFO] PluginManager:220 - loadIPPluginJar : add dma3
2026-05-18 23:05:36,349 [INFO] IPUIPlugin:80 - create IPUIPlugin
2026-05-18 23:05:36,349 [INFO] PluginManager:220 - loadIPPluginJar : add dfsdm
2026-05-18 23:05:36,351 [INFO] IPUIPlugin:80 - create IPUIPlugin
2026-05-18 23:05:36,352 [INFO] PluginManager:220 - loadIPPluginJar : add spi
2026-05-18 23:05:36,354 [INFO] IPUIPlugin:80 - create IPUIPlugin
2026-05-18 23:05:36,354 [INFO] PluginManager:220 - loadIPPluginJar : add gfxmmu
2026-05-18 23:05:36,356 [INFO] IPUIPlugin:80 - create IPUIPlugin
2026-05-18 23:05:36,356 [INFO] PluginManager:220 - loadIPPluginJar : add genericplugin
2026-05-18 23:05:36,358 [INFO] IPUIPlugin:80 - create IPUIPlugin
2026-05-18 23:05:36,358 [INFO] PluginManager:220 - loadIPPluginJar : add cryp
2026-05-18 23:05:36,363 [INFO] IPUIPlugin:80 - create IPUIPlugin
2026-05-18 23:05:36,363 [INFO] PluginManager:220 - loadIPPluginJar : add gpio
2026-05-18 23:05:36,366 [INFO] IPUIPlugin:80 - create IPUIPlugin
2026-05-18 23:05:36,366 [INFO] PluginManager:220 - loadIPPluginJar : add ddr_ctrl_phy
2026-05-18 23:05:36,367 [INFO] IPUIPlugin:80 - create IPUIPlugin
2026-05-18 23:05:36,368 [INFO] PluginManager:220 - loadIPPluginJar : add comp
2026-05-18 23:05:36,370 [INFO] IPUIPlugin:80 - create IPUIPlugin
2026-05-18 23:05:36,370 [INFO] PluginManager:220 - loadIPPluginJar : add tracer_emb
2026-05-18 23:05:36,373 [INFO] IPUIPlugin:80 - create IPUIPlugin
2026-05-18 23:05:36,373 [INFO] PluginManager:220 - loadIPPluginJar : add openamp
2026-05-18 23:05:36,379 [INFO] IPUIPlugin:80 - create IPUIPlugin
2026-05-18 23:05:36,379 [INFO] PluginManager:220 - loadIPPluginJar : add stm32_wpan
2026-05-18 23:05:36,386 [INFO] IPUIPlugin:80 - create IPUIPlugin
2026-05-18 23:05:36,388 [INFO] PluginManager:220 - loadIPPluginJar : add plateformsettings
2026-05-18 23:05:36,392 [INFO] IPUIPlugin:80 - create IPUIPlugin
2026-05-18 23:05:36,392 [INFO] PluginManager:220 - loadIPPluginJar : add ipddr
2026-05-18 23:05:36,395 [INFO] IPUIPlugin:80 - create IPUIPlugin
2026-05-18 23:05:36,395 [INFO] PluginManager:220 - loadIPPluginJar : add usart
2026-05-18 23:05:36,396 [INFO] IPUIPlugin:80 - create IPUIPlugin
2026-05-18 23:05:36,396 [INFO] PluginManager:220 - loadIPPluginJar : add ltdc
2026-05-18 23:05:36,400 [INFO] IPUIPlugin:80 - create IPUIPlugin
2026-05-18 23:05:36,401 [INFO] PluginManager:220 - loadIPPluginJar : add nvic
2026-05-18 23:05:36,402 [INFO] IPUIPlugin:80 - create IPUIPlugin
2026-05-18 23:05:36,402 [INFO] PluginManager:220 - loadIPPluginJar : add fatfs
2026-05-18 23:05:36,410 [INFO] IPUIPlugin:80 - create IPUIPlugin
2026-05-18 23:05:36,411 [INFO] PluginManager:220 - loadIPPluginJar : add linkedlist
2026-05-18 23:05:36,417 [INFO] IPUIPlugin:80 - create IPUIPlugin
2026-05-18 23:05:36,417 [INFO] PluginManager:220 - loadIPPluginJar : add dma
2026-05-18 23:05:36,422 [INFO] IPUIPlugin:80 - create IPUIPlugin
2026-05-18 23:05:36,422 [INFO] PluginManager:220 - loadIPPluginJar : add fmc
2026-05-18 23:05:36,425 [INFO] IPUIPlugin:80 - create IPUIPlugin
2026-05-18 23:05:36,425 [INFO] PluginManager:220 - loadIPPluginJar : add i2s
2026-05-18 23:05:36,427 [INFO] IPUIPlugin:80 - create IPUIPlugin
2026-05-18 23:05:36,427 [INFO] PluginManager:220 - loadIPPluginJar : add ucpd
2026-05-18 23:05:36,430 [INFO] IPUIPlugin:80 - create IPUIPlugin
2026-05-18 23:05:36,430 [INFO] PluginManager:220 - loadIPPluginJar : add lorawan
2026-05-18 23:05:36,433 [INFO] IPUIPlugin:80 - create IPUIPlugin
2026-05-18 23:05:36,433 [INFO] PluginManager:220 - loadIPPluginJar : add opamp
2026-05-18 23:05:36,437 [INFO] IPUIPlugin:80 - create IPUIPlugin
2026-05-18 23:05:36,437 [INFO] PluginManager:220 - loadIPPluginJar : add i3c
2026-05-18 23:05:36,441 [INFO] IPUIPlugin:80 - create IPUIPlugin
2026-05-18 23:05:36,441 [INFO] PluginManager:220 - loadIPPluginJar : add touchsensing
2026-05-18 23:05:36,444 [INFO] IPUIPlugin:80 - create IPUIPlugin
2026-05-18 23:05:36,444 [INFO] PluginManager:220 - loadIPPluginJar : add i2c
2026-05-18 23:05:36,449 [INFO] IPUIPlugin:80 - create IPUIPlugin
2026-05-18 23:05:36,449 [INFO] PluginManager:220 - loadIPPluginJar : add resmgrutility
2026-05-18 23:05:36,452 [INFO] IPUIPlugin:80 - create IPUIPlugin
2026-05-18 23:05:36,452 [INFO] PluginManager:220 - loadIPPluginJar : add sai
2026-05-18 23:05:36,456 [INFO] IPUIPlugin:80 - create IPUIPlugin
2026-05-18 23:05:36,456 [INFO] PluginManager:220 - loadIPPluginJar : add usbx
2026-05-18 23:05:36,559 [FATAL] Updater:351 - Updater called before beeing initialized
2026-05-18 23:05:36,595 [INFO] RulesReader:64 - Compatibility file has been processed (317 Rules)
2026-05-18 23:05:36,607 [INFO] RulesReader:64 - Compatibility file has been processed (317 Rules)
2026-05-18 23:05:36,614 [INFO] CADModel:165 - CPN selected for project level
2026-05-18 23:05:36,614 [INFO] CADModel:114 - Register for checkConnection events
2026-05-18 23:05:36,614 [FATAL] Updater:351 - Updater called before beeing initialized
2026-05-18 23:05:36,615 [ERROR] CADModel:125 - Updater not yet initialized, retry later 
2026-05-18 23:05:36,812 [FATAL] Updater:351 - Updater called before beeing initialized
2026-05-18 23:05:36,815 [INFO] CADModel:165 - CPN selected for project level
2026-05-18 23:05:36,815 [INFO] CADModel:114 - Register for checkConnection events
2026-05-18 23:05:36,815 [FATAL] Updater:351 - Updater called before beeing initialized
2026-05-18 23:05:36,815 [ERROR] CADModel:125 - Updater not yet initialized, retry later 
2026-05-18 23:05:36,819 [FATAL] Updater:351 - Updater called before beeing initialized
2026-05-18 23:05:36,910 [FATAL] Updater:351 - Updater called before beeing initialized
2026-05-18 23:05:36,915 [INFO] DbMcusAds:53 - JSON generation date=Mon Apr 27 11:14:29 EEST 2026 (1777277669683)
2026-05-18 23:05:36,915 [FATAL] Updater:351 - Updater called before beeing initialized
2026-05-18 23:05:36,987 [WARN] DetailPanel:346 - Failed to get advertising image, set to default
2026-05-18 23:05:37,074 [FATAL] Updater:351 - Updater called before beeing initialized
2026-05-18 23:05:37,076 [FATAL] Updater:351 - Updater called before beeing initialized
2026-05-18 23:05:37,076 [FATAL] Updater:351 - Updater called before beeing initialized
2026-05-18 23:05:37,077 [WARN] DetailPanel:346 - Failed to get advertising image, set to default
2026-05-18 23:05:37,077 [FATAL] Updater:351 - Updater called before beeing initialized
2026-05-18 23:05:37,128 [ERROR] Updater:1198 - MainUpdater not yet initialized. External WinMGr cannot be set.
2026-05-18 23:05:37,130 [INFO] Updater:1134 - Updater Version found : 6.15.0
2026-05-18 23:05:37,155 [INFO] ApplicationProperties:184 - Using Application install path: /Applications/STM32CubeIDE.app/Contents/Eclipse/plugins/com.st.stm32cube.common.mx_6.15.0.202507011659
2026-05-18 23:05:37,849 [INFO] MainUpdater:2872 - connection check result : 10
2026-05-18 23:05:37,849 [INFO] MainUpdater:3604 - Updater definition file requires update
2026-05-18 23:05:37,850 [INFO] MainUpdater:289 - Updater Check For Update Now.
2026-05-18 23:05:37,850 [INFO] MicroXplorer:498 - Change Database Version : DB.6.0.150
2026-05-18 23:05:37,855 [INFO] McuFinderGlobals:63 - Set McuFinder mode to 2 (CubeIDE integrated)
2026-05-18 23:05:37,857 [INFO] UserAuth:487 - Internet connection configuration mode: 1
2026-05-18 23:05:37,888 [INFO] JxBrowserEngine:152 - Initiate JxBrowser Engine with user profile folder
2026-05-18 23:05:38,032 [INFO] ServerAccessManage:452 - Complete download http(s) 200
2026-05-18 23:05:38,033 [INFO] ServerAccessManage:509 - Download File updaters.zip
2026-05-18 23:05:38,155 [INFO] FileExtend:248 - Unzip File : updaters.zip
2026-05-18 23:05:38,156 [INFO] FileExtend:263 - Standard Zip Deflate
2026-05-18 23:05:38,610 [INFO] ServerAccessManage:452 - Complete download http(s) 200
2026-05-18 23:05:38,611 [INFO] ServerAccessManage:509 - Download File PacksControlFlags.xml
2026-05-18 23:05:38,651 [WARN] MainUpdater:1193 - Updater busy. Cannot search thirdparties
2026-05-18 23:05:38,651 [INFO] ThirdPartyUpdaterWithRetryManager:96 - Updater plugin is busy. [1/15]
2026-05-18 23:05:38,752 [INFO] ServerAccessManage:452 - Complete download http(s) 200
2026-05-18 23:05:38,752 [INFO] ServerAccessManage:509 - Download File cubemx.pidx
2026-05-18 23:05:38,858 [INFO] LoadServerUpdatesThread:375 - End of LoadServerUpdate Thread
2026-05-18 23:05:39,049 [INFO] CheckServerUpdateThread:120 - End of CheckServer Thread
2026-05-18 23:05:39,967 [INFO] WebApp:169 - Instantiating new browser for Auth
2026-05-18 23:05:41,310 [INFO] WebApp:463 - Apply proxy settings
2026-05-18 23:05:41,317 [INFO] WebApp:508 - Chromium authenticates against Manually configured proxy
2026-05-18 23:05:41,343 [INFO] WebApp:516 - Username used for proxy authentication: 
2026-05-18 23:05:41,414 [INFO] WebApp:900 - Register for checkConnection events
2026-05-18 23:05:41,414 [INFO] WebApp:463 - Apply proxy settings
2026-05-18 23:05:41,416 [INFO] WebApp:508 - Chromium authenticates against Manually configured proxy
2026-05-18 23:05:41,418 [INFO] WebApp:516 - Username used for proxy authentication: 
2026-05-18 23:05:41,700 [INFO] WebApp:191 - Connection restablished
2026-05-18 23:05:41,799 [INFO] WebApp:225 - Starting web application
2026-05-18 23:05:41,800 [INFO] WebApp:593 - Web application path used /Applications/STM32CubeIDE.app/Contents/Eclipse/plugins/com.st.stm32cube.common.mx_6.15.0.202507011659/db/plugins/mcufinder/reactClient1/index.html
2026-05-18 23:05:41,937 [INFO] UserAuth:487 - Internet connection configuration mode: 1
2026-05-18 23:05:42,154 [WARN] PackLoader:240 - Cannot read IP mode file for STMicroelectronics.X-CUBE-AZRTOS-H7.3.5.0
2026-05-18 23:05:42,169 [WARN] PackLoader:240 - Cannot read IP mode file for STMicroelectronics.FP-SNS-MOTENVWB1.1.4.0
2026-05-18 23:05:42,176 [WARN] PackLoader:240 - Cannot read IP mode file for STMicroelectronics.FP-ATR-ASTRA1.2.0.2
2026-05-18 23:05:42,183 [WARN] PackLoader:240 - Cannot read IP mode file for STMicroelectronics.FP-ATR-ASTRA1.2.0.1
2026-05-18 23:05:42,200 [WARN] PackLoader:240 - Cannot read IP mode file for STMicroelectronics.X-CUBE-SMBUS.2.1.0
2026-05-18 23:05:42,209 [WARN] PackLoader:240 - Cannot read IP mode file for STMicroelectronics.X-CUBE-WB05N.1.1.0
2026-05-18 23:05:42,217 [WARN] PackLoader:240 - Cannot read IP mode file for STMicroelectronics.X-CUBE-ST60.1.0.0
2026-05-18 23:05:42,223 [WARN] PackLoader:240 - Cannot read IP mode file for STMicroelectronics.X-CUBE-TOUCHGFX.4.23.2
2026-05-18 23:05:42,256 [WARN] PackLoader:240 - Cannot read IP mode file for STMicroelectronics.X-CUBE-AZRTOS-F7.1.1.0
2026-05-18 23:05:42,264 [WARN] PackLoader:240 - Cannot read IP mode file for STMicroelectronics.FP-SNS-MOTENV1.4.3.2
2026-05-18 23:05:42,322 [WARN] PackLoader:240 - Cannot read IP mode file for STMicroelectronics.X-CUBE-MEMS1.11.0.0
2026-05-18 23:05:42,461 [WARN] PackLoader:240 - Cannot read IP mode file for STMicroelectronics.FP-SNS-MOTENV1.5.1.0
2026-05-18 23:05:42,466 [WARN] PackLoader:240 - Cannot read IP mode file for STMicroelectronics.FP-SNS-FLIGHT1.5.0.2
2026-05-18 23:05:42,489 [WARN] PackLoader:240 - Cannot read IP mode file for STMicroelectronics.X-CUBE-AZRTOS-H7.3.4.0
2026-05-18 23:05:42,498 [WARN] PackLoader:240 - Cannot read IP mode file for STMicroelectronics.X-CUBE-DISPLAY.3.0.0
2026-05-18 23:05:42,506 [WARN] PackLoader:240 - Cannot read IP mode file for STMicroelectronics.X-CUBE-GNSS1.7.1.1
2026-05-18 23:05:42,511 [WARN] PackLoader:240 - Cannot read IP mode file for STMicroelectronics.FP-SNS-MOTENVWB1.1.5.0
2026-05-18 23:05:42,517 [WARN] PackLoader:240 - Cannot read IP mode file for STMicroelectronics.X-CUBE-BLE1.7.0.0
2026-05-18 23:05:42,596 [WARN] PackLoader:240 - Cannot read IP mode file for STMicroelectronics.X-CUBE-NFC10.1.0.0
2026-05-18 23:05:42,607 [WARN] PackLoader:240 - Cannot read IP mode file for STMicroelectronics.X-CUBE-BLEMGR.4.0.0
2026-05-18 23:05:42,613 [WARN] PackLoader:240 - Cannot read IP mode file for STMicroelectronics.X-CUBE-ST60.1.1.0
2026-05-18 23:05:42,618 [WARN] PackLoader:240 - Cannot read IP mode file for emotas.I-CUBE-CANOPEN.1.3.0
2026-05-18 23:05:42,623 [WARN] PackLoader:240 - Cannot read IP mode file for STMicroelectronics.X-CUBE-GNSS1.7.1.0
2026-05-18 23:05:42,633 [WARN] PackLoader:240 - Cannot read IP mode file for STMicroelectronics.X-CUBE-BLEMGR.3.1.0
2026-05-18 23:05:42,638 [WARN] PackLoader:240 - Cannot read IP mode file for STMicroelectronics.X-CUBE-AI.10.0.0
2026-05-18 23:05:42,646 [WARN] PackLoader:240 - Cannot read IP mode file for STMicroelectronics.FP-SNS-STBOX1.2.1.0
2026-05-18 23:05:42,652 [WARN] PackLoader:240 - Cannot read IP mode file for STMicroelectronics.FP-SNS-SMARTAG2.1.2.0
2026-05-18 23:05:42,656 [WARN] PackLoader:240 - Cannot read IP mode file for STMicroelectronics.FP-SNS-FLIGHT1.5.1.0
2026-05-18 23:05:42,700 [WARN] PackLoader:240 - Cannot read IP mode file for STMicroelectronics.X-CUBE-MEMS1.11.1.0
2026-05-18 23:05:42,809 [INFO] LogOutputStream:77 - [STDOUT_REDIRECT] 1 : Invalid condition id : UX_CORESTACK_Condition cause : null
2026-05-18 23:05:42,809 [INFO] LogOutputStream:77 - [STDOUT_REDIRECT] 1 : Invalid condition id : UX_CORESTACK_Condition cause : null
2026-05-18 23:05:42,809 [INFO] LogOutputStream:77 - [STDOUT_REDIRECT] 1 : Invalid condition id : UX_CORESTACK_Condition cause : null
2026-05-18 23:05:42,809 [INFO] LogOutputStream:77 - [STDOUT_REDIRECT] 1 : Invalid condition id : UX_CORESTACK_Condition cause : null
2026-05-18 23:05:42,810 [INFO] LogOutputStream:77 - [STDOUT_REDIRECT] 1 : Invalid condition id : UX_CORESTACK_Condition cause : null
2026-05-18 23:05:42,812 [WARN] PackLoader:240 - Cannot read IP mode file for STMicroelectronics.X-CUBE-AZRTOS-WL.2.0.0
2026-05-18 23:05:42,816 [WARN] PackLoader:240 - Cannot read IP mode file for STMicroelectronics.FP-SNS-MOTENV1.5.0.0
2026-05-18 23:05:42,846 [WARN] PackLoader:240 - Cannot read IP mode file for STMicroelectronics.X-CUBE-AZRTOS-H7RS.1.2.0
2026-05-18 23:05:42,850 [WARN] PackLoader:240 - Cannot read IP mode file for wolfSSL.I-CUBE-wolfMQTT.1.19.0
2026-05-18 23:05:42,856 [WARN] PackLoader:240 - Cannot read IP mode file for WES.I-CUBE-Cesium.1.3.0
2026-05-18 23:05:42,859 [WARN] PackLoader:240 - Cannot read IP mode file for STMicroelectronics.X-CUBE-BLE2.3.3.0
2026-05-18 23:05:42,872 [WARN] PackLoader:240 - Cannot read IP mode file for STMicroelectronics.X-CUBE-NFC9.1.0.0
2026-05-18 23:05:42,876 [WARN] PackLoader:240 - Cannot read IP mode file for STMicroelectronics.X-CUBE-BLE1.7.1.0
2026-05-18 23:05:42,881 [WARN] PackLoader:240 - Cannot read IP mode file for STMicroelectronics.X-CUBE-TCPP.4.1.0
2026-05-18 23:05:42,886 [WARN] PackLoader:240 - Cannot read IP mode file for STMicroelectronics.X-CUBE-FREERTOS.1.4.0
2026-05-18 23:05:42,891 [WARN] PackLoader:240 - Cannot read IP mode file for STMicroelectronics.X-CUBE-EEPRMA1.5.2.0
2026-05-18 23:05:42,897 [WARN] PackLoader:240 - Cannot read IP mode file for STMicroelectronics.X-CUBE-ST67W61.1.1.0
2026-05-18 23:05:42,900 [WARN] PackLoader:240 - Cannot read IP mode file for STMicroelectronics.X-CUBE-AI.10.1.0
2026-05-18 23:05:42,905 [WARN] PackLoader:240 - Cannot read IP mode file for STMicroelectronics.FP-SNS-STAIOTCFT.1.1.0
2026-05-18 23:05:42,943 [WARN] PackLoader:240 - Cannot read IP mode file for STMicroelectronics.X-CUBE-MEMS1.12.0.0
2026-05-18 23:05:43,055 [WARN] PackLoader:240 - Cannot read IP mode file for STMicroelectronics.X-CUBE-ALGOBUILD.1.3.0
2026-05-18 23:05:43,101 [WARN] PackLoader:240 - Cannot read IP mode file for STMicroelectronics.X-CUBE-MEMS1.11.2.0
2026-05-18 23:05:43,243 [WARN] PackLoader:240 - Cannot read IP mode file for STMicroelectronics.X-CUBE-AZRTOS-G0.1.1.0
2026-05-18 23:05:43,250 [WARN] PackLoader:240 - Cannot read IP mode file for STMicroelectronics.X-CUBE-SAFEA1.1.2.2
2026-05-18 23:05:43,255 [WARN] PackLoader:240 - Cannot read IP mode file for STMicroelectronics.X-CUBE-NFC4.3.0.0
2026-05-18 23:05:43,263 [WARN] PackLoader:240 - Cannot read IP mode file for EmbeddedOffice.I-CUBE-FS-RTOS.1.0.1
2026-05-18 23:05:43,266 [WARN] PackLoader:240 - Cannot read IP mode file for STMicroelectronics.X-CUBE-WB05N.2.0.0
2026-05-18 23:05:43,271 [WARN] PackLoader:240 - Cannot read IP mode file for STMicroelectronics.X-CUBE-TCPP.4.2.0
2026-05-18 23:05:43,277 [WARN] PackLoader:240 - Cannot read IP mode file for RealThread.X-CUBE-RT-Thread_Nano.4.1.1
2026-05-18 23:05:43,282 [WARN] PackLoader:240 - Cannot read IP mode file for wolfSSL.I-CUBE-wolfSSL.5.7.0
2026-05-18 23:05:43,286 [WARN] PackLoader:240 - Cannot read IP mode file for STMicroelectronics.FP-ATR-SIGFOX1.3.2.0
2026-05-18 23:05:43,290 [WARN] ConditionMgr:438 - getConditionDescription Invalid condition id : Cortex-A Device cause : null
2026-05-18 23:05:43,299 [WARN] ConditionMgr:1044 - genDependencies : Invalid condition id : Cortex-A Device cause : null
2026-05-18 23:05:43,299 [WARN] ConditionMgr:1044 - genDependencies : Invalid condition id : Cortex-A Device cause : null
2026-05-18 23:05:43,299 [WARN] ConditionMgr:1044 - genDependencies : Invalid condition id : Cortex-A Device cause : null
2026-05-18 23:05:43,305 [WARN] PackLoader:240 - Cannot read IP mode file for STMicroelectronics.X-CUBE-EEPRMA1.5.1.0
2026-05-18 23:05:43,312 [WARN] PackLoader:240 - Cannot read IP mode file for STMicroelectronics.X-CUBE-FREERTOS.1.5.0
2026-05-18 23:05:43,316 [WARN] PackLoader:240 - Cannot read IP mode file for ITTIA_DB.I-CUBE-ITTIADB.8.9.0
2026-05-18 23:05:43,321 [WARN] PackLoader:240 - Cannot read IP mode file for STMicroelectronics.X-CUBE-NFC6.3.2.0
2026-05-18 23:05:43,326 [WARN] PackLoader:240 - Cannot read IP mode file for STMicroelectronics.X-CUBE-ST67W61.1.0.0
2026-05-18 23:05:43,329 [WARN] PackLoader:240 - Cannot read IP mode file for STMicroelectronics.X-CUBE-AI.10.2.0
2026-05-18 23:05:43,363 [WARN] PackLoader:240 - Cannot read IP mode file for STMicroelectronics.X-CUBE-MEMS1.12.1.0
2026-05-18 23:05:43,440 [WARN] PackLoader:240 - Cannot read IP mode file for SEGGER.I-CUBE-embOS.1.3.1
2026-05-18 23:05:43,467 [WARN] PackLoader:240 - Cannot read IP mode file for STMicroelectronics.X-CUBE-ALGOBUILD.1.4.0
2026-05-18 23:05:43,514 [WARN] PackLoader:240 - Cannot read IP mode file for STMicroelectronics.X-CUBE-MEMS1.11.3.0
2026-05-18 23:05:43,603 [WARN] PackLoader:240 - Cannot read IP mode file for STMicroelectronics.X-CUBE-AI.9.1.0
2026-05-18 23:05:43,606 [WARN] PackLoader:240 - Cannot read IP mode file for STMicroelectronics.X-CUBE-PM33A1.1.0.0
2026-05-18 23:05:43,610 [WARN] PackLoader:240 - Cannot read IP mode file for STMicroelectronics.X-CUBE-GNSS1.6.0.0
2026-05-18 23:05:43,621 [WARN] PackLoader:240 - Cannot read IP mode file for STMicroelectronics.X-CUBE-AZRTOS-F4.1.1.0
2026-05-18 23:05:43,626 [WARN] PackLoader:240 - Cannot read IP mode file for Avnet-IotConnect.X-CUBE-IoTC-DA16k-PMOD.1.0.0
2026-05-18 23:05:43,628 [WARN] PackLoader:240 - Cannot read IP mode file for STMicroelectronics.X-CUBE-ISPU.2.1.0
2026-05-18 23:05:43,636 [WARN] PackLoader:240 - Cannot read IP mode file for STMicroelectronics.X-CUBE-IPS.3.2.0
2026-05-18 23:05:43,642 [WARN] PackLoader:240 - Cannot read IP mode file for STMicroelectronics.eDS-WB_DPC_TT-BIDIR.2.1.1
2026-05-18 23:05:43,645 [WARN] PackLoader:240 - Cannot read IP mode file for STMicroelectronics.X-CUBE-FREERTOS.1.2.0
2026-05-18 23:05:43,650 [WARN] PackLoader:240 - Cannot read IP mode file for STMicroelectronics.X-CUBE-NFC12.1.0.0
2026-05-18 23:05:43,663 [WARN] PackLoader:240 - Cannot read IP mode file for STMicroelectronics.X-CUBE-AZRTOS-L5.2.0.0
2026-05-18 23:05:43,669 [WARN] PackLoader:240 - Cannot read IP mode file for STMicroelectronics.X-CUBE-NFC6.3.1.0
2026-05-18 23:05:43,675 [WARN] PackLoader:240 - Cannot read IP mode file for STMicroelectronics.X-CUBE-DPower.1.2.0
2026-05-18 23:05:43,677 [WARN] PackLoader:240 - Cannot read IP mode file for STMicroelectronics.eDS-WB_DPC_VIENNA.1.2.0
2026-05-18 23:05:43,679 [WARN] PackLoader:240 - Cannot read IP mode file for STMicroelectronics.eDS-WB_DPC_3PH2L-BIDIR.1.1.1
2026-05-18 23:05:43,682 [WARN] PackLoader:240 - Cannot read IP mode file for STMicroelectronics.X-CUBE-AI.9.0.0
2026-05-18 23:05:43,686 [ERROR] Engine:466 - /Users/admin/.stm32cubemx/thirdparties/pdsc/STMicroelectronics.X-CUBE-ST67W61.1.3.0.pdsc: PDSC version is not supported
2026-05-18 23:05:43,689 [WARN] PackLoader:240 - Cannot read IP mode file for STMicroelectronics.X-CUBE-FREERTOS.1.3.1
2026-05-18 23:05:43,692 [WARN] PackLoader:240 - Cannot read IP mode file for STMicroelectronics.X-CUBE-FREERTOS.1.3.0
2026-05-18 23:05:43,696 [WARN] PackLoader:240 - Cannot read IP mode file for STMicroelectronics.X-CUBE-NFC7.1.0.1
2026-05-18 23:05:43,699 [WARN] PackLoader:240 - Cannot read IP mode file for wolfSSL.I-CUBE-wolfTPM.3.2.0
2026-05-18 23:05:43,701 [WARN] PackLoader:240 - Cannot read IP mode file for STMicroelectronics.X-CUBE-TOUCHGFX.4.26.0
2026-05-18 23:05:43,704 [WARN] PackLoader:240 - Cannot read IP mode file for STMicroelectronics.X-CUBE-TOUCHGFX.4.26.1
2026-05-18 23:05:43,707 [WARN] PackLoader:240 - Cannot read IP mode file for STMicroelectronics.FP-SNS-STAIOTCFT.1.0.0
2026-05-18 23:05:43,711 [WARN] PackLoader:240 - Cannot read IP mode file for STMicroelectronics.X-CUBE-DPower.1.3.0
2026-05-18 23:05:43,713 [WARN] PackLoader:240 - Cannot read IP mode file for STMicroelectronics.X-CUBE-AI.8.1.0
2026-05-18 23:05:43,726 [WARN] ConditionMgr:438 - getConditionDescription Invalid condition id : LAN8742 Phy interface Condition cause : null
2026-05-18 23:05:43,727 [WARN] PackLoader:240 - Cannot read IP mode file for STMicroelectronics.X-CUBE-AZRTOS-L4.2.0.0
2026-05-18 23:05:43,728 [WARN] ConditionMgr:1044 - genDependencies : Invalid condition id : LAN8742 Phy interface Condition cause : null
2026-05-18 23:05:43,728 [WARN] ConditionMgr:1044 - genDependencies : Invalid condition id : LAN8742 Phy interface Condition cause : null
2026-05-18 23:05:43,728 [WARN] ConditionMgr:1044 - genDependencies : Invalid condition id : LAN8742 Phy interface Condition cause : null
2026-05-18 23:05:43,733 [WARN] PackLoader:240 - Cannot read IP mode file for STMicroelectronics.X-CUBE-SFXS2LP1.4.0.0
2026-05-18 23:05:43,737 [WARN] PackLoader:240 - Cannot read IP mode file for STMicroelectronics.X-CUBE-WB05N.2.1.0
2026-05-18 23:05:43,743 [WARN] PackLoader:240 - Cannot read IP mode file for STMicroelectronics.X-CUBE-ST67W61.1.2.0
2026-05-18 23:05:43,758 [WARN] PackLoader:240 - Cannot read IP mode file for STMicroelectronics.X-CUBE-AZRTOS-H7.3.3.0
2026-05-18 23:05:43,766 [WARN] PackLoader:240 - Cannot read IP mode file for STMicroelectronics.X-CUBE-BLEMGR.4.1.0
2026-05-18 23:05:43,775 [WARN] PackLoader:240 - Cannot read IP mode file for STMicroelectronics.X-CUBE-IPS.3.0.0
2026-05-18 23:05:43,786 [WARN] ConditionMgr:438 - getConditionDescription Invalid condition id : UX DEVICE CLASS RTOS Condition cause : null
2026-05-18 23:05:43,786 [WARN] ConditionMgr:438 - getConditionDescription Invalid condition id : UX DEVICE CLASS RTOS Condition cause : null
2026-05-18 23:05:43,787 [WARN] PackLoader:240 - Cannot read IP mode file for STMicroelectronics.X-CUBE-AZRTOS-WB.2.0.0
2026-05-18 23:05:43,788 [WARN] ConditionMgr:1044 - genDependencies : Invalid condition id : UX DEVICE CLASS RTOS Condition cause : null
2026-05-18 23:05:43,788 [WARN] ConditionMgr:1044 - genDependencies : Invalid condition id : UX DEVICE CLASS RTOS Condition cause : null
2026-05-18 23:05:43,789 [WARN] ConditionMgr:1044 - genDependencies : Invalid condition id : UX DEVICE CLASS RTOS Condition cause : null
2026-05-18 23:05:43,789 [WARN] ConditionMgr:1044 - genDependencies : Invalid condition id : UX DEVICE CLASS RTOS Condition cause : null
2026-05-18 23:05:43,789 [WARN] ConditionMgr:1044 - genDependencies : Invalid condition id : UX DEVICE CLASS RTOS Condition cause : null
2026-05-18 23:05:43,793 [WARN] PackLoader:240 - Cannot read IP mode file for STMicroelectronics.X-CUBE-GNSS1.7.0.0
2026-05-18 23:05:43,797 [WARN] PackLoader:240 - Cannot read IP mode file for STMicroelectronics.X-CUBE-GNSS1.7.0.1
2026-05-18 23:05:43,800 [WARN] PackLoader:240 - Cannot read IP mode file for STMicroelectronics.X-CUBE-TOUCHGFX.4.25.0
2026-05-18 23:05:43,804 [WARN] PackLoader:240 - Cannot read IP mode file for STMicroelectronics.FP-SNS-STBOX1.2.0.0
2026-05-18 23:05:43,810 [WARN] PackLoader:240 - Cannot read IP mode file for STMicroelectronics.X-CUBE-STSE01.2.0.0
2026-05-18 23:05:43,818 [WARN] PackLoader:240 - Cannot read IP mode file for STMicroelectronics.X-CUBE-SUBG2.5.0.0
2026-05-18 23:05:43,834 [WARN] PackLoader:240 - Cannot read IP mode file for STMicroelectronics.X-CUBE-AZRTOS-H7RS.1.1.0
2026-05-18 23:05:43,838 [WARN] PackLoader:240 - Cannot read IP mode file for Cesanta.I-CUBE-Mongoose.7.13.0
2026-05-18 23:05:43,848 [WARN] PackLoader:240 - Cannot read IP mode file for STMicroelectronics.X-CUBE-AZRTOS-G4.2.0.0
2026-05-18 23:05:43,852 [WARN] PackLoader:240 - Cannot read IP mode file for STMicroelectronics.X-CUBE-NFC7.2.0.0
2026-05-18 23:05:43,855 [WARN] PackLoader:240 - Cannot read IP mode file for STMicroelectronics.FP-SNS-MOTENVWB1.1.3.1
2026-05-18 23:05:43,858 [WARN] PackLoader:240 - Cannot read IP mode file for STMicroelectronics.X-CUBE-ISPU.2.0.0
2026-05-18 23:05:43,865 [WARN] PackLoader:240 - Cannot read IP mode file for STMicroelectronics.X-CUBE-IPS.3.1.0
2026-05-18 23:05:43,871 [WARN] PackLoader:240 - Cannot read IP mode file for STMicroelectronics.X-CUBE-ALS.1.0.2
2026-05-18 23:05:43,896 [WARN] PackLoader:240 - Cannot read IP mode file for STMicroelectronics.X-CUBE-MEMS1.10.0.0
2026-05-18 23:05:43,965 [WARN] PackLoader:240 - Cannot read IP mode file for STMicroelectronics.X-CUBE-FREERTOS.1.1.0
2026-05-18 23:05:43,968 [WARN] PackLoader:240 - Cannot read IP mode file for STMicroelectronics.X-CUBE-TOUCHGFX.4.24.0
2026-05-18 23:05:43,970 [WARN] PackLoader:240 - Cannot read IP mode file for STMicroelectronics.X-CUBE-TOUCHGFX.4.24.2
2026-05-18 23:05:43,973 [WARN] PackLoader:240 - Cannot read IP mode file for STMicroelectronics.X-CUBE-TOUCHGFX.4.24.1
2026-05-18 23:05:43,978 [WARN] PackLoader:240 - Cannot read IP mode file for STMicroelectronics.X-CUBE-STSE01.1.0.0
2026-05-18 23:05:43,982 [WARN] PackLoader:240 - Cannot read IP mode file for portGmbH.I-Cube-SoM-uGOAL.1.1.0
2026-05-18 23:05:43,986 [WARN] PackLoader:240 - Cannot read IP mode file for STMicroelectronics.X-CUBE-ALS.1.0.1
2026-05-18 23:05:43,999 [WARN] PackLoader:240 - Cannot read IP mode file for STMicroelectronics.X-CUBE-AZRTOS-H7RS.1.0.0
2026-05-18 23:05:44,003 [WARN] PackLoader:240 - Cannot read IP mode file for STMicroelectronics.FP-ATR-ASTRA1.2.0.0
2026-05-18 23:05:44,011 [WARN] PackLoader:240 - Cannot read IP mode file for STMicroelectronics.X-CUBE-TOF1.3.4.2
2026-05-18 23:05:44,025 [WARN] PackLoader:240 - Cannot read IP mode file for STMicroelectronics.X-CUBE-TOF1.3.4.3
2026-05-18 23:05:44,054 [WARN] PackLoader:240 - Cannot read IP mode file for STMicroelectronics.X-CUBE-TOF1.3.4.1
2026-05-18 23:05:44,075 [WARN] PackLoader:240 - Cannot read IP mode file for STMicroelectronics.X-CUBE-AZRTOS-H7.3.2.0
2026-05-18 23:05:44,089 [WARN] PackLoader:240 - Cannot read IP mode file for Infineon.AIROC-Wi-Fi-Bluetooth-STM32.1.6.0
2026-05-18 23:05:44,146 [WARN] PackLoader:240 - Cannot read IP mode file for wolfSSL.I-CUBE-wolfSSH.1.4.17
2026-05-18 23:05:44,147 [INFO] ThirdParty:978 - Integrity check success = true
2026-05-18 23:05:44,147 [INFO] IntegrityCheckThread:100 - exiting critical section [integrity check]
2026-05-18 23:05:44,147 [INFO] IntegrityCheckThread:103 - End integrity checks thread
