2026-05-25 21:05:38,451 [ERROR] LogOutputStream:75 - [STDERR_REDIRECT] 
2026-05-25 21:05:48,248 [INFO] Activator:176 - 


2026-05-25 21:05:48,250 [INFO] Activator:177 - !SESSION log4j initialized
2026-05-25 21:05:52,029 [INFO] LogOutputStream:77 - [STDOUT_REDIRECT] 
2026-05-25 21:05:56,662 [INFO] LogOutputStream:77 - [STDOUT_REDIRECT] 
2026-05-25 21:05:57,136 [ERROR] LogOutputStream:75 - [STDERR_REDIRECT] 
2026-05-25 21:05:57,334 [ERROR] LogOutputStream:75 - [STDERR_REDIRECT] java.net.URISyntaxException: Illegal character in path at index 28: file:/Users/admin/Desktop/My Projects/Bike4u/Programing/.metadata/.log4j2.xml
2026-05-25 21:05:57,334 [ERROR] LogOutputStream:75 - [STDERR_REDIRECT] 	at java.base/java.net.URI$Parser.fail(URI.java:2995)
2026-05-25 21:05:57,334 [ERROR] LogOutputStream:75 - [STDERR_REDIRECT] 	at java.base/java.net.URI$Parser.checkChars(URI.java:3166)
2026-05-25 21:05:57,335 [ERROR] LogOutputStream:75 - [STDERR_REDIRECT] 	at java.base/java.net.URI$Parser.parseHierarchical(URI.java:3248)
2026-05-25 21:05:57,335 [ERROR] LogOutputStream:75 - [STDERR_REDIRECT] 	at java.base/java.net.URI$Parser.parse(URI.java:3196)
2026-05-25 21:05:57,335 [ERROR] LogOutputStream:75 - [STDERR_REDIRECT] 	at java.base/java.net.URI.<init>(URI.java:645)
2026-05-25 21:05:57,336 [ERROR] LogOutputStream:75 - [STDERR_REDIRECT] 	at java.base/java.net.URL.toURI(URL.java:1220)
2026-05-25 21:05:57,336 [ERROR] LogOutputStream:75 - [STDERR_REDIRECT] 	at com.st.stm32cube.common.mx.core.CubeMxInstance.getInstance(CubeMxInstance.java:81)
2026-05-25 21:05:57,336 [ERROR] LogOutputStream:75 - [STDERR_REDIRECT] 	at com.st.stm32cube.common.mx.userauth.UserAuthAdapter.<init>(UserAuthAdapter.java:25)
2026-05-25 21:05:57,336 [ERROR] LogOutputStream:75 - [STDERR_REDIRECT] 	at com.st.stm32cube.common.mx.userauth.UserAuthProvider.getUserAuthAdapter(UserAuthProvider.java:16)
2026-05-25 21:05:57,337 [ERROR] LogOutputStream:75 - [STDERR_REDIRECT] 	at com.st.stm32cube.common.ecosystemintegration.ui.core.MCUEcoSystemIntegrationUiHelper.getUserAuth(MCUEcoSystemIntegrationUiHelper.java:100)
2026-05-25 21:05:57,337 [ERROR] LogOutputStream:75 - [STDERR_REDIRECT] 	at com.st.stm32cube.ide.mcu.userauth.UserAuthStartup.earlyStartup(UserAuthStartup.java:32)
2026-05-25 21:05:57,337 [ERROR] LogOutputStream:75 - [STDERR_REDIRECT] 	at org.eclipse.ui.internal.EarlyStartupRunnable.runEarlyStartup(EarlyStartupRunnable.java:79)
2026-05-25 21:05:57,337 [ERROR] LogOutputStream:75 - [STDERR_REDIRECT] 	at org.eclipse.ui.internal.EarlyStartupRunnable.run(EarlyStartupRunnable.java:55)
2026-05-25 21:05:57,338 [ERROR] LogOutputStream:75 - [STDERR_REDIRECT] 	at org.eclipse.core.runtime.SafeRunner.run(SafeRunner.java:47)
2026-05-25 21:05:57,338 [ERROR] LogOutputStream:75 - [STDERR_REDIRECT] 	at org.eclipse.ui.internal.Workbench$39.run(Workbench.java:2733)
2026-05-25 21:05:57,338 [ERROR] LogOutputStream:75 - [STDERR_REDIRECT] 	at org.eclipse.core.internal.jobs.Worker.run(Worker.java:63)
2026-05-25 21:05:57,646 [INFO] ApplicationProperties:184 - Using Application install path: /Applications/STM32CubeIDE.app/Contents/Eclipse/plugins/com.st.stm32cube.common.mx_6.15.0.202507011659
2026-05-25 21:05:57,680 [INFO] DbMcusXml:78 - Set database path to: /Applications/STM32CubeIDE.app/Contents/Eclipse/plugins/com.st.stm32cube.common.mx_6.15.0.202507011659//db//mcu/
2026-05-25 21:05:57,680 [INFO] ApiDb:274 - Set plugin database path to: /Applications/STM32CubeIDE.app/Contents/Eclipse/plugins/com.st.stm32cube.common.mx_6.15.0.202507011659//db//plugins/boardmanager/
2026-05-25 21:05:57,681 [WARN] ApiDb:259 - Overriding images path with different value:  => /Applications/STM32CubeIDE.app/Contents/Eclipse/plugins/com.st.stm32cube.common.mx_6.15.0.202507011659//db//plugins/mcufinder/images/
2026-05-25 21:05:57,688 [INFO] ApiDb:250 - Set database path to: /Users/admin/.stmcufinder/plugins/mcufinder//mcu/
2026-05-25 21:05:57,690 [INFO] DbMcusAds:125 - Set database path to: /Users/admin/.stmcufinder/plugins/mcufinder//mcu/
2026-05-25 21:05:57,697 [INFO] CrossReferenceDbSqlite:203 - Set database path to: /Users/admin/.stmcufinder/plugins/mcufinder//mcu/cs/
2026-05-25 21:05:57,956 [INFO] RulesReader:64 - Compatibility file has been processed (317 Rules)
2026-05-25 21:05:58,042 [INFO] DbMcusXml:78 - Set database path to: /Applications/STM32CubeIDE.app/Contents/Eclipse/plugins/com.st.stm32cube.common.mx_6.15.0.202507011659//db//mcu/
2026-05-25 21:05:58,042 [INFO] ApiDb:274 - Set plugin database path to: /Applications/STM32CubeIDE.app/Contents/Eclipse/plugins/com.st.stm32cube.common.mx_6.15.0.202507011659//db//plugins/boardmanager/
2026-05-25 21:05:58,042 [INFO] ApiDb:261 - Set plugin images path to: /Applications/STM32CubeIDE.app/Contents/Eclipse/plugins/com.st.stm32cube.common.mx_6.15.0.202507011659//db//plugins/mcufinder/images/
2026-05-25 21:05:58,043 [WARN] DbFile:41 - Overriding database path with different value: /Users/admin/.stmcufinder/plugins/mcufinder/ => /Users/admin/.stmcufinder/plugins/mcufinder
2026-05-25 21:05:58,043 [INFO] ApiDb:250 - Set database path to: /Users/admin/.stmcufinder/plugins/mcufinder//mcu/
2026-05-25 21:05:58,043 [WARN] DbFile:41 - Overriding database path with different value: /Users/admin/.stmcufinder/plugins/mcufinder/ => /Users/admin/.stmcufinder/plugins/mcufinder
2026-05-25 21:05:58,043 [INFO] DbMcusAds:125 - Set database path to: /Users/admin/.stmcufinder/plugins/mcufinder//mcu/
2026-05-25 21:05:58,043 [WARN] DbFile:41 - Overriding database path with different value: /Users/admin/.stmcufinder/plugins/mcufinder/ => /Users/admin/.stmcufinder/plugins/mcufinder
2026-05-25 21:05:58,043 [WARN] DbFile:41 - Overriding database path with different value: /Users/admin/.stmcufinder/plugins/mcufinder/ => /Users/admin/.stmcufinder/plugins/mcufinder
2026-05-25 21:05:58,044 [INFO] CrossReferenceDbSqlite:203 - Set database path to: /Users/admin/.stmcufinder/plugins/mcufinder//mcu/cs/
2026-05-25 21:05:58,144 [INFO] MainPanel:274 - HeapMemory: 268435456
2026-05-25 21:05:59,042 [INFO] DbMcusXml:78 - Set database path to: /Applications/STM32CubeIDE.app/Contents/Eclipse/plugins/com.st.stm32cube.common.mx_6.15.0.202507011659//db//mcu/
2026-05-25 21:05:59,043 [INFO] ApiDb:274 - Set plugin database path to: /Applications/STM32CubeIDE.app/Contents/Eclipse/plugins/com.st.stm32cube.common.mx_6.15.0.202507011659//db//plugins/boardmanager/
2026-05-25 21:05:59,043 [INFO] ApiDb:261 - Set plugin images path to: /Applications/STM32CubeIDE.app/Contents/Eclipse/plugins/com.st.stm32cube.common.mx_6.15.0.202507011659//db//plugins/mcufinder/images/
2026-05-25 21:05:59,043 [WARN] DbFile:41 - Overriding database path with different value: /Users/admin/.stmcufinder/plugins/mcufinder/ => /Users/admin/.stmcufinder/plugins/mcufinder
2026-05-25 21:05:59,044 [INFO] ApiDb:250 - Set database path to: /Users/admin/.stmcufinder/plugins/mcufinder//mcu/
2026-05-25 21:05:59,044 [WARN] DbFile:41 - Overriding database path with different value: /Users/admin/.stmcufinder/plugins/mcufinder/ => /Users/admin/.stmcufinder/plugins/mcufinder
2026-05-25 21:05:59,044 [INFO] DbMcusAds:125 - Set database path to: /Users/admin/.stmcufinder/plugins/mcufinder//mcu/
2026-05-25 21:05:59,044 [WARN] DbFile:41 - Overriding database path with different value: /Users/admin/.stmcufinder/plugins/mcufinder/ => /Users/admin/.stmcufinder/plugins/mcufinder
2026-05-25 21:05:59,044 [WARN] DbFile:41 - Overriding database path with different value: /Users/admin/.stmcufinder/plugins/mcufinder/ => /Users/admin/.stmcufinder/plugins/mcufinder
2026-05-25 21:05:59,044 [INFO] CrossReferenceDbSqlite:203 - Set database path to: /Users/admin/.stmcufinder/plugins/mcufinder//mcu/cs/
2026-05-25 21:05:59,067 [INFO] ApplicationProperties:184 - Using Application install path: /Applications/STM32CubeIDE.app/Contents/Eclipse/plugins/com.st.stm32cube.common.mx_6.15.0.202507011659
2026-05-25 21:05:59,069 [INFO] PluginManage:196 - Search for loadable plugins [exclusion list=, ]
2026-05-25 21:05:59,071 [INFO] PluginManage:310 - Check plugin analytics
2026-05-25 21:05:59,393 [INFO] AnalyticsPlugin:253 - Accepted Software Licenses: 
2026-05-25 21:05:59,394 [INFO] AnalyticsPlugin:255 - Accepted CMSIS Pack Licenses: Infineon.AIROC-Wi-Fi-Bluetooth-STM32.1.6.0,STMicroelectronics.X-CUBE-BLE1.7.0.0
2026-05-25 21:05:59,394 [INFO] AnalyticsPlugin:257 - Accepted Firmware Licenses: FW.G0.1.6.0,FW.WB.1.19.0,FW.WB.1.21.0
2026-05-25 21:05:59,402 [INFO] PluginManage:359 - Loaded plugin analytics (category:tool,tabindex:-1)
2026-05-25 21:05:59,402 [INFO] PluginManage:310 - Check plugin cadmodel
2026-05-25 21:05:59,409 [INFO] CADModel:105 - Init CAD model plugin
2026-05-25 21:05:59,409 [INFO] PluginManage:359 - Loaded plugin cadmodel (category:power,tabindex:5)
2026-05-25 21:05:59,409 [INFO] PluginManage:310 - Check plugin clock
2026-05-25 21:05:59,422 [INFO] PluginManage:359 - Loaded plugin clock (category:base,tabindex:2)
2026-05-25 21:05:59,422 [INFO] PluginManage:310 - Check plugin ddr
2026-05-25 21:05:59,426 [INFO] PluginManage:359 - Loaded plugin ddr (category:tool,tabindex:6)
2026-05-25 21:05:59,426 [INFO] PluginManage:310 - Check plugin filemanager
2026-05-25 21:05:59,687 [INFO] PluginManage:359 - Loaded plugin filemanager (category:base,tabindex:10)
2026-05-25 21:05:59,688 [INFO] PluginManage:310 - Check plugin ipmanager
2026-05-25 21:05:59,696 [INFO] PluginManage:359 - Loaded plugin ipmanager (category:base,tabindex:5)
2026-05-25 21:05:59,697 [INFO] PluginManage:310 - Check plugin lpbam
2026-05-25 21:05:59,714 [INFO] PluginManage:359 - Loaded plugin lpbam (category:base,tabindex:0)
2026-05-25 21:05:59,715 [INFO] PluginManage:310 - Check plugin memorymap
2026-05-25 21:05:59,736 [INFO] PluginManage:359 - Loaded plugin memorymap (category:base,tabindex:4)
2026-05-25 21:05:59,736 [INFO] PluginManage:310 - Check plugin pinoutandconfiguration
2026-05-25 21:05:59,748 [INFO] PluginManage:359 - Loaded plugin pinoutandconfiguration (category:base,tabindex:1)
2026-05-25 21:05:59,748 [INFO] PluginManage:310 - Check plugin pinoutconfig
2026-05-25 21:05:59,887 [WARN] SupportedApi:132 - Cannot load RTOS API schema: s4s-elt-must-match.1: The content of 'definitions' must match (annotation?, (simpleType | complexType)?, (unique | key | keyref)*)). A problem was found starting at: attribute.
2026-05-25 21:06:00,074 [INFO] PluginManage:359 - Loaded plugin pinoutconfig (category:base,tabindex:0)
2026-05-25 21:06:00,074 [INFO] PluginManage:310 - Check plugin power
2026-05-25 21:06:00,086 [INFO] PluginManage:359 - Loaded plugin power (category:power,tabindex:4)
2026-05-25 21:06:00,086 [INFO] PluginManage:310 - Check plugin projectmanager
2026-05-25 21:06:00,106 [INFO] PluginManage:359 - Loaded plugin projectmanager (category:projectmanager,tabindex:4)
2026-05-25 21:06:00,106 [INFO] PluginManage:310 - Check plugin rif
2026-05-25 21:06:00,119 [INFO] PluginManage:359 - Loaded plugin rif (category:base,tabindex:3)
2026-05-25 21:06:00,119 [INFO] PluginManage:310 - Check plugin thirdparty
2026-05-25 21:06:00,301 [INFO] PluginManage:359 - Loaded plugin thirdparty (category:base,tabindex:-1)
2026-05-25 21:06:00,301 [WARN] IntegrityCheckThread:84 - waiting for thirdparty lock release [integrity check]
2026-05-25 21:06:00,301 [INFO] PluginManage:310 - Check plugin tools
2026-05-25 21:06:00,301 [INFO] IntegrityCheckThread:86 - entering critical section [integrity check]
2026-05-25 21:06:00,302 [INFO] ThirdPartyUpdaterWithRetryManager:70 - Updater plugin not ready yet. [1/15]
2026-05-25 21:06:00,305 [INFO] PluginManage:359 - Loaded plugin tools (category:base,tabindex:7)
2026-05-25 21:06:00,305 [INFO] PluginManage:310 - Check plugin tutovideos
2026-05-25 21:06:00,605 [INFO] PluginManage:359 - Loaded plugin tutovideos (category:base,tabindex:-1)
2026-05-25 21:06:00,605 [INFO] PluginManage:310 - Check plugin updater
2026-05-25 21:06:00,633 [INFO] PluginManage:359 - Loaded plugin updater (category:base,tabindex:12)
2026-05-25 21:06:00,633 [INFO] PluginManage:310 - Check plugin userauth
2026-05-25 21:06:00,639 [INFO] UserAuth:118 - Init User Auth plugin
2026-05-25 21:06:00,640 [INFO] PluginManage:359 - Loaded plugin userauth (category:base,tabindex:14)
2026-05-25 21:06:00,641 [INFO] PluginManage:283 - PluginManage : Loaded plugins [18]
2026-05-25 21:06:00,913 [INFO] PinOutPanel:1589 - setPackage(No Configuration,No Configuration)
2026-05-25 21:06:01,048 [INFO] CADModel:165 - CPN selected for project level
2026-05-25 21:06:01,049 [INFO] CADModel:114 - Register for checkConnection events
2026-05-25 21:06:01,067 [INFO] IPUIPlugin:80 - create IPUIPlugin
2026-05-25 21:06:01,068 [INFO] PluginManager:220 - loadIPPluginJar : add mdma
2026-05-25 21:06:01,077 [INFO] IPUIPlugin:80 - create IPUIPlugin
2026-05-25 21:06:01,078 [INFO] PluginManager:220 - loadIPPluginJar : add freertos
2026-05-25 21:06:01,084 [INFO] IPUIPlugin:80 - create IPUIPlugin
2026-05-25 21:06:01,085 [INFO] PluginManager:220 - loadIPPluginJar : add gic
2026-05-25 21:06:01,097 [INFO] IPUIPlugin:80 - create IPUIPlugin
2026-05-25 21:06:01,097 [INFO] PluginManager:220 - loadIPPluginJar : add adc
2026-05-25 21:06:01,100 [INFO] IPUIPlugin:80 - create IPUIPlugin
2026-05-25 21:06:01,100 [INFO] PluginManager:220 - loadIPPluginJar : add gtzc
2026-05-25 21:06:01,102 [INFO] IPUIPlugin:80 - create IPUIPlugin
2026-05-25 21:06:01,102 [INFO] PluginManager:220 - loadIPPluginJar : add quadspi
2026-05-25 21:06:01,106 [INFO] IPUIPlugin:80 - create IPUIPlugin
2026-05-25 21:06:01,106 [INFO] PluginManager:220 - loadIPPluginJar : add aes
2026-05-25 21:06:01,110 [INFO] IPUIPlugin:80 - create IPUIPlugin
2026-05-25 21:06:01,110 [INFO] PluginManager:220 - loadIPPluginJar : add pdm2pcm
2026-05-25 21:06:01,113 [INFO] IPUIPlugin:80 - create IPUIPlugin
2026-05-25 21:06:01,113 [INFO] PluginManager:220 - loadIPPluginJar : add hash
2026-05-25 21:06:01,116 [INFO] IPUIPlugin:80 - create IPUIPlugin
2026-05-25 21:06:01,116 [INFO] PluginManager:220 - loadIPPluginJar : add tim
2026-05-25 21:06:01,118 [INFO] IPUIPlugin:80 - create IPUIPlugin
2026-05-25 21:06:01,118 [INFO] PluginManager:220 - loadIPPluginJar : add tsc
2026-05-25 21:06:01,121 [INFO] IPUIPlugin:80 - create IPUIPlugin
2026-05-25 21:06:01,122 [INFO] PluginManager:220 - loadIPPluginJar : add extmemmanager
2026-05-25 21:06:01,124 [INFO] IPUIPlugin:80 - create IPUIPlugin
2026-05-25 21:06:01,124 [INFO] PluginManager:220 - loadIPPluginJar : add ts
2026-05-25 21:06:01,126 [INFO] IPUIPlugin:80 - create IPUIPlugin
2026-05-25 21:06:01,127 [INFO] PluginManager:220 - loadIPPluginJar : add radio
2026-05-25 21:06:01,130 [INFO] IPUIPlugin:80 - create IPUIPlugin
2026-05-25 21:06:01,130 [INFO] PluginManager:220 - loadIPPluginJar : add can
2026-05-25 21:06:01,134 [INFO] IPUIPlugin:80 - create IPUIPlugin
2026-05-25 21:06:01,134 [INFO] PluginManager:220 - loadIPPluginJar : add dma3
2026-05-25 21:06:01,136 [INFO] IPUIPlugin:80 - create IPUIPlugin
2026-05-25 21:06:01,136 [INFO] PluginManager:220 - loadIPPluginJar : add dfsdm
2026-05-25 21:06:01,139 [INFO] IPUIPlugin:80 - create IPUIPlugin
2026-05-25 21:06:01,139 [INFO] PluginManager:220 - loadIPPluginJar : add spi
2026-05-25 21:06:01,142 [INFO] IPUIPlugin:80 - create IPUIPlugin
2026-05-25 21:06:01,143 [INFO] PluginManager:220 - loadIPPluginJar : add gfxmmu
2026-05-25 21:06:01,144 [INFO] IPUIPlugin:80 - create IPUIPlugin
2026-05-25 21:06:01,145 [INFO] PluginManager:220 - loadIPPluginJar : add genericplugin
2026-05-25 21:06:01,147 [INFO] IPUIPlugin:80 - create IPUIPlugin
2026-05-25 21:06:01,148 [INFO] PluginManager:220 - loadIPPluginJar : add cryp
2026-05-25 21:06:01,153 [INFO] IPUIPlugin:80 - create IPUIPlugin
2026-05-25 21:06:01,153 [INFO] PluginManager:220 - loadIPPluginJar : add gpio
2026-05-25 21:06:01,156 [INFO] IPUIPlugin:80 - create IPUIPlugin
2026-05-25 21:06:01,157 [INFO] PluginManager:220 - loadIPPluginJar : add ddr_ctrl_phy
2026-05-25 21:06:01,159 [INFO] IPUIPlugin:80 - create IPUIPlugin
2026-05-25 21:06:01,159 [INFO] PluginManager:220 - loadIPPluginJar : add comp
2026-05-25 21:06:01,161 [INFO] IPUIPlugin:80 - create IPUIPlugin
2026-05-25 21:06:01,161 [INFO] PluginManager:220 - loadIPPluginJar : add tracer_emb
2026-05-25 21:06:01,165 [INFO] IPUIPlugin:80 - create IPUIPlugin
2026-05-25 21:06:01,165 [INFO] PluginManager:220 - loadIPPluginJar : add openamp
2026-05-25 21:06:01,173 [INFO] IPUIPlugin:80 - create IPUIPlugin
2026-05-25 21:06:01,173 [INFO] PluginManager:220 - loadIPPluginJar : add stm32_wpan
2026-05-25 21:06:01,183 [INFO] IPUIPlugin:80 - create IPUIPlugin
2026-05-25 21:06:01,185 [INFO] PluginManager:220 - loadIPPluginJar : add plateformsettings
2026-05-25 21:06:01,190 [INFO] IPUIPlugin:80 - create IPUIPlugin
2026-05-25 21:06:01,190 [INFO] PluginManager:220 - loadIPPluginJar : add ipddr
2026-05-25 21:06:01,194 [INFO] IPUIPlugin:80 - create IPUIPlugin
2026-05-25 21:06:01,194 [INFO] PluginManager:220 - loadIPPluginJar : add usart
2026-05-25 21:06:01,196 [INFO] IPUIPlugin:80 - create IPUIPlugin
2026-05-25 21:06:01,197 [INFO] PluginManager:220 - loadIPPluginJar : add ltdc
2026-05-25 21:06:01,202 [INFO] IPUIPlugin:80 - create IPUIPlugin
2026-05-25 21:06:01,203 [INFO] PluginManager:220 - loadIPPluginJar : add nvic
2026-05-25 21:06:01,205 [INFO] IPUIPlugin:80 - create IPUIPlugin
2026-05-25 21:06:01,205 [INFO] PluginManager:220 - loadIPPluginJar : add fatfs
2026-05-25 21:06:01,215 [INFO] IPUIPlugin:80 - create IPUIPlugin
2026-05-25 21:06:01,215 [INFO] PluginManager:220 - loadIPPluginJar : add linkedlist
2026-05-25 21:06:01,223 [INFO] IPUIPlugin:80 - create IPUIPlugin
2026-05-25 21:06:01,224 [INFO] PluginManager:220 - loadIPPluginJar : add dma
2026-05-25 21:06:01,229 [INFO] IPUIPlugin:80 - create IPUIPlugin
2026-05-25 21:06:01,229 [INFO] PluginManager:220 - loadIPPluginJar : add fmc
2026-05-25 21:06:01,232 [INFO] IPUIPlugin:80 - create IPUIPlugin
2026-05-25 21:06:01,232 [INFO] PluginManager:220 - loadIPPluginJar : add i2s
2026-05-25 21:06:01,235 [INFO] IPUIPlugin:80 - create IPUIPlugin
2026-05-25 21:06:01,235 [INFO] PluginManager:220 - loadIPPluginJar : add ucpd
2026-05-25 21:06:01,238 [INFO] IPUIPlugin:80 - create IPUIPlugin
2026-05-25 21:06:01,238 [INFO] PluginManager:220 - loadIPPluginJar : add lorawan
2026-05-25 21:06:01,241 [INFO] IPUIPlugin:80 - create IPUIPlugin
2026-05-25 21:06:01,242 [INFO] PluginManager:220 - loadIPPluginJar : add opamp
2026-05-25 21:06:01,245 [INFO] IPUIPlugin:80 - create IPUIPlugin
2026-05-25 21:06:01,246 [INFO] PluginManager:220 - loadIPPluginJar : add i3c
2026-05-25 21:06:01,251 [INFO] IPUIPlugin:80 - create IPUIPlugin
2026-05-25 21:06:01,251 [INFO] PluginManager:220 - loadIPPluginJar : add touchsensing
2026-05-25 21:06:01,255 [INFO] IPUIPlugin:80 - create IPUIPlugin
2026-05-25 21:06:01,255 [INFO] PluginManager:220 - loadIPPluginJar : add i2c
2026-05-25 21:06:01,259 [INFO] IPUIPlugin:80 - create IPUIPlugin
2026-05-25 21:06:01,259 [INFO] PluginManager:220 - loadIPPluginJar : add resmgrutility
2026-05-25 21:06:01,263 [INFO] IPUIPlugin:80 - create IPUIPlugin
2026-05-25 21:06:01,263 [INFO] PluginManager:220 - loadIPPluginJar : add sai
2026-05-25 21:06:01,267 [INFO] IPUIPlugin:80 - create IPUIPlugin
2026-05-25 21:06:01,267 [INFO] PluginManager:220 - loadIPPluginJar : add usbx
2026-05-25 21:06:01,391 [FATAL] Updater:351 - Updater called before beeing initialized
2026-05-25 21:06:01,433 [INFO] RulesReader:64 - Compatibility file has been processed (317 Rules)
2026-05-25 21:06:01,450 [INFO] RulesReader:64 - Compatibility file has been processed (317 Rules)
2026-05-25 21:06:01,460 [INFO] CADModel:165 - CPN selected for project level
2026-05-25 21:06:01,460 [INFO] CADModel:114 - Register for checkConnection events
2026-05-25 21:06:01,460 [FATAL] Updater:351 - Updater called before beeing initialized
2026-05-25 21:06:01,461 [ERROR] CADModel:125 - Updater not yet initialized, retry later 
2026-05-25 21:06:01,674 [FATAL] Updater:351 - Updater called before beeing initialized
2026-05-25 21:06:01,676 [INFO] CADModel:165 - CPN selected for project level
2026-05-25 21:06:01,676 [INFO] CADModel:114 - Register for checkConnection events
2026-05-25 21:06:01,676 [FATAL] Updater:351 - Updater called before beeing initialized
2026-05-25 21:06:01,676 [ERROR] CADModel:125 - Updater not yet initialized, retry later 
2026-05-25 21:06:01,682 [FATAL] Updater:351 - Updater called before beeing initialized
2026-05-25 21:06:01,796 [FATAL] Updater:351 - Updater called before beeing initialized
2026-05-25 21:06:01,802 [INFO] DbMcusAds:53 - JSON generation date=Mon Apr 27 11:14:29 EEST 2026 (1777277669683)
2026-05-25 21:06:01,803 [FATAL] Updater:351 - Updater called before beeing initialized
2026-05-25 21:06:01,888 [WARN] DetailPanel:346 - Failed to get advertising image, set to default
2026-05-25 21:06:02,070 [FATAL] Updater:351 - Updater called before beeing initialized
2026-05-25 21:06:02,072 [FATAL] Updater:351 - Updater called before beeing initialized
2026-05-25 21:06:02,072 [FATAL] Updater:351 - Updater called before beeing initialized
2026-05-25 21:06:02,072 [WARN] DetailPanel:346 - Failed to get advertising image, set to default
2026-05-25 21:06:02,074 [FATAL] Updater:351 - Updater called before beeing initialized
2026-05-25 21:06:02,111 [ERROR] Updater:1198 - MainUpdater not yet initialized. External WinMGr cannot be set.
2026-05-25 21:06:02,113 [INFO] Updater:1134 - Updater Version found : 6.15.0
2026-05-25 21:06:02,137 [INFO] ApplicationProperties:184 - Using Application install path: /Applications/STM32CubeIDE.app/Contents/Eclipse/plugins/com.st.stm32cube.common.mx_6.15.0.202507011659
2026-05-25 21:06:02,641 [INFO] MainUpdater:2872 - connection check result : 10
2026-05-25 21:06:02,643 [INFO] MainUpdater:289 - Updater Check For Update Now.
2026-05-25 21:06:02,643 [INFO] MicroXplorer:498 - Change Database Version : DB.6.0.150
2026-05-25 21:06:02,652 [INFO] McuFinderGlobals:63 - Set McuFinder mode to 2 (CubeIDE integrated)
2026-05-25 21:06:02,653 [INFO] UserAuth:487 - Internet connection configuration mode: 1
2026-05-25 21:06:02,695 [INFO] JxBrowserEngine:152 - Initiate JxBrowser Engine with user profile folder
2026-05-25 21:06:02,928 [INFO] CheckServerUpdateThread:120 - End of CheckServer Thread
2026-05-25 21:06:03,729 [WARN] PackLoader:240 - Cannot read IP mode file for STMicroelectronics.X-CUBE-AZRTOS-H7.3.5.0
2026-05-25 21:06:03,751 [WARN] PackLoader:240 - Cannot read IP mode file for STMicroelectronics.FP-SNS-MOTENVWB1.1.4.0
2026-05-25 21:06:03,760 [WARN] PackLoader:240 - Cannot read IP mode file for STMicroelectronics.FP-ATR-ASTRA1.2.0.2
2026-05-25 21:06:03,765 [WARN] PackLoader:240 - Cannot read IP mode file for STMicroelectronics.FP-ATR-ASTRA1.2.0.1
2026-05-25 21:06:03,780 [WARN] PackLoader:240 - Cannot read IP mode file for STMicroelectronics.X-CUBE-SMBUS.2.1.0
2026-05-25 21:06:03,796 [WARN] PackLoader:240 - Cannot read IP mode file for STMicroelectronics.X-CUBE-WB05N.1.1.0
2026-05-25 21:06:03,811 [WARN] PackLoader:240 - Cannot read IP mode file for STMicroelectronics.X-CUBE-ST60.1.0.0
2026-05-25 21:06:03,822 [WARN] PackLoader:240 - Cannot read IP mode file for STMicroelectronics.X-CUBE-TOUCHGFX.4.23.2
2026-05-25 21:06:03,881 [WARN] PackLoader:240 - Cannot read IP mode file for STMicroelectronics.X-CUBE-AZRTOS-F7.1.1.0
2026-05-25 21:06:03,898 [WARN] PackLoader:240 - Cannot read IP mode file for STMicroelectronics.FP-SNS-MOTENV1.4.3.2
2026-05-25 21:06:03,984 [WARN] PackLoader:240 - Cannot read IP mode file for STMicroelectronics.X-CUBE-MEMS1.11.0.0
2026-05-25 21:06:04,401 [WARN] PackLoader:240 - Cannot read IP mode file for STMicroelectronics.FP-SNS-MOTENV1.5.1.0
2026-05-25 21:06:04,410 [WARN] PackLoader:240 - Cannot read IP mode file for STMicroelectronics.FP-SNS-FLIGHT1.5.0.2
2026-05-25 21:06:04,456 [WARN] PackLoader:240 - Cannot read IP mode file for STMicroelectronics.X-CUBE-AZRTOS-H7.3.4.0
2026-05-25 21:06:04,478 [WARN] PackLoader:240 - Cannot read IP mode file for STMicroelectronics.X-CUBE-DISPLAY.3.0.0
2026-05-25 21:06:04,497 [WARN] PackLoader:240 - Cannot read IP mode file for STMicroelectronics.X-CUBE-GNSS1.7.1.1
2026-05-25 21:06:04,508 [WARN] PackLoader:240 - Cannot read IP mode file for STMicroelectronics.FP-SNS-MOTENVWB1.1.5.0
2026-05-25 21:06:04,519 [WARN] PackLoader:240 - Cannot read IP mode file for STMicroelectronics.X-CUBE-BLE1.7.0.0
2026-05-25 21:06:04,682 [WARN] PackLoader:240 - Cannot read IP mode file for STMicroelectronics.X-CUBE-NFC10.1.0.0
2026-05-25 21:06:04,702 [WARN] PackLoader:240 - Cannot read IP mode file for STMicroelectronics.X-CUBE-BLEMGR.4.0.0
2026-05-25 21:06:04,725 [WARN] PackLoader:240 - Cannot read IP mode file for STMicroelectronics.X-CUBE-ST60.1.1.0
2026-05-25 21:06:04,732 [WARN] PackLoader:240 - Cannot read IP mode file for emotas.I-CUBE-CANOPEN.1.3.0
2026-05-25 21:06:04,760 [WARN] PackLoader:240 - Cannot read IP mode file for STMicroelectronics.X-CUBE-GNSS1.7.1.0
2026-05-25 21:06:04,779 [WARN] PackLoader:240 - Cannot read IP mode file for STMicroelectronics.X-CUBE-BLEMGR.3.1.0
2026-05-25 21:06:04,785 [INFO] WebApp:169 - Instantiating new browser for Auth
2026-05-25 21:06:04,796 [WARN] PackLoader:240 - Cannot read IP mode file for STMicroelectronics.X-CUBE-AI.10.0.0
2026-05-25 21:06:04,832 [WARN] PackLoader:240 - Cannot read IP mode file for STMicroelectronics.FP-SNS-STBOX1.2.1.0
2026-05-25 21:06:04,860 [WARN] PackLoader:240 - Cannot read IP mode file for STMicroelectronics.FP-SNS-SMARTAG2.1.2.0
2026-05-25 21:06:04,886 [WARN] PackLoader:240 - Cannot read IP mode file for STMicroelectronics.FP-SNS-FLIGHT1.5.1.0
2026-05-25 21:06:05,013 [WARN] PackLoader:240 - Cannot read IP mode file for STMicroelectronics.X-CUBE-MEMS1.11.1.0
2026-05-25 21:06:05,259 [INFO] LogOutputStream:77 - [STDOUT_REDIRECT] 1 : Invalid condition id : UX_CORESTACK_Condition cause : null
2026-05-25 21:06:05,260 [INFO] LogOutputStream:77 - [STDOUT_REDIRECT] 1 : Invalid condition id : UX_CORESTACK_Condition cause : null
2026-05-25 21:06:05,261 [INFO] LogOutputStream:77 - [STDOUT_REDIRECT] 1 : Invalid condition id : UX_CORESTACK_Condition cause : null
2026-05-25 21:06:05,261 [INFO] LogOutputStream:77 - [STDOUT_REDIRECT] 1 : Invalid condition id : UX_CORESTACK_Condition cause : null
2026-05-25 21:06:05,261 [INFO] LogOutputStream:77 - [STDOUT_REDIRECT] 1 : Invalid condition id : UX_CORESTACK_Condition cause : null
2026-05-25 21:06:05,265 [WARN] PackLoader:240 - Cannot read IP mode file for STMicroelectronics.X-CUBE-AZRTOS-WL.2.0.0
2026-05-25 21:06:05,274 [WARN] PackLoader:240 - Cannot read IP mode file for STMicroelectronics.FP-SNS-MOTENV1.5.0.0
2026-05-25 21:06:05,306 [WARN] PackLoader:240 - Cannot read IP mode file for STMicroelectronics.X-CUBE-AZRTOS-H7RS.1.2.0
2026-05-25 21:06:05,313 [WARN] PackLoader:240 - Cannot read IP mode file for wolfSSL.I-CUBE-wolfMQTT.1.19.0
2026-05-25 21:06:05,322 [WARN] PackLoader:240 - Cannot read IP mode file for WES.I-CUBE-Cesium.1.3.0
2026-05-25 21:06:05,329 [WARN] PackLoader:240 - Cannot read IP mode file for STMicroelectronics.X-CUBE-BLE2.3.3.0
2026-05-25 21:06:05,356 [WARN] PackLoader:240 - Cannot read IP mode file for STMicroelectronics.X-CUBE-NFC9.1.0.0
2026-05-25 21:06:05,363 [WARN] PackLoader:240 - Cannot read IP mode file for STMicroelectronics.X-CUBE-BLE1.7.1.0
2026-05-25 21:06:05,370 [WARN] PackLoader:240 - Cannot read IP mode file for STMicroelectronics.X-CUBE-TCPP.4.1.0
2026-05-25 21:06:05,381 [WARN] PackLoader:240 - Cannot read IP mode file for STMicroelectronics.X-CUBE-FREERTOS.1.4.0
2026-05-25 21:06:05,395 [WARN] PackLoader:240 - Cannot read IP mode file for STMicroelectronics.X-CUBE-EEPRMA1.5.2.0
2026-05-25 21:06:05,404 [WARN] PackLoader:240 - Cannot read IP mode file for STMicroelectronics.X-CUBE-ST67W61.1.1.0
2026-05-25 21:06:05,408 [WARN] PackLoader:240 - Cannot read IP mode file for STMicroelectronics.X-CUBE-AI.10.1.0
2026-05-25 21:06:05,415 [WARN] PackLoader:240 - Cannot read IP mode file for STMicroelectronics.FP-SNS-STAIOTCFT.1.1.0
2026-05-25 21:06:05,484 [WARN] PackLoader:240 - Cannot read IP mode file for STMicroelectronics.X-CUBE-MEMS1.12.0.0
2026-05-25 21:06:05,670 [WARN] PackLoader:240 - Cannot read IP mode file for STMicroelectronics.X-CUBE-ALGOBUILD.1.3.0
2026-05-25 21:06:05,753 [WARN] PackLoader:240 - Cannot read IP mode file for STMicroelectronics.X-CUBE-MEMS1.11.2.0
2026-05-25 21:06:06,058 [WARN] PackLoader:240 - Cannot read IP mode file for STMicroelectronics.X-CUBE-AZRTOS-G0.1.1.0
2026-05-25 21:06:06,077 [WARN] PackLoader:240 - Cannot read IP mode file for STMicroelectronics.X-CUBE-SAFEA1.1.2.2
2026-05-25 21:06:06,084 [WARN] PackLoader:240 - Cannot read IP mode file for STMicroelectronics.X-CUBE-NFC4.3.0.0
2026-05-25 21:06:06,101 [WARN] PackLoader:240 - Cannot read IP mode file for EmbeddedOffice.I-CUBE-FS-RTOS.1.0.1
2026-05-25 21:06:06,111 [WARN] PackLoader:240 - Cannot read IP mode file for STMicroelectronics.X-CUBE-WB05N.2.0.0
2026-05-25 21:06:06,119 [WARN] PackLoader:240 - Cannot read IP mode file for STMicroelectronics.X-CUBE-TCPP.4.2.0
2026-05-25 21:06:06,132 [WARN] PackLoader:240 - Cannot read IP mode file for RealThread.X-CUBE-RT-Thread_Nano.4.1.1
2026-05-25 21:06:06,144 [WARN] PackLoader:240 - Cannot read IP mode file for wolfSSL.I-CUBE-wolfSSL.5.7.0
2026-05-25 21:06:06,152 [WARN] PackLoader:240 - Cannot read IP mode file for STMicroelectronics.FP-ATR-SIGFOX1.3.2.0
2026-05-25 21:06:06,158 [WARN] ConditionMgr:438 - getConditionDescription Invalid condition id : Cortex-A Device cause : null
2026-05-25 21:06:06,177 [WARN] ConditionMgr:1044 - genDependencies : Invalid condition id : Cortex-A Device cause : null
2026-05-25 21:06:06,177 [WARN] ConditionMgr:1044 - genDependencies : Invalid condition id : Cortex-A Device cause : null
2026-05-25 21:06:06,177 [WARN] ConditionMgr:1044 - genDependencies : Invalid condition id : Cortex-A Device cause : null
2026-05-25 21:06:06,186 [WARN] PackLoader:240 - Cannot read IP mode file for STMicroelectronics.X-CUBE-EEPRMA1.5.1.0
2026-05-25 21:06:06,193 [WARN] PackLoader:240 - Cannot read IP mode file for STMicroelectronics.X-CUBE-FREERTOS.1.5.0
2026-05-25 21:06:06,201 [WARN] PackLoader:240 - Cannot read IP mode file for ITTIA_DB.I-CUBE-ITTIADB.8.9.0
2026-05-25 21:06:06,212 [WARN] PackLoader:240 - Cannot read IP mode file for STMicroelectronics.X-CUBE-NFC6.3.2.0
2026-05-25 21:06:06,229 [WARN] PackLoader:240 - Cannot read IP mode file for STMicroelectronics.X-CUBE-ST67W61.1.0.0
2026-05-25 21:06:06,248 [WARN] PackLoader:240 - Cannot read IP mode file for STMicroelectronics.X-CUBE-AI.10.2.0
2026-05-25 21:06:06,366 [WARN] PackLoader:240 - Cannot read IP mode file for STMicroelectronics.X-CUBE-MEMS1.12.1.0
2026-05-25 21:06:06,505 [INFO] WebApp:463 - Apply proxy settings
2026-05-25 21:06:06,512 [INFO] WebApp:508 - Chromium authenticates against Manually configured proxy
2026-05-25 21:06:06,539 [INFO] WebApp:516 - Username used for proxy authentication: 
2026-05-25 21:06:06,615 [INFO] WebApp:900 - Register for checkConnection events
2026-05-25 21:06:06,616 [INFO] WebApp:463 - Apply proxy settings
2026-05-25 21:06:06,618 [INFO] WebApp:508 - Chromium authenticates against Manually configured proxy
2026-05-25 21:06:06,619 [INFO] WebApp:516 - Username used for proxy authentication: 
2026-05-25 21:06:06,629 [WARN] PackLoader:240 - Cannot read IP mode file for SEGGER.I-CUBE-embOS.1.3.1
2026-05-25 21:06:06,682 [WARN] PackLoader:240 - Cannot read IP mode file for STMicroelectronics.X-CUBE-ALGOBUILD.1.4.0
2026-05-25 21:06:06,723 [WARN] PackLoader:240 - Cannot read IP mode file for STMicroelectronics.X-CUBE-MEMS1.11.3.0
2026-05-25 21:06:06,862 [INFO] WebApp:191 - Connection restablished
2026-05-25 21:06:06,942 [WARN] PackLoader:240 - Cannot read IP mode file for STMicroelectronics.X-CUBE-AI.9.1.0
2026-05-25 21:06:06,947 [WARN] PackLoader:240 - Cannot read IP mode file for STMicroelectronics.X-CUBE-PM33A1.1.0.0
2026-05-25 21:06:06,953 [WARN] PackLoader:240 - Cannot read IP mode file for STMicroelectronics.X-CUBE-GNSS1.6.0.0
2026-05-25 21:06:06,993 [WARN] PackLoader:240 - Cannot read IP mode file for STMicroelectronics.X-CUBE-AZRTOS-F4.1.1.0
2026-05-25 21:06:07,023 [WARN] PackLoader:240 - Cannot read IP mode file for Avnet-IotConnect.X-CUBE-IoTC-DA16k-PMOD.1.0.0
2026-05-25 21:06:07,034 [WARN] PackLoader:240 - Cannot read IP mode file for STMicroelectronics.X-CUBE-ISPU.2.1.0
2026-05-25 21:06:07,051 [WARN] PackLoader:240 - Cannot read IP mode file for STMicroelectronics.X-CUBE-IPS.3.2.0
2026-05-25 21:06:07,064 [WARN] PackLoader:240 - Cannot read IP mode file for STMicroelectronics.eDS-WB_DPC_TT-BIDIR.2.1.1
2026-05-25 21:06:07,069 [WARN] PackLoader:240 - Cannot read IP mode file for STMicroelectronics.X-CUBE-FREERTOS.1.2.0
2026-05-25 21:06:07,075 [WARN] PackLoader:240 - Cannot read IP mode file for STMicroelectronics.X-CUBE-NFC12.1.0.0
2026-05-25 21:06:07,099 [WARN] PackLoader:240 - Cannot read IP mode file for STMicroelectronics.X-CUBE-AZRTOS-L5.2.0.0
2026-05-25 21:06:07,121 [WARN] PackLoader:240 - Cannot read IP mode file for STMicroelectronics.X-CUBE-NFC6.3.1.0
2026-05-25 21:06:07,131 [WARN] PackLoader:240 - Cannot read IP mode file for STMicroelectronics.X-CUBE-ALGOBUILD.1.5.0
2026-05-25 21:06:07,138 [WARN] PackLoader:240 - Cannot read IP mode file for STMicroelectronics.X-CUBE-DPower.1.2.0
2026-05-25 21:06:07,143 [WARN] PackLoader:240 - Cannot read IP mode file for STMicroelectronics.eDS-WB_DPC_VIENNA.1.2.0
2026-05-25 21:06:07,146 [WARN] PackLoader:240 - Cannot read IP mode file for STMicroelectronics.eDS-WB_DPC_3PH2L-BIDIR.1.1.1
2026-05-25 21:06:07,153 [WARN] PackLoader:240 - Cannot read IP mode file for STMicroelectronics.X-CUBE-AI.9.0.0
2026-05-25 21:06:07,159 [ERROR] Engine:466 - /Users/admin/.stm32cubemx/thirdparties/pdsc/STMicroelectronics.X-CUBE-ST67W61.1.3.0.pdsc: PDSC version is not supported
2026-05-25 21:06:07,163 [WARN] PackLoader:240 - Cannot read IP mode file for STMicroelectronics.X-CUBE-FREERTOS.1.3.1
2026-05-25 21:06:07,168 [WARN] PackLoader:240 - Cannot read IP mode file for STMicroelectronics.X-CUBE-FREERTOS.1.3.0
2026-05-25 21:06:07,174 [WARN] PackLoader:240 - Cannot read IP mode file for STMicroelectronics.X-CUBE-NFC7.1.0.1
2026-05-25 21:06:07,178 [WARN] PackLoader:240 - Cannot read IP mode file for wolfSSL.I-CUBE-wolfTPM.3.2.0
2026-05-25 21:06:07,182 [WARN] PackLoader:240 - Cannot read IP mode file for STMicroelectronics.X-CUBE-TOUCHGFX.4.26.0
2026-05-25 21:06:07,185 [WARN] PackLoader:240 - Cannot read IP mode file for STMicroelectronics.X-CUBE-TOUCHGFX.4.26.1
2026-05-25 21:06:07,190 [WARN] PackLoader:240 - Cannot read IP mode file for STMicroelectronics.FP-SNS-STAIOTCFT.1.0.0
2026-05-25 21:06:07,195 [WARN] PackLoader:240 - Cannot read IP mode file for STMicroelectronics.X-CUBE-DPower.1.3.0
2026-05-25 21:06:07,199 [WARN] PackLoader:240 - Cannot read IP mode file for STMicroelectronics.X-CUBE-AI.8.1.0
2026-05-25 21:06:07,216 [INFO] WebApp:225 - Starting web application
2026-05-25 21:06:07,216 [INFO] WebApp:593 - Web application path used /Applications/STM32CubeIDE.app/Contents/Eclipse/plugins/com.st.stm32cube.common.mx_6.15.0.202507011659/db/plugins/mcufinder/reactClient1/index.html
2026-05-25 21:06:07,218 [WARN] ConditionMgr:438 - getConditionDescription Invalid condition id : LAN8742 Phy interface Condition cause : null
2026-05-25 21:06:07,219 [WARN] PackLoader:240 - Cannot read IP mode file for STMicroelectronics.X-CUBE-AZRTOS-L4.2.0.0
2026-05-25 21:06:07,221 [WARN] ConditionMgr:1044 - genDependencies : Invalid condition id : LAN8742 Phy interface Condition cause : null
2026-05-25 21:06:07,221 [WARN] ConditionMgr:1044 - genDependencies : Invalid condition id : LAN8742 Phy interface Condition cause : null
2026-05-25 21:06:07,222 [WARN] ConditionMgr:1044 - genDependencies : Invalid condition id : LAN8742 Phy interface Condition cause : null
2026-05-25 21:06:07,240 [WARN] PackLoader:240 - Cannot read IP mode file for STMicroelectronics.X-CUBE-SFXS2LP1.4.0.0
2026-05-25 21:06:07,249 [WARN] PackLoader:240 - Cannot read IP mode file for STMicroelectronics.X-CUBE-WB05N.2.1.0
2026-05-25 21:06:07,257 [WARN] PackLoader:240 - Cannot read IP mode file for STMicroelectronics.X-CUBE-ST67W61.1.2.0
2026-05-25 21:06:07,335 [INFO] UserAuth:487 - Internet connection configuration mode: 1
2026-05-25 21:06:07,349 [WARN] PackLoader:240 - Cannot read IP mode file for STMicroelectronics.X-CUBE-AZRTOS-H7.3.3.0
2026-05-25 21:06:07,389 [WARN] PackLoader:240 - Cannot read IP mode file for STMicroelectronics.X-CUBE-BLEMGR.4.1.0
2026-05-25 21:06:07,411 [WARN] PackLoader:240 - Cannot read IP mode file for STMicroelectronics.X-CUBE-IPS.3.0.0
2026-05-25 21:06:07,428 [WARN] ConditionMgr:438 - getConditionDescription Invalid condition id : UX DEVICE CLASS RTOS Condition cause : null
2026-05-25 21:06:07,428 [WARN] ConditionMgr:438 - getConditionDescription Invalid condition id : UX DEVICE CLASS RTOS Condition cause : null
2026-05-25 21:06:07,431 [WARN] PackLoader:240 - Cannot read IP mode file for STMicroelectronics.X-CUBE-AZRTOS-WB.2.0.0
2026-05-25 21:06:07,433 [WARN] ConditionMgr:1044 - genDependencies : Invalid condition id : UX DEVICE CLASS RTOS Condition cause : null
2026-05-25 21:06:07,433 [WARN] ConditionMgr:1044 - genDependencies : Invalid condition id : UX DEVICE CLASS RTOS Condition cause : null
2026-05-25 21:06:07,434 [WARN] ConditionMgr:1044 - genDependencies : Invalid condition id : UX DEVICE CLASS RTOS Condition cause : null
2026-05-25 21:06:07,434 [WARN] ConditionMgr:1044 - genDependencies : Invalid condition id : UX DEVICE CLASS RTOS Condition cause : null
2026-05-25 21:06:07,435 [WARN] ConditionMgr:1044 - genDependencies : Invalid condition id : UX DEVICE CLASS RTOS Condition cause : null
2026-05-25 21:06:07,439 [WARN] PackLoader:240 - Cannot read IP mode file for STMicroelectronics.X-CUBE-GNSS1.7.0.0
2026-05-25 21:06:07,445 [WARN] PackLoader:240 - Cannot read IP mode file for STMicroelectronics.X-CUBE-GNSS1.7.0.1
2026-05-25 21:06:07,450 [WARN] PackLoader:240 - Cannot read IP mode file for STMicroelectronics.X-CUBE-TOUCHGFX.4.25.0
2026-05-25 21:06:07,456 [WARN] PackLoader:240 - Cannot read IP mode file for STMicroelectronics.FP-SNS-STBOX1.2.0.0
2026-05-25 21:06:07,464 [WARN] PackLoader:240 - Cannot read IP mode file for STMicroelectronics.X-CUBE-STSE01.2.0.0
2026-05-25 21:06:07,474 [WARN] PackLoader:240 - Cannot read IP mode file for STMicroelectronics.X-CUBE-SUBG2.5.0.0
2026-05-25 21:06:07,495 [WARN] PackLoader:240 - Cannot read IP mode file for STMicroelectronics.X-CUBE-AZRTOS-H7RS.1.1.0
2026-05-25 21:06:07,502 [WARN] PackLoader:240 - Cannot read IP mode file for Cesanta.I-CUBE-Mongoose.7.13.0
2026-05-25 21:06:07,514 [WARN] PackLoader:240 - Cannot read IP mode file for STMicroelectronics.X-CUBE-AZRTOS-G4.2.0.0
2026-05-25 21:06:07,518 [WARN] PackLoader:240 - Cannot read IP mode file for STMicroelectronics.X-CUBE-NFC7.2.0.0
2026-05-25 21:06:07,522 [WARN] PackLoader:240 - Cannot read IP mode file for STMicroelectronics.FP-SNS-MOTENVWB1.1.3.1
2026-05-25 21:06:07,526 [WARN] PackLoader:240 - Cannot read IP mode file for STMicroelectronics.X-CUBE-ISPU.2.0.0
2026-05-25 21:06:07,536 [WARN] PackLoader:240 - Cannot read IP mode file for STMicroelectronics.X-CUBE-IPS.3.1.0
2026-05-25 21:06:07,543 [WARN] PackLoader:240 - Cannot read IP mode file for STMicroelectronics.X-CUBE-ALS.1.0.2
2026-05-25 21:06:07,575 [WARN] PackLoader:240 - Cannot read IP mode file for STMicroelectronics.X-CUBE-MEMS1.10.0.0
2026-05-25 21:06:07,660 [WARN] PackLoader:240 - Cannot read IP mode file for STMicroelectronics.X-CUBE-FREERTOS.1.1.0
2026-05-25 21:06:07,663 [WARN] PackLoader:240 - Cannot read IP mode file for STMicroelectronics.X-CUBE-TOUCHGFX.4.24.0
2026-05-25 21:06:07,666 [WARN] PackLoader:240 - Cannot read IP mode file for STMicroelectronics.X-CUBE-TOUCHGFX.4.24.2
2026-05-25 21:06:07,668 [WARN] PackLoader:240 - Cannot read IP mode file for STMicroelectronics.X-CUBE-TOUCHGFX.4.24.1
2026-05-25 21:06:07,675 [WARN] PackLoader:240 - Cannot read IP mode file for STMicroelectronics.X-CUBE-STSE01.1.0.0
2026-05-25 21:06:07,680 [WARN] PackLoader:240 - Cannot read IP mode file for portGmbH.I-Cube-SoM-uGOAL.1.1.0
2026-05-25 21:06:07,684 [WARN] PackLoader:240 - Cannot read IP mode file for STMicroelectronics.X-CUBE-ALS.1.0.1
2026-05-25 21:06:07,702 [WARN] PackLoader:240 - Cannot read IP mode file for STMicroelectronics.X-CUBE-AZRTOS-H7RS.1.0.0
2026-05-25 21:06:07,707 [WARN] PackLoader:240 - Cannot read IP mode file for STMicroelectronics.FP-ATR-ASTRA1.2.0.0
2026-05-25 21:06:07,716 [WARN] PackLoader:240 - Cannot read IP mode file for STMicroelectronics.X-CUBE-TOF1.3.4.2
2026-05-25 21:06:07,745 [WARN] PackLoader:240 - Cannot read IP mode file for STMicroelectronics.X-CUBE-TOF1.3.4.3
2026-05-25 21:06:07,772 [WARN] PackLoader:240 - Cannot read IP mode file for STMicroelectronics.X-CUBE-TOF1.3.4.1
2026-05-25 21:06:07,805 [WARN] PackLoader:240 - Cannot read IP mode file for STMicroelectronics.X-CUBE-AZRTOS-H7.3.2.0
2026-05-25 21:06:07,823 [WARN] PackLoader:240 - Cannot read IP mode file for Infineon.AIROC-Wi-Fi-Bluetooth-STM32.1.6.0
2026-05-25 21:06:07,939 [WARN] PackLoader:240 - Cannot read IP mode file for wolfSSL.I-CUBE-wolfSSH.1.4.17
2026-05-25 21:06:07,940 [INFO] ThirdParty:978 - Integrity check success = true
2026-05-25 21:06:07,940 [INFO] IntegrityCheckThread:100 - exiting critical section [integrity check]
2026-05-25 21:06:07,941 [INFO] IntegrityCheckThread:103 - End integrity checks thread
2026-05-25 22:10:09,688 [INFO] WebApp:194 - Connection lost
2026-05-25 22:10:15,067 [INFO] WebApp:191 - Connection restablished
