2026-04-11 10:56:32,530 [INFO] Activator:176 - 


2026-04-11 10:56:32,541 [INFO] Activator:177 - !SESSION log4j initialized
2026-04-11 10:56:37,682 [INFO] LogOutputStream:77 - [STDOUT_REDIRECT] 
2026-04-11 10:56:41,744 [INFO] LogOutputStream:77 - [STDOUT_REDIRECT] 
2026-04-11 10:56:42,443 [ERROR] LogOutputStream:75 - [STDERR_REDIRECT] 
2026-04-11 10:56:43,061 [ERROR] LogOutputStream:75 - [STDERR_REDIRECT] java.net.URISyntaxException: Illegal character in path at index 28: file:/Users/admin/Desktop/My Projects/Bike4u/Programing/.metadata/.log4j2.xml
2026-04-11 10:56:43,063 [ERROR] LogOutputStream:75 - [STDERR_REDIRECT] 	at java.base/java.net.URI$Parser.fail(URI.java:2995)
2026-04-11 10:56:43,063 [ERROR] LogOutputStream:75 - [STDERR_REDIRECT] 	at java.base/java.net.URI$Parser.checkChars(URI.java:3166)
2026-04-11 10:56:43,063 [ERROR] LogOutputStream:75 - [STDERR_REDIRECT] 	at java.base/java.net.URI$Parser.parseHierarchical(URI.java:3248)
2026-04-11 10:56:43,064 [ERROR] LogOutputStream:75 - [STDERR_REDIRECT] 	at java.base/java.net.URI$Parser.parse(URI.java:3196)
2026-04-11 10:56:43,064 [ERROR] LogOutputStream:75 - [STDERR_REDIRECT] 	at java.base/java.net.URI.<init>(URI.java:645)
2026-04-11 10:56:43,064 [ERROR] LogOutputStream:75 - [STDERR_REDIRECT] 	at java.base/java.net.URL.toURI(URL.java:1220)
2026-04-11 10:56:43,065 [ERROR] LogOutputStream:75 - [STDERR_REDIRECT] 	at com.st.stm32cube.common.mx.core.CubeMxInstance.getInstance(CubeMxInstance.java:81)
2026-04-11 10:56:43,065 [ERROR] LogOutputStream:75 - [STDERR_REDIRECT] 	at com.st.stm32cube.common.mx.userauth.UserAuthAdapter.<init>(UserAuthAdapter.java:25)
2026-04-11 10:56:43,066 [ERROR] LogOutputStream:75 - [STDERR_REDIRECT] 	at com.st.stm32cube.common.mx.userauth.UserAuthProvider.getUserAuthAdapter(UserAuthProvider.java:16)
2026-04-11 10:56:43,066 [ERROR] LogOutputStream:75 - [STDERR_REDIRECT] 	at com.st.stm32cube.common.ecosystemintegration.ui.core.MCUEcoSystemIntegrationUiHelper.getUserAuth(MCUEcoSystemIntegrationUiHelper.java:100)
2026-04-11 10:56:43,066 [ERROR] LogOutputStream:75 - [STDERR_REDIRECT] 	at com.st.stm32cube.ide.mcu.userauth.UserAuthStartup.earlyStartup(UserAuthStartup.java:32)
2026-04-11 10:56:43,067 [ERROR] LogOutputStream:75 - [STDERR_REDIRECT] 	at org.eclipse.ui.internal.EarlyStartupRunnable.runEarlyStartup(EarlyStartupRunnable.java:79)
2026-04-11 10:56:43,067 [ERROR] LogOutputStream:75 - [STDERR_REDIRECT] 	at org.eclipse.ui.internal.EarlyStartupRunnable.run(EarlyStartupRunnable.java:55)
2026-04-11 10:56:43,067 [ERROR] LogOutputStream:75 - [STDERR_REDIRECT] 	at org.eclipse.core.runtime.SafeRunner.run(SafeRunner.java:47)
2026-04-11 10:56:43,068 [ERROR] LogOutputStream:75 - [STDERR_REDIRECT] 	at org.eclipse.ui.internal.Workbench$39.run(Workbench.java:2733)
2026-04-11 10:56:43,068 [ERROR] LogOutputStream:75 - [STDERR_REDIRECT] 	at org.eclipse.core.internal.jobs.Worker.run(Worker.java:63)
2026-04-11 10:56:43,655 [INFO] ApplicationProperties:184 - Using Application install path: /Applications/STM32CubeIDE.app/Contents/Eclipse/plugins/com.st.stm32cube.common.mx_6.15.0.202507011659
2026-04-11 10:56:43,703 [INFO] DbMcusXml:78 - Set database path to: /Applications/STM32CubeIDE.app/Contents/Eclipse/plugins/com.st.stm32cube.common.mx_6.15.0.202507011659//db//mcu/
2026-04-11 10:56:43,705 [INFO] ApiDb:274 - Set plugin database path to: /Applications/STM32CubeIDE.app/Contents/Eclipse/plugins/com.st.stm32cube.common.mx_6.15.0.202507011659//db//plugins/boardmanager/
2026-04-11 10:56:43,706 [WARN] ApiDb:259 - Overriding images path with different value:  => /Applications/STM32CubeIDE.app/Contents/Eclipse/plugins/com.st.stm32cube.common.mx_6.15.0.202507011659//db//plugins/mcufinder/images/
2026-04-11 10:56:43,719 [INFO] ApiDb:250 - Set database path to: /Users/admin/.stmcufinder/plugins/mcufinder//mcu/
2026-04-11 10:56:43,723 [INFO] DbMcusAds:125 - Set database path to: /Users/admin/.stmcufinder/plugins/mcufinder//mcu/
2026-04-11 10:56:43,730 [INFO] CrossReferenceDbSqlite:203 - Set database path to: /Users/admin/.stmcufinder/plugins/mcufinder//mcu/cs/
2026-04-11 10:56:44,033 [INFO] RulesReader:64 - Compatibility file has been processed (317 Rules)
2026-04-11 10:56:44,125 [INFO] DbMcusXml:78 - Set database path to: /Applications/STM32CubeIDE.app/Contents/Eclipse/plugins/com.st.stm32cube.common.mx_6.15.0.202507011659//db//mcu/
2026-04-11 10:56:44,125 [INFO] ApiDb:274 - Set plugin database path to: /Applications/STM32CubeIDE.app/Contents/Eclipse/plugins/com.st.stm32cube.common.mx_6.15.0.202507011659//db//plugins/boardmanager/
2026-04-11 10:56:44,125 [INFO] ApiDb:261 - Set plugin images path to: /Applications/STM32CubeIDE.app/Contents/Eclipse/plugins/com.st.stm32cube.common.mx_6.15.0.202507011659//db//plugins/mcufinder/images/
2026-04-11 10:56:44,126 [WARN] DbFile:41 - Overriding database path with different value: /Users/admin/.stmcufinder/plugins/mcufinder/ => /Users/admin/.stmcufinder/plugins/mcufinder
2026-04-11 10:56:44,126 [INFO] ApiDb:250 - Set database path to: /Users/admin/.stmcufinder/plugins/mcufinder//mcu/
2026-04-11 10:56:44,126 [WARN] DbFile:41 - Overriding database path with different value: /Users/admin/.stmcufinder/plugins/mcufinder/ => /Users/admin/.stmcufinder/plugins/mcufinder
2026-04-11 10:56:44,126 [INFO] DbMcusAds:125 - Set database path to: /Users/admin/.stmcufinder/plugins/mcufinder//mcu/
2026-04-11 10:56:44,126 [WARN] DbFile:41 - Overriding database path with different value: /Users/admin/.stmcufinder/plugins/mcufinder/ => /Users/admin/.stmcufinder/plugins/mcufinder
2026-04-11 10:56:44,127 [WARN] DbFile:41 - Overriding database path with different value: /Users/admin/.stmcufinder/plugins/mcufinder/ => /Users/admin/.stmcufinder/plugins/mcufinder
2026-04-11 10:56:44,127 [INFO] CrossReferenceDbSqlite:203 - Set database path to: /Users/admin/.stmcufinder/plugins/mcufinder//mcu/cs/
2026-04-11 10:56:44,252 [INFO] MainPanel:274 - HeapMemory: 268435456
2026-04-11 10:56:45,506 [INFO] DbMcusXml:78 - Set database path to: /Applications/STM32CubeIDE.app/Contents/Eclipse/plugins/com.st.stm32cube.common.mx_6.15.0.202507011659//db//mcu/
2026-04-11 10:56:45,506 [INFO] ApiDb:274 - Set plugin database path to: /Applications/STM32CubeIDE.app/Contents/Eclipse/plugins/com.st.stm32cube.common.mx_6.15.0.202507011659//db//plugins/boardmanager/
2026-04-11 10:56:45,507 [INFO] ApiDb:261 - Set plugin images path to: /Applications/STM32CubeIDE.app/Contents/Eclipse/plugins/com.st.stm32cube.common.mx_6.15.0.202507011659//db//plugins/mcufinder/images/
2026-04-11 10:56:45,508 [WARN] DbFile:41 - Overriding database path with different value: /Users/admin/.stmcufinder/plugins/mcufinder/ => /Users/admin/.stmcufinder/plugins/mcufinder
2026-04-11 10:56:45,508 [INFO] ApiDb:250 - Set database path to: /Users/admin/.stmcufinder/plugins/mcufinder//mcu/
2026-04-11 10:56:45,508 [WARN] DbFile:41 - Overriding database path with different value: /Users/admin/.stmcufinder/plugins/mcufinder/ => /Users/admin/.stmcufinder/plugins/mcufinder
2026-04-11 10:56:45,508 [INFO] DbMcusAds:125 - Set database path to: /Users/admin/.stmcufinder/plugins/mcufinder//mcu/
2026-04-11 10:56:45,508 [WARN] DbFile:41 - Overriding database path with different value: /Users/admin/.stmcufinder/plugins/mcufinder/ => /Users/admin/.stmcufinder/plugins/mcufinder
2026-04-11 10:56:45,508 [WARN] DbFile:41 - Overriding database path with different value: /Users/admin/.stmcufinder/plugins/mcufinder/ => /Users/admin/.stmcufinder/plugins/mcufinder
2026-04-11 10:56:45,509 [INFO] CrossReferenceDbSqlite:203 - Set database path to: /Users/admin/.stmcufinder/plugins/mcufinder//mcu/cs/
2026-04-11 10:56:45,557 [INFO] ApplicationProperties:184 - Using Application install path: /Applications/STM32CubeIDE.app/Contents/Eclipse/plugins/com.st.stm32cube.common.mx_6.15.0.202507011659
2026-04-11 10:56:45,561 [INFO] PluginManage:196 - Search for loadable plugins [exclusion list=, ]
2026-04-11 10:56:45,563 [INFO] PluginManage:310 - Check plugin analytics
2026-04-11 10:56:45,935 [INFO] AnalyticsPlugin:253 - Accepted Software Licenses: 
2026-04-11 10:56:45,935 [INFO] AnalyticsPlugin:255 - Accepted CMSIS Pack Licenses: Infineon.AIROC-Wi-Fi-Bluetooth-STM32.1.6.0,STMicroelectronics.X-CUBE-BLE1.7.0.0
2026-04-11 10:56:45,936 [INFO] AnalyticsPlugin:257 - Accepted Firmware Licenses: FW.G0.1.6.0,FW.WB.1.19.0,FW.WB.1.21.0
2026-04-11 10:56:45,940 [INFO] PluginManage:359 - Loaded plugin analytics (category:tool,tabindex:-1)
2026-04-11 10:56:45,940 [INFO] PluginManage:310 - Check plugin cadmodel
2026-04-11 10:56:45,947 [INFO] CADModel:105 - Init CAD model plugin
2026-04-11 10:56:45,947 [INFO] PluginManage:359 - Loaded plugin cadmodel (category:power,tabindex:5)
2026-04-11 10:56:45,947 [INFO] PluginManage:310 - Check plugin clock
2026-04-11 10:56:45,963 [INFO] PluginManage:359 - Loaded plugin clock (category:base,tabindex:2)
2026-04-11 10:56:45,963 [INFO] PluginManage:310 - Check plugin ddr
2026-04-11 10:56:45,967 [INFO] PluginManage:359 - Loaded plugin ddr (category:tool,tabindex:6)
2026-04-11 10:56:45,967 [INFO] PluginManage:310 - Check plugin filemanager
2026-04-11 10:56:46,273 [INFO] PluginManage:359 - Loaded plugin filemanager (category:base,tabindex:10)
2026-04-11 10:56:46,273 [INFO] PluginManage:310 - Check plugin ipmanager
2026-04-11 10:56:46,283 [INFO] PluginManage:359 - Loaded plugin ipmanager (category:base,tabindex:5)
2026-04-11 10:56:46,284 [INFO] PluginManage:310 - Check plugin lpbam
2026-04-11 10:56:46,303 [INFO] PluginManage:359 - Loaded plugin lpbam (category:base,tabindex:0)
2026-04-11 10:56:46,303 [INFO] PluginManage:310 - Check plugin memorymap
2026-04-11 10:56:46,329 [INFO] PluginManage:359 - Loaded plugin memorymap (category:base,tabindex:4)
2026-04-11 10:56:46,329 [INFO] PluginManage:310 - Check plugin pinoutandconfiguration
2026-04-11 10:56:46,345 [INFO] PluginManage:359 - Loaded plugin pinoutandconfiguration (category:base,tabindex:1)
2026-04-11 10:56:46,345 [INFO] PluginManage:310 - Check plugin pinoutconfig
2026-04-11 10:56:46,544 [WARN] SupportedApi:132 - Cannot load RTOS API schema: s4s-elt-must-match.1: The content of 'definitions' must match (annotation?, (simpleType | complexType)?, (unique | key | keyref)*)). A problem was found starting at: attribute.
2026-04-11 10:56:46,743 [INFO] PluginManage:359 - Loaded plugin pinoutconfig (category:base,tabindex:0)
2026-04-11 10:56:46,743 [INFO] PluginManage:310 - Check plugin power
2026-04-11 10:56:46,759 [INFO] PluginManage:359 - Loaded plugin power (category:power,tabindex:4)
2026-04-11 10:56:46,760 [INFO] PluginManage:310 - Check plugin projectmanager
2026-04-11 10:56:46,788 [INFO] PluginManage:359 - Loaded plugin projectmanager (category:projectmanager,tabindex:4)
2026-04-11 10:56:46,788 [INFO] PluginManage:310 - Check plugin rif
2026-04-11 10:56:46,807 [INFO] PluginManage:359 - Loaded plugin rif (category:base,tabindex:3)
2026-04-11 10:56:46,807 [INFO] PluginManage:310 - Check plugin thirdparty
2026-04-11 10:56:47,080 [INFO] PluginManage:359 - Loaded plugin thirdparty (category:base,tabindex:-1)
2026-04-11 10:56:47,080 [WARN] IntegrityCheckThread:84 - waiting for thirdparty lock release [integrity check]
2026-04-11 10:56:47,081 [INFO] IntegrityCheckThread:86 - entering critical section [integrity check]
2026-04-11 10:56:47,081 [INFO] PluginManage:310 - Check plugin tools
2026-04-11 10:56:47,081 [INFO] ThirdPartyUpdaterWithRetryManager:70 - Updater plugin not ready yet. [1/15]
2026-04-11 10:56:47,086 [INFO] PluginManage:359 - Loaded plugin tools (category:base,tabindex:7)
2026-04-11 10:56:47,087 [INFO] PluginManage:310 - Check plugin tutovideos
2026-04-11 10:56:47,455 [INFO] PluginManage:359 - Loaded plugin tutovideos (category:base,tabindex:-1)
2026-04-11 10:56:47,455 [INFO] PluginManage:310 - Check plugin updater
2026-04-11 10:56:47,492 [INFO] PluginManage:359 - Loaded plugin updater (category:base,tabindex:12)
2026-04-11 10:56:47,492 [INFO] PluginManage:310 - Check plugin userauth
2026-04-11 10:56:47,498 [INFO] UserAuth:118 - Init User Auth plugin
2026-04-11 10:56:47,499 [INFO] PluginManage:359 - Loaded plugin userauth (category:base,tabindex:14)
2026-04-11 10:56:47,500 [INFO] PluginManage:283 - PluginManage : Loaded plugins [18]
2026-04-11 10:56:47,766 [INFO] PinOutPanel:1589 - setPackage(No Configuration,No Configuration)
2026-04-11 10:56:47,866 [INFO] CADModel:165 - CPN selected for project level
2026-04-11 10:56:47,866 [INFO] CADModel:114 - Register for checkConnection events
2026-04-11 10:56:47,887 [INFO] IPUIPlugin:80 - create IPUIPlugin
2026-04-11 10:56:47,888 [INFO] PluginManager:220 - loadIPPluginJar : add mdma
2026-04-11 10:56:47,899 [INFO] IPUIPlugin:80 - create IPUIPlugin
2026-04-11 10:56:47,899 [INFO] PluginManager:220 - loadIPPluginJar : add freertos
2026-04-11 10:56:47,910 [INFO] IPUIPlugin:80 - create IPUIPlugin
2026-04-11 10:56:47,911 [INFO] PluginManager:220 - loadIPPluginJar : add gic
2026-04-11 10:56:47,929 [INFO] IPUIPlugin:80 - create IPUIPlugin
2026-04-11 10:56:47,930 [INFO] PluginManager:220 - loadIPPluginJar : add adc
2026-04-11 10:56:47,933 [INFO] IPUIPlugin:80 - create IPUIPlugin
2026-04-11 10:56:47,934 [INFO] PluginManager:220 - loadIPPluginJar : add gtzc
2026-04-11 10:56:47,937 [INFO] IPUIPlugin:80 - create IPUIPlugin
2026-04-11 10:56:47,937 [INFO] PluginManager:220 - loadIPPluginJar : add quadspi
2026-04-11 10:56:47,940 [INFO] IPUIPlugin:80 - create IPUIPlugin
2026-04-11 10:56:47,941 [INFO] PluginManager:220 - loadIPPluginJar : add aes
2026-04-11 10:56:47,945 [INFO] IPUIPlugin:80 - create IPUIPlugin
2026-04-11 10:56:47,946 [INFO] PluginManager:220 - loadIPPluginJar : add pdm2pcm
2026-04-11 10:56:47,948 [INFO] IPUIPlugin:80 - create IPUIPlugin
2026-04-11 10:56:47,949 [INFO] PluginManager:220 - loadIPPluginJar : add hash
2026-04-11 10:56:47,952 [INFO] IPUIPlugin:80 - create IPUIPlugin
2026-04-11 10:56:47,952 [INFO] PluginManager:220 - loadIPPluginJar : add tim
2026-04-11 10:56:47,954 [INFO] IPUIPlugin:80 - create IPUIPlugin
2026-04-11 10:56:47,955 [INFO] PluginManager:220 - loadIPPluginJar : add tsc
2026-04-11 10:56:47,961 [INFO] IPUIPlugin:80 - create IPUIPlugin
2026-04-11 10:56:47,961 [INFO] PluginManager:220 - loadIPPluginJar : add extmemmanager
2026-04-11 10:56:47,963 [INFO] IPUIPlugin:80 - create IPUIPlugin
2026-04-11 10:56:47,963 [INFO] PluginManager:220 - loadIPPluginJar : add ts
2026-04-11 10:56:47,965 [INFO] IPUIPlugin:80 - create IPUIPlugin
2026-04-11 10:56:47,966 [INFO] PluginManager:220 - loadIPPluginJar : add radio
2026-04-11 10:56:47,971 [INFO] IPUIPlugin:80 - create IPUIPlugin
2026-04-11 10:56:47,971 [INFO] PluginManager:220 - loadIPPluginJar : add can
2026-04-11 10:56:47,976 [INFO] IPUIPlugin:80 - create IPUIPlugin
2026-04-11 10:56:47,977 [INFO] PluginManager:220 - loadIPPluginJar : add dma3
2026-04-11 10:56:47,980 [INFO] IPUIPlugin:80 - create IPUIPlugin
2026-04-11 10:56:47,980 [INFO] PluginManager:220 - loadIPPluginJar : add dfsdm
2026-04-11 10:56:47,984 [INFO] IPUIPlugin:80 - create IPUIPlugin
2026-04-11 10:56:47,985 [INFO] PluginManager:220 - loadIPPluginJar : add spi
2026-04-11 10:56:47,987 [INFO] IPUIPlugin:80 - create IPUIPlugin
2026-04-11 10:56:47,987 [INFO] PluginManager:220 - loadIPPluginJar : add gfxmmu
2026-04-11 10:56:47,989 [INFO] IPUIPlugin:80 - create IPUIPlugin
2026-04-11 10:56:47,989 [INFO] PluginManager:220 - loadIPPluginJar : add genericplugin
2026-04-11 10:56:47,993 [INFO] IPUIPlugin:80 - create IPUIPlugin
2026-04-11 10:56:47,994 [INFO] PluginManager:220 - loadIPPluginJar : add cryp
2026-04-11 10:56:48,000 [INFO] IPUIPlugin:80 - create IPUIPlugin
2026-04-11 10:56:48,000 [INFO] PluginManager:220 - loadIPPluginJar : add gpio
2026-04-11 10:56:48,007 [INFO] IPUIPlugin:80 - create IPUIPlugin
2026-04-11 10:56:48,007 [INFO] PluginManager:220 - loadIPPluginJar : add ddr_ctrl_phy
2026-04-11 10:56:48,011 [INFO] IPUIPlugin:80 - create IPUIPlugin
2026-04-11 10:56:48,011 [INFO] PluginManager:220 - loadIPPluginJar : add comp
2026-04-11 10:56:48,017 [INFO] IPUIPlugin:80 - create IPUIPlugin
2026-04-11 10:56:48,018 [INFO] PluginManager:220 - loadIPPluginJar : add tracer_emb
2026-04-11 10:56:48,022 [INFO] IPUIPlugin:80 - create IPUIPlugin
2026-04-11 10:56:48,022 [INFO] PluginManager:220 - loadIPPluginJar : add openamp
2026-04-11 10:56:48,031 [INFO] IPUIPlugin:80 - create IPUIPlugin
2026-04-11 10:56:48,032 [INFO] PluginManager:220 - loadIPPluginJar : add stm32_wpan
2026-04-11 10:56:48,045 [INFO] IPUIPlugin:80 - create IPUIPlugin
2026-04-11 10:56:48,048 [INFO] PluginManager:220 - loadIPPluginJar : add plateformsettings
2026-04-11 10:56:48,054 [INFO] IPUIPlugin:80 - create IPUIPlugin
2026-04-11 10:56:48,054 [INFO] PluginManager:220 - loadIPPluginJar : add ipddr
2026-04-11 10:56:48,058 [INFO] IPUIPlugin:80 - create IPUIPlugin
2026-04-11 10:56:48,059 [INFO] PluginManager:220 - loadIPPluginJar : add usart
2026-04-11 10:56:48,060 [INFO] IPUIPlugin:80 - create IPUIPlugin
2026-04-11 10:56:48,061 [INFO] PluginManager:220 - loadIPPluginJar : add ltdc
2026-04-11 10:56:48,066 [INFO] IPUIPlugin:80 - create IPUIPlugin
2026-04-11 10:56:48,067 [INFO] PluginManager:220 - loadIPPluginJar : add nvic
2026-04-11 10:56:48,069 [INFO] IPUIPlugin:80 - create IPUIPlugin
2026-04-11 10:56:48,069 [INFO] PluginManager:220 - loadIPPluginJar : add fatfs
2026-04-11 10:56:48,082 [INFO] IPUIPlugin:80 - create IPUIPlugin
2026-04-11 10:56:48,082 [INFO] PluginManager:220 - loadIPPluginJar : add linkedlist
2026-04-11 10:56:48,091 [INFO] IPUIPlugin:80 - create IPUIPlugin
2026-04-11 10:56:48,092 [INFO] PluginManager:220 - loadIPPluginJar : add dma
2026-04-11 10:56:48,098 [INFO] IPUIPlugin:80 - create IPUIPlugin
2026-04-11 10:56:48,099 [INFO] PluginManager:220 - loadIPPluginJar : add fmc
2026-04-11 10:56:48,101 [INFO] IPUIPlugin:80 - create IPUIPlugin
2026-04-11 10:56:48,102 [INFO] PluginManager:220 - loadIPPluginJar : add i2s
2026-04-11 10:56:48,105 [INFO] IPUIPlugin:80 - create IPUIPlugin
2026-04-11 10:56:48,106 [INFO] PluginManager:220 - loadIPPluginJar : add ucpd
2026-04-11 10:56:48,110 [INFO] IPUIPlugin:80 - create IPUIPlugin
2026-04-11 10:56:48,110 [INFO] PluginManager:220 - loadIPPluginJar : add lorawan
2026-04-11 10:56:48,115 [INFO] IPUIPlugin:80 - create IPUIPlugin
2026-04-11 10:56:48,116 [INFO] PluginManager:220 - loadIPPluginJar : add opamp
2026-04-11 10:56:48,120 [INFO] IPUIPlugin:80 - create IPUIPlugin
2026-04-11 10:56:48,120 [INFO] PluginManager:220 - loadIPPluginJar : add i3c
2026-04-11 10:56:48,126 [INFO] IPUIPlugin:80 - create IPUIPlugin
2026-04-11 10:56:48,126 [INFO] PluginManager:220 - loadIPPluginJar : add touchsensing
2026-04-11 10:56:48,130 [INFO] IPUIPlugin:80 - create IPUIPlugin
2026-04-11 10:56:48,130 [INFO] PluginManager:220 - loadIPPluginJar : add i2c
2026-04-11 10:56:48,135 [INFO] IPUIPlugin:80 - create IPUIPlugin
2026-04-11 10:56:48,136 [INFO] PluginManager:220 - loadIPPluginJar : add resmgrutility
2026-04-11 10:56:48,141 [INFO] IPUIPlugin:80 - create IPUIPlugin
2026-04-11 10:56:48,141 [INFO] PluginManager:220 - loadIPPluginJar : add sai
2026-04-11 10:56:48,146 [INFO] IPUIPlugin:80 - create IPUIPlugin
2026-04-11 10:56:48,147 [INFO] PluginManager:220 - loadIPPluginJar : add usbx
2026-04-11 10:56:48,270 [FATAL] Updater:351 - Updater called before beeing initialized
2026-04-11 10:56:48,313 [INFO] RulesReader:64 - Compatibility file has been processed (317 Rules)
2026-04-11 10:56:48,330 [INFO] RulesReader:64 - Compatibility file has been processed (317 Rules)
2026-04-11 10:56:48,337 [INFO] CADModel:165 - CPN selected for project level
2026-04-11 10:56:48,337 [INFO] CADModel:114 - Register for checkConnection events
2026-04-11 10:56:48,337 [FATAL] Updater:351 - Updater called before beeing initialized
2026-04-11 10:56:48,337 [ERROR] CADModel:125 - Updater not yet initialized, retry later 
2026-04-11 10:56:48,636 [FATAL] Updater:351 - Updater called before beeing initialized
2026-04-11 10:56:48,639 [INFO] CADModel:165 - CPN selected for project level
2026-04-11 10:56:48,640 [INFO] CADModel:114 - Register for checkConnection events
2026-04-11 10:56:48,640 [FATAL] Updater:351 - Updater called before beeing initialized
2026-04-11 10:56:48,640 [ERROR] CADModel:125 - Updater not yet initialized, retry later 
2026-04-11 10:56:48,646 [FATAL] Updater:351 - Updater called before beeing initialized
2026-04-11 10:56:48,753 [FATAL] Updater:351 - Updater called before beeing initialized
2026-04-11 10:56:48,759 [INFO] DbMcusAds:53 - JSON generation date=Tue Apr 07 10:33:18 EEST 2026 (1775547198697)
2026-04-11 10:56:48,760 [FATAL] Updater:351 - Updater called before beeing initialized
2026-04-11 10:56:48,854 [WARN] DetailPanel:346 - Failed to get advertising image, set to default
2026-04-11 10:56:49,026 [FATAL] Updater:351 - Updater called before beeing initialized
2026-04-11 10:56:49,029 [FATAL] Updater:351 - Updater called before beeing initialized
2026-04-11 10:56:49,029 [FATAL] Updater:351 - Updater called before beeing initialized
2026-04-11 10:56:49,029 [WARN] DetailPanel:346 - Failed to get advertising image, set to default
2026-04-11 10:56:49,031 [FATAL] Updater:351 - Updater called before beeing initialized
2026-04-11 10:56:49,091 [ERROR] Updater:1198 - MainUpdater not yet initialized. External WinMGr cannot be set.
2026-04-11 10:56:49,094 [INFO] Updater:1134 - Updater Version found : 6.15.0
2026-04-11 10:56:49,126 [INFO] ApplicationProperties:184 - Using Application install path: /Applications/STM32CubeIDE.app/Contents/Eclipse/plugins/com.st.stm32cube.common.mx_6.15.0.202507011659
2026-04-11 10:56:50,082 [INFO] ThirdPartyUpdaterWithRetryManager:70 - Updater plugin not ready yet. [2/15]
2026-04-11 10:56:50,131 [INFO] MainUpdater:2872 - connection check result : 10
2026-04-11 10:56:50,131 [INFO] MainUpdater:289 - Updater Check For Update Now.
2026-04-11 10:56:50,131 [INFO] MicroXplorer:498 - Change Database Version : DB.6.0.150
2026-04-11 10:56:50,138 [INFO] McuFinderGlobals:63 - Set McuFinder mode to 2 (CubeIDE integrated)
2026-04-11 10:56:50,139 [INFO] UserAuth:487 - Internet connection configuration mode: 1
2026-04-11 10:56:50,168 [INFO] JxBrowserEngine:152 - Initiate JxBrowser Engine with user profile folder
2026-04-11 10:56:50,364 [INFO] CheckServerUpdateThread:120 - End of CheckServer Thread
2026-04-11 10:56:52,782 [INFO] WebApp:169 - Instantiating new browser for Auth
2026-04-11 10:56:53,579 [WARN] PackLoader:240 - Cannot read IP mode file for STMicroelectronics.X-CUBE-AZRTOS-H7.3.5.0
2026-04-11 10:56:53,594 [WARN] PackLoader:240 - Cannot read IP mode file for STMicroelectronics.FP-SNS-MOTENVWB1.1.4.0
2026-04-11 10:56:53,598 [WARN] PackLoader:240 - Cannot read IP mode file for STMicroelectronics.FP-ATR-ASTRA1.2.0.2
2026-04-11 10:56:53,603 [WARN] PackLoader:240 - Cannot read IP mode file for STMicroelectronics.FP-ATR-ASTRA1.2.0.1
2026-04-11 10:56:53,610 [WARN] PackLoader:240 - Cannot read IP mode file for STMicroelectronics.X-CUBE-SMBUS.2.1.0
2026-04-11 10:56:53,619 [WARN] PackLoader:240 - Cannot read IP mode file for STMicroelectronics.X-CUBE-WB05N.1.1.0
2026-04-11 10:56:53,624 [WARN] PackLoader:240 - Cannot read IP mode file for STMicroelectronics.X-CUBE-ST60.1.0.0
2026-04-11 10:56:53,630 [WARN] PackLoader:240 - Cannot read IP mode file for STMicroelectronics.X-CUBE-TOUCHGFX.4.23.2
2026-04-11 10:56:53,655 [WARN] PackLoader:240 - Cannot read IP mode file for STMicroelectronics.X-CUBE-AZRTOS-F7.1.1.0
2026-04-11 10:56:53,665 [WARN] PackLoader:240 - Cannot read IP mode file for STMicroelectronics.FP-SNS-MOTENV1.4.3.2
2026-04-11 10:56:53,738 [WARN] PackLoader:240 - Cannot read IP mode file for STMicroelectronics.X-CUBE-MEMS1.11.0.0
2026-04-11 10:56:54,017 [WARN] PackLoader:240 - Cannot read IP mode file for STMicroelectronics.FP-SNS-MOTENV1.5.1.0
2026-04-11 10:56:54,025 [WARN] PackLoader:240 - Cannot read IP mode file for STMicroelectronics.FP-SNS-FLIGHT1.5.0.2
2026-04-11 10:56:54,056 [WARN] PackLoader:240 - Cannot read IP mode file for STMicroelectronics.X-CUBE-AZRTOS-H7.3.4.0
2026-04-11 10:56:54,069 [WARN] PackLoader:240 - Cannot read IP mode file for STMicroelectronics.X-CUBE-DISPLAY.3.0.0
2026-04-11 10:56:54,078 [WARN] PackLoader:240 - Cannot read IP mode file for STMicroelectronics.FP-SNS-MOTENVWB1.1.5.0
2026-04-11 10:56:54,112 [WARN] PackLoader:240 - Cannot read IP mode file for STMicroelectronics.X-CUBE-BLE1.7.0.0
2026-04-11 10:56:54,332 [WARN] PackLoader:240 - Cannot read IP mode file for STMicroelectronics.X-CUBE-NFC10.1.0.0
2026-04-11 10:56:54,358 [INFO] WebApp:463 - Apply proxy settings
2026-04-11 10:56:54,362 [WARN] PackLoader:240 - Cannot read IP mode file for STMicroelectronics.X-CUBE-BLEMGR.4.0.0
2026-04-11 10:56:54,376 [INFO] WebApp:508 - Chromium authenticates against Manually configured proxy
2026-04-11 10:56:54,390 [WARN] PackLoader:240 - Cannot read IP mode file for STMicroelectronics.X-CUBE-ST60.1.1.0
2026-04-11 10:56:54,407 [WARN] PackLoader:240 - Cannot read IP mode file for emotas.I-CUBE-CANOPEN.1.3.0
2026-04-11 10:56:54,419 [INFO] WebApp:516 - Username used for proxy authentication: 
2026-04-11 10:56:54,420 [WARN] PackLoader:240 - Cannot read IP mode file for STMicroelectronics.X-CUBE-GNSS1.7.1.0
2026-04-11 10:56:54,439 [WARN] PackLoader:240 - Cannot read IP mode file for STMicroelectronics.X-CUBE-BLEMGR.3.1.0
2026-04-11 10:56:54,456 [WARN] PackLoader:240 - Cannot read IP mode file for STMicroelectronics.X-CUBE-AI.10.0.0
2026-04-11 10:56:54,475 [WARN] PackLoader:240 - Cannot read IP mode file for STMicroelectronics.FP-SNS-STBOX1.2.1.0
2026-04-11 10:56:54,512 [WARN] PackLoader:240 - Cannot read IP mode file for STMicroelectronics.FP-SNS-SMARTAG2.1.2.0
2026-04-11 10:56:54,520 [WARN] PackLoader:240 - Cannot read IP mode file for STMicroelectronics.FP-SNS-FLIGHT1.5.1.0
2026-04-11 10:56:54,529 [INFO] WebApp:900 - Register for checkConnection events
2026-04-11 10:56:54,529 [INFO] WebApp:463 - Apply proxy settings
2026-04-11 10:56:54,532 [INFO] WebApp:508 - Chromium authenticates against Manually configured proxy
2026-04-11 10:56:54,533 [INFO] WebApp:516 - Username used for proxy authentication: 
2026-04-11 10:56:54,619 [WARN] PackLoader:240 - Cannot read IP mode file for STMicroelectronics.X-CUBE-MEMS1.11.1.0
2026-04-11 10:56:54,884 [INFO] WebApp:191 - Connection restablished
2026-04-11 10:56:54,900 [INFO] LogOutputStream:77 - [STDOUT_REDIRECT] 1 : Invalid condition id : UX_CORESTACK_Condition cause : null
2026-04-11 10:56:54,901 [INFO] LogOutputStream:77 - [STDOUT_REDIRECT] 1 : Invalid condition id : UX_CORESTACK_Condition cause : null
2026-04-11 10:56:54,901 [INFO] LogOutputStream:77 - [STDOUT_REDIRECT] 1 : Invalid condition id : UX_CORESTACK_Condition cause : null
2026-04-11 10:56:54,902 [INFO] LogOutputStream:77 - [STDOUT_REDIRECT] 1 : Invalid condition id : UX_CORESTACK_Condition cause : null
2026-04-11 10:56:54,903 [INFO] LogOutputStream:77 - [STDOUT_REDIRECT] 1 : Invalid condition id : UX_CORESTACK_Condition cause : null
2026-04-11 10:56:54,910 [WARN] PackLoader:240 - Cannot read IP mode file for STMicroelectronics.X-CUBE-AZRTOS-WL.2.0.0
2026-04-11 10:56:54,927 [WARN] PackLoader:240 - Cannot read IP mode file for STMicroelectronics.FP-SNS-MOTENV1.5.0.0
2026-04-11 10:56:54,992 [WARN] PackLoader:240 - Cannot read IP mode file for STMicroelectronics.X-CUBE-AZRTOS-H7RS.1.2.0
2026-04-11 10:56:55,006 [WARN] PackLoader:240 - Cannot read IP mode file for wolfSSL.I-CUBE-wolfMQTT.1.19.0
2026-04-11 10:56:55,019 [WARN] PackLoader:240 - Cannot read IP mode file for WES.I-CUBE-Cesium.1.3.0
2026-04-11 10:56:55,025 [INFO] WebApp:225 - Starting web application
2026-04-11 10:56:55,026 [INFO] WebApp:593 - Web application path used /Applications/STM32CubeIDE.app/Contents/Eclipse/plugins/com.st.stm32cube.common.mx_6.15.0.202507011659/db/plugins/mcufinder/reactClient1/index.html
2026-04-11 10:56:55,038 [WARN] PackLoader:240 - Cannot read IP mode file for STMicroelectronics.X-CUBE-BLE2.3.3.0
2026-04-11 10:56:55,090 [WARN] PackLoader:240 - Cannot read IP mode file for STMicroelectronics.X-CUBE-NFC9.1.0.0
2026-04-11 10:56:55,099 [WARN] PackLoader:240 - Cannot read IP mode file for STMicroelectronics.X-CUBE-BLE1.7.1.0
2026-04-11 10:56:55,109 [WARN] PackLoader:240 - Cannot read IP mode file for STMicroelectronics.X-CUBE-TCPP.4.1.0
2026-04-11 10:56:55,118 [WARN] PackLoader:240 - Cannot read IP mode file for STMicroelectronics.X-CUBE-FREERTOS.1.4.0
2026-04-11 10:56:55,126 [WARN] PackLoader:240 - Cannot read IP mode file for STMicroelectronics.X-CUBE-EEPRMA1.5.2.0
2026-04-11 10:56:55,137 [WARN] PackLoader:240 - Cannot read IP mode file for STMicroelectronics.X-CUBE-ST67W61.1.1.0
2026-04-11 10:56:55,146 [WARN] PackLoader:240 - Cannot read IP mode file for STMicroelectronics.X-CUBE-AI.10.1.0
2026-04-11 10:56:55,167 [INFO] UserAuth:487 - Internet connection configuration mode: 1
2026-04-11 10:56:55,260 [WARN] PackLoader:240 - Cannot read IP mode file for STMicroelectronics.X-CUBE-MEMS1.12.0.0
2026-04-11 10:56:55,427 [WARN] PackLoader:240 - Cannot read IP mode file for STMicroelectronics.X-CUBE-ALGOBUILD.1.3.0
2026-04-11 10:56:55,500 [WARN] PackLoader:240 - Cannot read IP mode file for STMicroelectronics.X-CUBE-MEMS1.11.2.0
2026-04-11 10:56:55,720 [WARN] PackLoader:240 - Cannot read IP mode file for STMicroelectronics.X-CUBE-AZRTOS-G0.1.1.0
2026-04-11 10:56:55,732 [WARN] PackLoader:240 - Cannot read IP mode file for STMicroelectronics.X-CUBE-SAFEA1.1.2.2
2026-04-11 10:56:55,740 [WARN] PackLoader:240 - Cannot read IP mode file for STMicroelectronics.X-CUBE-NFC4.3.0.0
2026-04-11 10:56:55,753 [WARN] PackLoader:240 - Cannot read IP mode file for EmbeddedOffice.I-CUBE-FS-RTOS.1.0.1
2026-04-11 10:56:55,760 [WARN] PackLoader:240 - Cannot read IP mode file for STMicroelectronics.X-CUBE-WB05N.2.0.0
2026-04-11 10:56:55,768 [WARN] PackLoader:240 - Cannot read IP mode file for STMicroelectronics.X-CUBE-TCPP.4.2.0
2026-04-11 10:56:55,803 [WARN] PackLoader:240 - Cannot read IP mode file for RealThread.X-CUBE-RT-Thread_Nano.4.1.1
2026-04-11 10:56:55,809 [WARN] PackLoader:240 - Cannot read IP mode file for wolfSSL.I-CUBE-wolfSSL.5.7.0
2026-04-11 10:56:55,815 [WARN] PackLoader:240 - Cannot read IP mode file for STMicroelectronics.FP-ATR-SIGFOX1.3.2.0
2026-04-11 10:56:55,820 [WARN] ConditionMgr:438 - getConditionDescription Invalid condition id : Cortex-A Device cause : null
2026-04-11 10:56:55,827 [WARN] ConditionMgr:1044 - genDependencies : Invalid condition id : Cortex-A Device cause : null
2026-04-11 10:56:55,827 [WARN] ConditionMgr:1044 - genDependencies : Invalid condition id : Cortex-A Device cause : null
2026-04-11 10:56:55,827 [WARN] ConditionMgr:1044 - genDependencies : Invalid condition id : Cortex-A Device cause : null
2026-04-11 10:56:55,834 [WARN] PackLoader:240 - Cannot read IP mode file for STMicroelectronics.X-CUBE-EEPRMA1.5.1.0
2026-04-11 10:56:55,842 [WARN] PackLoader:240 - Cannot read IP mode file for STMicroelectronics.X-CUBE-FREERTOS.1.5.0
2026-04-11 10:56:55,850 [WARN] PackLoader:240 - Cannot read IP mode file for ITTIA_DB.I-CUBE-ITTIADB.8.9.0
2026-04-11 10:56:55,859 [WARN] PackLoader:240 - Cannot read IP mode file for STMicroelectronics.X-CUBE-NFC6.3.2.0
2026-04-11 10:56:55,868 [WARN] PackLoader:240 - Cannot read IP mode file for STMicroelectronics.X-CUBE-ST67W61.1.0.0
2026-04-11 10:56:55,873 [WARN] PackLoader:240 - Cannot read IP mode file for STMicroelectronics.X-CUBE-AI.10.2.0
2026-04-11 10:56:55,913 [WARN] PackLoader:240 - Cannot read IP mode file for SEGGER.I-CUBE-embOS.1.3.1
2026-04-11 10:56:56,012 [WARN] PackLoader:240 - Cannot read IP mode file for STMicroelectronics.X-CUBE-ALGOBUILD.1.4.0
2026-04-11 10:56:56,115 [WARN] PackLoader:240 - Cannot read IP mode file for STMicroelectronics.X-CUBE-MEMS1.11.3.0
2026-04-11 10:56:56,336 [WARN] PackLoader:240 - Cannot read IP mode file for STMicroelectronics.X-CUBE-AI.9.1.0
2026-04-11 10:56:56,341 [WARN] PackLoader:240 - Cannot read IP mode file for STMicroelectronics.X-CUBE-PM33A1.1.0.0
2026-04-11 10:56:56,347 [WARN] PackLoader:240 - Cannot read IP mode file for STMicroelectronics.X-CUBE-GNSS1.6.0.0
2026-04-11 10:56:56,370 [WARN] PackLoader:240 - Cannot read IP mode file for STMicroelectronics.X-CUBE-AZRTOS-F4.1.1.0
2026-04-11 10:56:56,375 [WARN] PackLoader:240 - Cannot read IP mode file for Avnet-IotConnect.X-CUBE-IoTC-DA16k-PMOD.1.0.0
2026-04-11 10:56:56,379 [WARN] PackLoader:240 - Cannot read IP mode file for STMicroelectronics.X-CUBE-ISPU.2.1.0
2026-04-11 10:56:56,406 [WARN] PackLoader:240 - Cannot read IP mode file for STMicroelectronics.X-CUBE-IPS.3.2.0
2026-04-11 10:56:56,418 [WARN] PackLoader:240 - Cannot read IP mode file for STMicroelectronics.eDS-WB_DPC_TT-BIDIR.2.1.1
2026-04-11 10:56:56,425 [WARN] PackLoader:240 - Cannot read IP mode file for STMicroelectronics.X-CUBE-FREERTOS.1.2.0
2026-04-11 10:56:56,431 [WARN] PackLoader:240 - Cannot read IP mode file for STMicroelectronics.X-CUBE-NFC12.1.0.0
2026-04-11 10:56:56,457 [WARN] PackLoader:240 - Cannot read IP mode file for STMicroelectronics.X-CUBE-AZRTOS-L5.2.0.0
2026-04-11 10:56:56,468 [WARN] PackLoader:240 - Cannot read IP mode file for STMicroelectronics.X-CUBE-NFC6.3.1.0
2026-04-11 10:56:56,477 [WARN] PackLoader:240 - Cannot read IP mode file for STMicroelectronics.X-CUBE-DPower.1.2.0
2026-04-11 10:56:56,480 [WARN] PackLoader:240 - Cannot read IP mode file for STMicroelectronics.eDS-WB_DPC_VIENNA.1.2.0
2026-04-11 10:56:56,483 [WARN] PackLoader:240 - Cannot read IP mode file for STMicroelectronics.eDS-WB_DPC_3PH2L-BIDIR.1.1.1
2026-04-11 10:56:56,487 [WARN] PackLoader:240 - Cannot read IP mode file for STMicroelectronics.X-CUBE-AI.9.0.0
2026-04-11 10:56:56,493 [WARN] PackLoader:240 - Cannot read IP mode file for STMicroelectronics.X-CUBE-FREERTOS.1.3.1
2026-04-11 10:56:56,498 [WARN] PackLoader:240 - Cannot read IP mode file for STMicroelectronics.X-CUBE-FREERTOS.1.3.0
2026-04-11 10:56:56,503 [WARN] PackLoader:240 - Cannot read IP mode file for STMicroelectronics.X-CUBE-NFC7.1.0.1
2026-04-11 10:56:56,509 [WARN] PackLoader:240 - Cannot read IP mode file for wolfSSL.I-CUBE-wolfTPM.3.2.0
2026-04-11 10:56:56,511 [WARN] PackLoader:240 - Cannot read IP mode file for STMicroelectronics.X-CUBE-TOUCHGFX.4.26.0
2026-04-11 10:56:56,514 [WARN] PackLoader:240 - Cannot read IP mode file for STMicroelectronics.X-CUBE-TOUCHGFX.4.26.1
2026-04-11 10:56:56,520 [WARN] PackLoader:240 - Cannot read IP mode file for STMicroelectronics.FP-SNS-STAIOTCFT.1.0.0
2026-04-11 10:56:56,526 [WARN] PackLoader:240 - Cannot read IP mode file for STMicroelectronics.X-CUBE-DPower.1.3.0
2026-04-11 10:56:56,530 [WARN] PackLoader:240 - Cannot read IP mode file for STMicroelectronics.X-CUBE-AI.8.1.0
2026-04-11 10:56:56,558 [WARN] ConditionMgr:438 - getConditionDescription Invalid condition id : LAN8742 Phy interface Condition cause : null
2026-04-11 10:56:56,559 [WARN] PackLoader:240 - Cannot read IP mode file for STMicroelectronics.X-CUBE-AZRTOS-L4.2.0.0
2026-04-11 10:56:56,560 [WARN] ConditionMgr:1044 - genDependencies : Invalid condition id : LAN8742 Phy interface Condition cause : null
2026-04-11 10:56:56,560 [WARN] ConditionMgr:1044 - genDependencies : Invalid condition id : LAN8742 Phy interface Condition cause : null
2026-04-11 10:56:56,561 [WARN] ConditionMgr:1044 - genDependencies : Invalid condition id : LAN8742 Phy interface Condition cause : null
2026-04-11 10:56:56,570 [WARN] PackLoader:240 - Cannot read IP mode file for STMicroelectronics.X-CUBE-SFXS2LP1.4.0.0
2026-04-11 10:56:56,579 [WARN] PackLoader:240 - Cannot read IP mode file for STMicroelectronics.X-CUBE-WB05N.2.1.0
2026-04-11 10:56:56,587 [WARN] PackLoader:240 - Cannot read IP mode file for STMicroelectronics.X-CUBE-ST67W61.1.2.0
2026-04-11 10:56:56,622 [WARN] PackLoader:240 - Cannot read IP mode file for STMicroelectronics.X-CUBE-AZRTOS-H7.3.3.0
2026-04-11 10:56:56,639 [WARN] PackLoader:240 - Cannot read IP mode file for STMicroelectronics.X-CUBE-BLEMGR.4.1.0
2026-04-11 10:56:56,663 [WARN] PackLoader:240 - Cannot read IP mode file for STMicroelectronics.X-CUBE-IPS.3.0.0
2026-04-11 10:56:56,690 [WARN] ConditionMgr:438 - getConditionDescription Invalid condition id : UX DEVICE CLASS RTOS Condition cause : null
2026-04-11 10:56:56,691 [WARN] ConditionMgr:438 - getConditionDescription Invalid condition id : UX DEVICE CLASS RTOS Condition cause : null
2026-04-11 10:56:56,694 [WARN] PackLoader:240 - Cannot read IP mode file for STMicroelectronics.X-CUBE-AZRTOS-WB.2.0.0
2026-04-11 10:56:56,694 [WARN] ConditionMgr:1044 - genDependencies : Invalid condition id : UX DEVICE CLASS RTOS Condition cause : null
2026-04-11 10:56:56,694 [WARN] ConditionMgr:1044 - genDependencies : Invalid condition id : UX DEVICE CLASS RTOS Condition cause : null
2026-04-11 10:56:56,695 [WARN] ConditionMgr:1044 - genDependencies : Invalid condition id : UX DEVICE CLASS RTOS Condition cause : null
2026-04-11 10:56:56,695 [WARN] ConditionMgr:1044 - genDependencies : Invalid condition id : UX DEVICE CLASS RTOS Condition cause : null
2026-04-11 10:56:56,695 [WARN] ConditionMgr:1044 - genDependencies : Invalid condition id : UX DEVICE CLASS RTOS Condition cause : null
2026-04-11 10:56:56,702 [WARN] PackLoader:240 - Cannot read IP mode file for STMicroelectronics.X-CUBE-GNSS1.7.0.0
2026-04-11 10:56:56,709 [WARN] PackLoader:240 - Cannot read IP mode file for STMicroelectronics.X-CUBE-GNSS1.7.0.1
2026-04-11 10:56:56,714 [WARN] PackLoader:240 - Cannot read IP mode file for STMicroelectronics.X-CUBE-TOUCHGFX.4.25.0
2026-04-11 10:56:56,721 [WARN] PackLoader:240 - Cannot read IP mode file for STMicroelectronics.FP-SNS-STBOX1.2.0.0
2026-04-11 10:56:56,732 [WARN] PackLoader:240 - Cannot read IP mode file for STMicroelectronics.X-CUBE-STSE01.2.0.0
2026-04-11 10:56:56,746 [WARN] PackLoader:240 - Cannot read IP mode file for STMicroelectronics.X-CUBE-SUBG2.5.0.0
2026-04-11 10:56:56,777 [WARN] PackLoader:240 - Cannot read IP mode file for STMicroelectronics.X-CUBE-AZRTOS-H7RS.1.1.0
2026-04-11 10:56:56,784 [WARN] PackLoader:240 - Cannot read IP mode file for Cesanta.I-CUBE-Mongoose.7.13.0
2026-04-11 10:56:56,801 [WARN] PackLoader:240 - Cannot read IP mode file for STMicroelectronics.X-CUBE-AZRTOS-G4.2.0.0
2026-04-11 10:56:56,807 [WARN] PackLoader:240 - Cannot read IP mode file for STMicroelectronics.X-CUBE-NFC7.2.0.0
2026-04-11 10:56:56,811 [WARN] PackLoader:240 - Cannot read IP mode file for STMicroelectronics.FP-SNS-MOTENVWB1.1.3.1
2026-04-11 10:56:56,814 [WARN] PackLoader:240 - Cannot read IP mode file for STMicroelectronics.X-CUBE-ISPU.2.0.0
2026-04-11 10:56:56,830 [WARN] PackLoader:240 - Cannot read IP mode file for STMicroelectronics.X-CUBE-IPS.3.1.0
2026-04-11 10:56:56,843 [WARN] PackLoader:240 - Cannot read IP mode file for STMicroelectronics.X-CUBE-ALS.1.0.2
2026-04-11 10:56:56,903 [WARN] PackLoader:240 - Cannot read IP mode file for STMicroelectronics.X-CUBE-MEMS1.10.0.0
2026-04-11 10:56:57,070 [WARN] PackLoader:240 - Cannot read IP mode file for STMicroelectronics.X-CUBE-FREERTOS.1.1.0
2026-04-11 10:56:57,086 [WARN] PackLoader:240 - Cannot read IP mode file for STMicroelectronics.X-CUBE-TOUCHGFX.4.24.0
2026-04-11 10:56:57,093 [WARN] PackLoader:240 - Cannot read IP mode file for STMicroelectronics.X-CUBE-TOUCHGFX.4.24.2
2026-04-11 10:56:57,096 [WARN] PackLoader:240 - Cannot read IP mode file for STMicroelectronics.X-CUBE-TOUCHGFX.4.24.1
2026-04-11 10:56:57,109 [WARN] PackLoader:240 - Cannot read IP mode file for STMicroelectronics.X-CUBE-STSE01.1.0.0
2026-04-11 10:56:57,117 [WARN] PackLoader:240 - Cannot read IP mode file for portGmbH.I-Cube-SoM-uGOAL.1.1.0
2026-04-11 10:56:57,122 [WARN] PackLoader:240 - Cannot read IP mode file for STMicroelectronics.X-CUBE-ALS.1.0.1
2026-04-11 10:56:57,147 [WARN] PackLoader:240 - Cannot read IP mode file for STMicroelectronics.X-CUBE-AZRTOS-H7RS.1.0.0
2026-04-11 10:56:57,154 [WARN] PackLoader:240 - Cannot read IP mode file for STMicroelectronics.FP-ATR-ASTRA1.2.0.0
2026-04-11 10:56:57,167 [WARN] PackLoader:240 - Cannot read IP mode file for STMicroelectronics.X-CUBE-TOF1.3.4.2
2026-04-11 10:56:57,192 [WARN] PackLoader:240 - Cannot read IP mode file for STMicroelectronics.X-CUBE-TOF1.3.4.3
2026-04-11 10:56:57,222 [WARN] PackLoader:240 - Cannot read IP mode file for STMicroelectronics.X-CUBE-TOF1.3.4.1
2026-04-11 10:56:57,262 [WARN] PackLoader:240 - Cannot read IP mode file for STMicroelectronics.X-CUBE-AZRTOS-H7.3.2.0
2026-04-11 10:56:57,276 [WARN] PackLoader:240 - Cannot read IP mode file for Infineon.AIROC-Wi-Fi-Bluetooth-STM32.1.6.0
2026-04-11 10:56:57,366 [WARN] PackLoader:240 - Cannot read IP mode file for wolfSSL.I-CUBE-wolfSSH.1.4.17
2026-04-11 10:56:57,367 [INFO] ThirdParty:978 - Integrity check success = true
2026-04-11 10:56:57,367 [INFO] IntegrityCheckThread:100 - exiting critical section [integrity check]
2026-04-11 10:56:57,367 [INFO] IntegrityCheckThread:103 - End integrity checks thread
2026-04-11 12:07:44,852 [INFO] WebApp:194 - Connection lost
2026-04-11 12:07:59,657 [INFO] WebApp:191 - Connection restablished
2026-04-11 12:19:36,392 [INFO] WebApp:194 - Connection lost
2026-04-11 12:19:40,378 [INFO] WebApp:191 - Connection restablished
2026-04-11 12:20:45,746 [INFO] WebApp:194 - Connection lost
2026-04-11 12:20:50,849 [INFO] WebApp:191 - Connection restablished
2026-04-11 12:29:30,275 [INFO] WebApp:194 - Connection lost
2026-04-11 12:29:34,974 [INFO] WebApp:191 - Connection restablished
2026-04-11 13:02:56,024 [INFO] WebApp:194 - Connection lost
2026-04-11 15:49:58,185 [INFO] WebApp:191 - Connection restablished
2026-04-11 16:12:24,239 [INFO] WebApp:194 - Connection lost
2026-04-11 16:12:28,027 [INFO] WebApp:191 - Connection restablished
2026-04-11 18:15:33,890 [INFO] WebApp:194 - Connection lost
2026-04-11 18:15:40,684 [INFO] WebApp:191 - Connection restablished
2026-04-11 18:30:31,125 [INFO] WebApp:194 - Connection lost
2026-04-11 18:30:34,056 [INFO] WebApp:191 - Connection restablished
2026-04-11 19:05:04,272 [INFO] WebApp:194 - Connection lost
2026-04-11 19:05:29,529 [INFO] WebApp:191 - Connection restablished
2026-04-11 20:14:36,288 [INFO] WebApp:194 - Connection lost
2026-04-11 20:14:39,956 [INFO] WebApp:191 - Connection restablished
2026-04-11 21:15:57,033 [INFO] WebApp:194 - Connection lost
2026-04-11 21:38:56,023 [INFO] WebApp:191 - Connection restablished
2026-04-11 22:12:36,186 [INFO] WebApp:194 - Connection lost
2026-04-11 22:12:38,269 [INFO] WebApp:191 - Connection restablished
2026-04-11 22:21:30,257 [INFO] WebApp:194 - Connection lost
2026-04-11 22:21:34,534 [INFO] WebApp:191 - Connection restablished
