../Core/Src/main.c:103:5:main	48	static
../Core/Src/main.c:213:6:SystemClock_Config	112	static
../Core/Src/main.c:271:13:MX_ADC_Init	16	static
../Core/Src/main.c:338:13:MX_RTC_Init	32	static
../Core/Src/main.c:402:13:MX_SPI1_Init	8	static
../Core/Src/main.c:440:13:MX_TIM21_Init	48	static
../Core/Src/main.c:498:13:MX_USART2_UART_Init	8	static
../Core/Src/main.c:531:13:MX_DMA_Init	16	static
../Core/Src/main.c:552:13:MX_GPIO_Init	48	static
../Core/Src/main.c:641:6:Error_Handler	8	static,ignoring_inline_asm
