../Core/Src/main.c:100:5:main	40	static
../Core/Src/main.c:202:6:SystemClock_Config	112	static
../Core/Src/main.c:260:13:MX_ADC_Init	16	static
../Core/Src/main.c:327:13:MX_RTC_Init	32	static
../Core/Src/main.c:391:13:MX_SPI1_Init	8	static
../Core/Src/main.c:429:13:MX_TIM21_Init	32	static
../Core/Src/main.c:474:13:MX_USART2_UART_Init	8	static
../Core/Src/main.c:507:13:MX_DMA_Init	16	static
../Core/Src/main.c:528:13:MX_GPIO_Init	48	static
../Core/Src/main.c:610:6:HAL_ADC_ConvCpltCallback	16	static,ignoring_inline_asm
../Core/Src/main.c:626:6:Error_Handler	8	static,ignoring_inline_asm
