../Core/Src/main.c:97:6:Enter_AT_Mode_During_Connect	16	static
../Core/Src/main.c:114:5:main	40	static
../Core/Src/main.c:231:6:SystemClock_Config	112	static
../Core/Src/main.c:289:13:MX_ADC_Init	16	static
../Core/Src/main.c:356:13:MX_RTC_Init	32	static
../Core/Src/main.c:420:13:MX_SPI1_Init	8	static
../Core/Src/main.c:458:13:MX_TIM21_Init	48	static
../Core/Src/main.c:516:13:MX_USART2_UART_Init	8	static
../Core/Src/main.c:549:13:MX_DMA_Init	16	static
../Core/Src/main.c:570:13:MX_GPIO_Init	48	static
../Core/Src/main.c:653:6:HAL_UARTEx_RxEventCallback	16	static
../Core/Src/main.c:674:6:Error_Handler	8	static,ignoring_inline_asm
