../Core/Src/main.c:100:5:main	40	static
../Core/Src/main.c:196:6:SystemClock_Config	112	static
../Core/Src/main.c:254:13:MX_ADC_Init	16	static
../Core/Src/main.c:321:13:MX_RTC_Init	32	static
../Core/Src/main.c:385:13:MX_SPI1_Init	8	static
../Core/Src/main.c:423:13:MX_TIM21_Init	32	static
../Core/Src/main.c:468:13:MX_USART2_UART_Init	8	static
../Core/Src/main.c:501:13:MX_DMA_Init	16	static
../Core/Src/main.c:522:13:MX_GPIO_Init	48	static
../Core/Src/main.c:608:6:Error_Handler	8	static,ignoring_inline_asm
