../Core/Src/stm32l0xx_hal_msp.c:66:6:HAL_MspInit	8	static
../Core/Src/stm32l0xx_hal_msp.c:89:6:HAL_ADC_MspInit	48	static
../Core/Src/stm32l0xx_hal_msp.c:144:6:HAL_ADC_MspDeInit	16	static
../Core/Src/stm32l0xx_hal_msp.c:177:6:HAL_RTC_MspInit	16	static
../Core/Src/stm32l0xx_hal_msp.c:200:6:HAL_RTC_MspDeInit	16	static
../Core/Src/stm32l0xx_hal_msp.c:222:6:HAL_SPI_MspInit	48	static
../Core/Src/stm32l0xx_hal_msp.c:260:6:HAL_SPI_MspDeInit	16	static
../Core/Src/stm32l0xx_hal_msp.c:290:6:HAL_TIM_Base_MspInit	16	static
../Core/Src/stm32l0xx_hal_msp.c:313:6:HAL_TIM_Base_MspDeInit	16	static
../Core/Src/stm32l0xx_hal_msp.c:335:6:HAL_UART_MspInit	48	static
../Core/Src/stm32l0xx_hal_msp.c:393:6:HAL_UART_MspDeInit	16	static
