../Core/Src/stm32l0xx_hal_msp.c:66:6:HAL_MspInit	8	static
../Core/Src/stm32l0xx_hal_msp.c:89:6:HAL_ADC_MspInit	48	static
../Core/Src/stm32l0xx_hal_msp.c:141:6:HAL_ADC_MspDeInit	16	static
../Core/Src/stm32l0xx_hal_msp.c:171:6:HAL_RTC_MspInit	16	static
../Core/Src/stm32l0xx_hal_msp.c:194:6:HAL_RTC_MspDeInit	16	static
../Core/Src/stm32l0xx_hal_msp.c:216:6:HAL_SPI_MspInit	48	static
../Core/Src/stm32l0xx_hal_msp.c:254:6:HAL_SPI_MspDeInit	16	static
../Core/Src/stm32l0xx_hal_msp.c:284:6:HAL_TIM_Base_MspInit	16	static
../Core/Src/stm32l0xx_hal_msp.c:307:6:HAL_TIM_Base_MspDeInit	16	static
../Core/Src/stm32l0xx_hal_msp.c:329:6:HAL_UART_MspInit	48	static
../Core/Src/stm32l0xx_hal_msp.c:387:6:HAL_UART_MspDeInit	16	static
