../Core/Src/stm32l0xx_it.c:71:6:NMI_Handler	8	static
../Core/Src/stm32l0xx_it.c:86:6:HardFault_Handler	8	static
../Core/Src/stm32l0xx_it.c:101:6:SVC_Handler	8	static
../Core/Src/stm32l0xx_it.c:114:6:PendSV_Handler	8	static
../Core/Src/stm32l0xx_it.c:127:6:SysTick_Handler	8	static
../Core/Src/stm32l0xx_it.c:148:6:EXTI0_1_IRQHandler	8	static
../Core/Src/stm32l0xx_it.c:162:6:EXTI2_3_IRQHandler	8	static
../Core/Src/stm32l0xx_it.c:176:6:EXTI4_15_IRQHandler	8	static
../Core/Src/stm32l0xx_it.c:193:6:DMA1_Channel1_IRQHandler	8	static
../Core/Src/stm32l0xx_it.c:207:6:DMA1_Channel4_5_6_7_IRQHandler	8	static
../Core/Src/stm32l0xx_it.c:221:6:USART2_IRQHandler	8	static
../Core/Src/stm32l0xx_it.c:233:6:HAL_GPIO_EXTI_Callback	16	static
