../Core/Src/stm32l0xx_hal_msp.c:63:6:HAL_MspInit	8	static
../Core/Src/stm32l0xx_hal_msp.c:86:6:HAL_ADC_MspInit	48	static
../Core/Src/stm32l0xx_hal_msp.c:120:6:HAL_ADC_MspDeInit	16	static
../Core/Src/stm32l0xx_hal_msp.c:148:6:HAL_RTC_MspInit	16	static
../Core/Src/stm32l0xx_hal_msp.c:171:6:HAL_RTC_MspDeInit	16	static
../Core/Src/stm32l0xx_hal_msp.c:193:6:HAL_SPI_MspInit	48	static
../Core/Src/stm32l0xx_hal_msp.c:231:6:HAL_SPI_MspDeInit	16	static
../Core/Src/stm32l0xx_hal_msp.c:261:6:HAL_UART_MspInit	48	static
../Core/Src/stm32l0xx_hal_msp.c:298:6:HAL_UART_MspDeInit	16	static
