../Core/Src/stm32l0xx_it.c:70:6:NMI_Handler	8	static
../Core/Src/stm32l0xx_it.c:85:6:HardFault_Handler	8	static
../Core/Src/stm32l0xx_it.c:100:6:SVC_Handler	8	static
../Core/Src/stm32l0xx_it.c:113:6:PendSV_Handler	8	static
../Core/Src/stm32l0xx_it.c:126:6:SysTick_Handler	8	static
../Core/Src/stm32l0xx_it.c:147:6:EXTI0_1_IRQHandler	8	static
../Core/Src/stm32l0xx_it.c:161:6:EXTI2_3_IRQHandler	8	static
../Core/Src/stm32l0xx_it.c:175:6:EXTI4_15_IRQHandler	8	static
../Core/Src/stm32l0xx_it.c:192:6:DMA1_Channel4_5_6_7_IRQHandler	8	static
../Core/Src/stm32l0xx_it.c:206:6:USART2_IRQHandler	8	static
../Core/Src/stm32l0xx_it.c:218:6:HAL_GPIO_EXTI_Callback	16	static
