../Core/Src/stm32l0xx_hal_msp.c:65:6:HAL_MspInit	8	static
../Core/Src/stm32l0xx_hal_msp.c:88:6:HAL_ADC_MspInit	48	static
../Core/Src/stm32l0xx_hal_msp.c:122:6:HAL_ADC_MspDeInit	16	static
../Core/Src/stm32l0xx_hal_msp.c:150:6:HAL_RTC_MspInit	16	static
../Core/Src/stm32l0xx_hal_msp.c:173:6:HAL_RTC_MspDeInit	16	static
../Core/Src/stm32l0xx_hal_msp.c:195:6:HAL_SPI_MspInit	48	static
../Core/Src/stm32l0xx_hal_msp.c:233:6:HAL_SPI_MspDeInit	16	static
../Core/Src/stm32l0xx_hal_msp.c:263:6:HAL_TIM_PWM_MspInit	16	static
../Core/Src/stm32l0xx_hal_msp.c:280:6:HAL_TIM_MspPostInit	48	static
../Core/Src/stm32l0xx_hal_msp.c:312:6:HAL_TIM_PWM_MspDeInit	16	static
../Core/Src/stm32l0xx_hal_msp.c:334:6:HAL_UART_MspInit	48	static
../Core/Src/stm32l0xx_hal_msp.c:371:6:HAL_UART_MspDeInit	16	static
