../Libs/NRF24/NRF24.c:28:22:DelayMicro	16	static
../Libs/NRF24/NRF24.c:52:9:NRF24_ReadReg	40	static
../Libs/NRF24/NRF24.c:80:6:NRF24_WriteReg	16	static
../Libs/NRF24/NRF24.c:98:6:NRF24_ToggleFeatures	16	static
../Libs/NRF24/NRF24.c:120:6:NRF24_Read_Buf	16	static
../Libs/NRF24/NRF24.c:136:6:NRF24_Write_Buf	16	static
../Libs/NRF24/NRF24.c:158:6:NRF24_FlushRX	16	static
../Libs/NRF24/NRF24.c:176:6:NRF24_FlushTX	16	static
../Libs/NRF24/NRF24.c:196:6:NRF24L01_RX_Mode	24	static
../Libs/NRF24/NRF24.c:225:6:NRF24L01_TX_Mode	16	static
../Libs/NRF24/NRF24.c:244:6:NRF24_Transmit	16	static
../Libs/NRF24/NRF24.c:267:6:NRF24L01_Receive	24	static
../Libs/NRF24/NRF24.c:316:9:NRF24L01_Send	32	static
../Libs/NRF24/NRF24.c:377:6:NRF24_ini	8	static
